Component: ARM Compiler 5.05 update 1 (build 106) Tool: armlink [4d0efa]

==============================================================================

Section Cross References

    main.o(i.RCCConfig) refers to stm32f4xx_rcc.o(i.RCC_HSEConfig) for RCC_HSEConfig
    main.o(i.RCCConfig) refers to stm32f4xx_rcc.o(i.RCC_PLLConfig) for RCC_PLLConfig
    main.o(i.RCCConfig) refers to stm32f4xx_rcc.o(i.RCC_SYSCLKConfig) for RCC_SYSCLKConfig
    main.o(i.RCCConfig) refers to stm32f4xx_rcc.o(i.RCC_HCLKConfig) for RCC_HCLKConfig
    main.o(i.RCCConfig) refers to stm32f4xx_rcc.o(i.RCC_PCLK1Config) for RCC_PCLK1Config
    main.o(i.RCCConfig) refers to stm32f4xx_rcc.o(i.RCC_PCLK2Config) for RCC_PCLK2Config
    main.o(i.RCCConfig) refers to stm32f4xx_rcc.o(i.RCC_PLLCmd) for RCC_PLLCmd
    main.o(i.main) refers to main.o(i.RCCConfig) for RCCConfig
    main.o(i.main) refers to allcontrol.o(i.vAllInit) for vAllInit
    main.o(i.main) refers to allcontrol.o(i.vDroneunLock) for vDroneunLock
    main.o(i.main) refers to allcontrol.o(i.vDroneLock) for vDroneLock
    main.o(i.main) refers to ano_dt.o(i.vSendDataPolling) for vSendDataPolling
    main.o(i.main) refers to system_stm32f4xx.o(.data) for SystemCoreClock
    main.o(i.main) refers to main.o(.data) for MyDrone
    stm32f4xx_it.o(i.EXTI15_10_IRQHandler) refers to stm32f4xx_exti.o(i.EXTI_GetITStatus) for EXTI_GetITStatus
    stm32f4xx_it.o(i.EXTI15_10_IRQHandler) refers to ppm.o(i.vPPMCallback) for vPPMCallback
    stm32f4xx_it.o(i.EXTI15_10_IRQHandler) refers to stm32f4xx_exti.o(i.EXTI_ClearITPendingBit) for EXTI_ClearITPendingBit
    stm32f4xx_it.o(i.SysTick_Handler) refers to main.o(.data) for uSystickCount
    stm32f4xx_it.o(i.TIM2_IRQHandler) refers to stm32f4xx_tim.o(i.TIM_GetITStatus) for TIM_GetITStatus
    stm32f4xx_it.o(i.TIM2_IRQHandler) refers to stm32f4xx_tim.o(i.TIM_ClearITPendingBit) for TIM_ClearITPendingBit
    stm32f4xx_it.o(i.TIM2_IRQHandler) refers to ppm.o(.data) for TIME_ISR_CNT
    stm32f4xx_it.o(i.USART1_IRQHandler) refers to stm32f4xx_usart.o(i.USART_GetITStatus) for USART_GetITStatus
    stm32f4xx_it.o(i.USART1_IRQHandler) refers to stm32f4xx_usart.o(i.USART_ReceiveData) for USART_ReceiveData
    stm32f4xx_it.o(i.USART1_IRQHandler) refers to ano_dt.o(i.vReceiveData) for vReceiveData
    stm32f4xx_it.o(i.USART1_IRQHandler) refers to stm32f4xx_usart.o(i.USART_ClearITPendingBit) for USART_ClearITPendingBit
    system_stm32f4xx.o(i.SystemCoreClockUpdate) refers to system_stm32f4xx.o(.data) for SystemCoreClock
    system_stm32f4xx.o(i.SystemInit) refers to system_stm32f4xx.o(i.SetSysClock) for SetSysClock
    allcontrol.o(i.vAllInit) refers to ppm.o(i.vPPMInit) for vPPMInit
    allcontrol.o(i.vAllInit) refers to usart1.o(i.USART1_init) for USART1_init
    allcontrol.o(i.vAllInit) refers to led.o(i.vLEDInit) for vLEDInit
    allcontrol.o(i.vAllInit) refers to i2c_soft.o(i.I2c_Soft_Init) for I2c_Soft_Init
    allcontrol.o(i.vAllInit) refers to mpu6050.o(i.MPU6050_Init) for MPU6050_Init
    allcontrol.o(i.vAllInit) refers to motor.o(i.vMotorInit) for vMotorInit
    allcontrol.o(i.vAllInit) refers to allcontrol.o(i.vPIDParaInit) for vPIDParaInit
    allcontrol.o(i.vAllInit) refers to filter.o(i.vQuadInit) for vQuadInit
    allcontrol.o(i.vAllInit) refers to main.o(.data) for MyDrone
    allcontrol.o(i.vAllInit) refers to main.o(.bss) for FilterData
    allcontrol.o(i.vDroneControl) refers to pid.o(i.vPIDCalculate) for vPIDCalculate
    allcontrol.o(i.vDroneControl) refers to motor.o(i.vMotorPWMSet) for vMotorPWMSet
    allcontrol.o(i.vDroneControl) refers to allcontrol.o(.data) for uMotor1PWM
    allcontrol.o(i.vDroneControl) refers to main.o(.bss) for FilterData
    allcontrol.o(i.vDroneControl) refers to allcontrol.o(.bss) for PID_Roll_Angle
    allcontrol.o(i.vDroneControl) refers to main.o(.data) for MyDrone
    allcontrol.o(i.vDroneLock) refers to motor.o(i.vMotorLock) for vMotorLock
    allcontrol.o(i.vDroneLock) refers to led.o(i.vLEDDisplay) for vLEDDisplay
    allcontrol.o(i.vDroneLock) refers to remote.o(i.vRemoteDataHandle) for vRemoteDataHandle
    allcontrol.o(i.vDroneLock) refers to ano_dt.o(i.vSendDataPolling) for vSendDataPolling
    allcontrol.o(i.vDroneLock) refers to main.o(.bss) for xLED
    allcontrol.o(i.vDroneLock) refers to main.o(.data) for MyDrone
    allcontrol.o(i.vDroneSatetyCheck) refers to f2d.o(.text) for __aeabi_f2d
    allcontrol.o(i.vDroneSatetyCheck) refers to fabs.o(i.__hardfp_fabs) for __hardfp_fabs
    allcontrol.o(i.vDroneSatetyCheck) refers to cdrcmple.o(.text) for __aeabi_cdrcmple
    allcontrol.o(i.vDroneSatetyCheck) refers to main.o(.bss) for FilterData
    allcontrol.o(i.vDroneSatetyCheck) refers to main.o(.data) for MyDrone
    allcontrol.o(i.vDroneunLock) refers to mpu6050.o(i.MPU6050_Calibration) for MPU6050_Calibration
    allcontrol.o(i.vDroneunLock) refers to led.o(i.vLEDDisplay) for vLEDDisplay
    allcontrol.o(i.vDroneunLock) refers to allcontrol.o(i.vDroneSatetyCheck) for vDroneSatetyCheck
[...]
    ..\STM32F4xx_StdPeriph_Driver\FWLIB\src\stm32f4xx_crc.c 0x00000000   Number         0  stm32f4xx_crc.o ABSOLUTE
    ..\STM32F4xx_StdPeriph_Driver\FWLIB\src\stm32f4xx_cryp.c 0x00000000   Number         0  stm32f4xx_cryp.o ABSOLUTE
    ..\STM32F4xx_StdPeriph_Driver\FWLIB\src\stm32f4xx_cryp_aes.c 0x00000000   Number         0  stm32f4xx_cryp_aes.o ABSOLUTE
    ..\STM32F4xx_StdPeriph_Driver\FWLIB\src\stm32f4xx_cryp_des.c 0x00000000   Number         0  stm32f4xx_cryp_des.o ABSOLUTE
    ..\STM32F4xx_StdPeriph_Driver\FWLIB\src\stm32f4xx_cryp_tdes.c 0x00000000   Number         0  stm32f4xx_cryp_tdes.o ABSOLUTE
    ..\STM32F4xx_StdPeriph_Driver\FWLIB\src\stm32f4xx_dac.c 0x00000000   Number         0  stm32f4xx_dac.o ABSOLUTE
    ..\STM32F4xx_StdPeriph_Driver\FWLIB\src\stm32f4xx_dbgmcu.c 0x00000000   Number         0  stm32f4xx_dbgmcu.o ABSOLUTE
    ..\STM32F4xx_StdPeriph_Driver\FWLIB\src\stm32f4xx_dcmi.c 0x00000000   Number         0  stm32f4xx_dcmi.o ABSOLUTE
    ..\STM32F4xx_StdPeriph_Driver\FWLIB\src\stm32f4xx_dma.c 0x00000000   Number         0  stm32f4xx_dma.o ABSOLUTE
    ..\STM32F4xx_StdPeriph_Driver\FWLIB\src\stm32f4xx_dma2d.c 0x00000000   Number         0  stm32f4xx_dma2d.o ABSOLUTE
    ..\STM32F4xx_StdPeriph_Driver\FWLIB\src\stm32f4xx_exti.c 0x00000000   Number         0  stm32f4xx_exti.o ABSOLUTE
    ..\STM32F4xx_StdPeriph_Driver\FWLIB\src\stm32f4xx_flash.c 0x00000000   Number         0  stm32f4xx_flash.o ABSOLUTE
    ..\STM32F4xx_StdPeriph_Driver\FWLIB\src\stm32f4xx_flash_ramfunc.c 0x00000000   Number         0  stm32f4xx_flash_ramfunc.o ABSOLUTE
    ..\STM32F4xx_StdPeriph_Driver\FWLIB\src\stm32f4xx_fsmc.c 0x00000000   Number         0  stm32f4xx_fsmc.o ABSOLUTE
    ..\STM32F4xx_StdPeriph_Driver\FWLIB\src\stm32f4xx_gpio.c 0x00000000   Number         0  stm32f4xx_gpio.o ABSOLUTE
    ..\STM32F4xx_StdPeriph_Driver\FWLIB\src\stm32f4xx_hash.c 0x00000000   Number         0  stm32f4xx_hash.o ABSOLUTE
    ..\STM32F4xx_StdPeriph_Driver\FWLIB\src\stm32f4xx_hash_md5.c 0x00000000   Number         0  stm32f4xx_hash_md5.o ABSOLUTE
    ..\STM32F4xx_StdPeriph_Driver\FWLIB\src\stm32f4xx_hash_sha1.c 0x00000000   Number         0  stm32f4xx_hash_sha1.o ABSOLUTE
    ..\STM32F4xx_StdPeriph_Driver\FWLIB\src\stm32f4xx_i2c.c 0x00000000   Number         0  stm32f4xx_i2c.o ABSOLUTE
    ..\STM32F4xx_StdPeriph_Driver\FWLIB\src\stm32f4xx_iwdg.c 0x00000000   Number         0  stm32f4xx_iwdg.o ABSOLUTE
    ..\STM32F4xx_StdPeriph_Driver\FWLIB\src\stm32f4xx_ltdc.c 0x00000000   Number         0  stm32f4xx_ltdc.o ABSOLUTE
    ..\STM32F4xx_StdPeriph_Driver\FWLIB\src\stm32f4xx_pwr.c 0x00000000   Number         0  stm32f4xx_pwr.o ABSOLUTE
    ..\STM32F4xx_StdPeriph_Driver\FWLIB\src\stm32f4xx_rcc.c 0x00000000   Number         0  stm32f4xx_rcc.o ABSOLUTE
    ..\STM32F4xx_StdPeriph_Driver\FWLIB\src\stm32f4xx_rng.c 0x00000000   Number         0  stm32f4xx_rng.o ABSOLUTE
    ..\STM32F4xx_StdPeriph_Driver\FWLIB\src\stm32f4xx_rtc.c 0x00000000   Number         0  stm32f4xx_rtc.o ABSOLUTE
    ..\STM32F4xx_StdPeriph_Driver\FWLIB\src\stm32f4xx_sai.c 0x00000000   Number         0  stm32f4xx_sai.o ABSOLUTE
    ..\STM32F4xx_StdPeriph_Driver\FWLIB\src\stm32f4xx_sdio.c 0x00000000   Number         0  stm32f4xx_sdio.o ABSOLUTE
    ..\STM32F4xx_StdPeriph_Driver\FWLIB\src\stm32f4xx_spi.c 0x00000000   Number         0  stm32f4xx_spi.o ABSOLUTE
    ..\STM32F4xx_StdPeriph_Driver\FWLIB\src\stm32f4xx_syscfg.c 0x00000000   Number         0  stm32f4xx_syscfg.o ABSOLUTE
    ..\STM32F4xx_StdPeriph_Driver\FWLIB\src\stm32f4xx_tim.c 0x00000000   Number         0  stm32f4xx_tim.o ABSOLUTE
    ..\STM32F4xx_StdPeriph_Driver\FWLIB\src\stm32f4xx_usart.c 0x00000000   Number         0  stm32f4xx_usart.o ABSOLUTE
    ..\STM32F4xx_StdPeriph_Driver\FWLIB\src\stm32f4xx_wwdg.c 0x00000000   Number         0  stm32f4xx_wwdg.o ABSOLUTE
    ..\\STM32F4xx_StdPeriph_Driver\\FWLIB\\src\\misc.c 0x00000000   Number         0  misc.o ABSOLUTE
    ..\\STM32F4xx_StdPeriph_Driver\\FWLIB\\src\\stm32f4xx_adc.c 0x00000000   Number         0  stm32f4xx_adc.o ABSOLUTE
    ..\\STM32F4xx_StdPeriph_Driver\\FWLIB\\src\\stm32f4xx_can.c 0x00000000   Number         0  stm32f4xx_can.o ABSOLUTE
    ..\\STM32F4xx_StdPeriph_Driver\\FWLIB\\src\\stm32f4xx_crc.c 0x00000000   Number         0  stm32f4xx_crc.o ABSOLUTE
    ..\\STM32F4xx_StdPeriph_Driver\\FWLIB\\src\\stm32f4xx_cryp.c 0x00000000   Number         0  stm32f4xx_cryp.o ABSOLUTE
    ..\\STM32F4xx_StdPeriph_Driver\\FWLIB\\src\\stm32f4xx_cryp_aes.c 0x00000000   Number         0  stm32f4xx_cryp_aes.o ABSOLUTE
    ..\\STM32F4xx_StdPeriph_Driver\\FWLIB\\src\\stm32f4xx_cryp_des.c 0x00000000   Number         0  stm32f4xx_cryp_des.o ABSOLUTE
    ..\\STM32F4xx_StdPeriph_Driver\\FWLIB\\src\\stm32f4xx_cryp_tdes.c 0x00000000   Number         0  stm32f4xx_cryp_tdes.o ABSOLUTE
    ..\\STM32F4xx_StdPeriph_Driver\\FWLIB\\src\\stm32f4xx_dac.c 0x00000000   Number         0  stm32f4xx_dac.o ABSOLUTE
    ..\\STM32F4xx_StdPeriph_Driver\\FWLIB\\src\\stm32f4xx_dbgmcu.c 0x00000000   Number         0  stm32f4xx_dbgmcu.o ABSOLUTE
    ..\\STM32F4xx_StdPeriph_Driver\\FWLIB\\src\\stm32f4xx_dcmi.c 0x00000000   Number         0  stm32f4xx_dcmi.o ABSOLUTE
    ..\\STM32F4xx_StdPeriph_Driver\\FWLIB\\src\\stm32f4xx_dma.c 0x00000000   Number         0  stm32f4xx_dma.o ABSOLUTE
    ..\\STM32F4xx_StdPeriph_Driver\\FWLIB\\src\\stm32f4xx_dma2d.c 0x00000000   Number         0  stm32f4xx_dma2d.o ABSOLUTE
    ..\\STM32F4xx_StdPeriph_Driver\\FWLIB\\src\\stm32f4xx_exti.c 0x00000000   Number         0  stm32f4xx_exti.o ABSOLUTE
    ..\\STM32F4xx_StdPeriph_Driver\\FWLIB\\src\\stm32f4xx_flash.c 0x00000000   Number         0  stm32f4xx_flash.o ABSOLUTE
    ..\\STM32F4xx_StdPeriph_Driver\\FWLIB\\src\\stm32f4xx_flash_ramfunc.c 0x00000000   Number         0  stm32f4xx_flash_ramfunc.o ABSOLUTE
    ..\\STM32F4xx_StdPeriph_Driver\\FWLIB\\src\\stm32f4xx_fsmc.c 0x00000000   Number         0  stm32f4xx_fsmc.o ABSOLUTE
    ..\\STM32F4xx_StdPeriph_Driver\\FWLIB\\src\\stm32f4xx_gpio.c 0x00000000   Number         0  stm32f4xx_gpio.o ABSOLUTE
    ..\\STM32F4xx_StdPeriph_Driver\\FWLIB\\src\\stm32f4xx_hash.c 0x00000000   Number         0  stm32f4xx_hash.o ABSOLUTE
    ..\\STM32F4xx_StdPeriph_Driver\\FWLIB\\src\\stm32f4xx_hash_md5.c 0x00000000   Number         0  stm32f4xx_hash_md5.o ABSOLUTE
    ..\\STM32F4xx_StdPeriph_Driver\\FWLIB\\src\\stm32f4xx_hash_sha1.c 0x00000000   Number         0  stm32f4xx_hash_sha1.o ABSOLUTE
    ..\\STM32F4xx_StdPeriph_Driver\\FWLIB\\src\\stm32f4xx_i2c.c 0x00000000   Number         0  stm32f4xx_i2c.o ABSOLUTE
    ..\\STM32F4xx_StdPeriph_Driver\\FWLIB\\src\\stm32f4xx_iwdg.c 0x00000000   Number         0  stm32f4xx_iwdg.o ABSOLUTE
    ..\\STM32F4xx_StdPeriph_Driver\\FWLIB\\src\\stm32f4xx_ltdc.c 0x00000000   Number         0  stm32f4xx_ltdc.o ABSOLUTE
    ..\\STM32F4xx_StdPeriph_Driver\\FWLIB\\src\\stm32f4xx_pwr.c 0x00000000   Number         0  stm32f4xx_pwr.o ABSOLUTE
    ..\\STM32F4xx_StdPeriph_Driver\\FWLIB\\src\\stm32f4xx_rcc.c 0x00000000   Number         0  stm32f4xx_rcc.o ABSOLUTE
    ..\\STM32F4xx_StdPeriph_Driver\\FWLIB\\src\\stm32f4xx_rng.c 0x00000000   Number         0  stm32f4xx_rng.o ABSOLUTE
    ..\\STM32F4xx_StdPeriph_Driver\\FWLIB\\src\\stm32f4xx_rtc.c 0x00000000   Number         0  stm32f4xx_rtc.o ABSOLUTE
    ..\\STM32F4xx_StdPeriph_Driver\\FWLIB\\src\\stm32f4xx_sai.c 0x00000000   Number         0  stm32f4xx_sai.o ABSOLUTE
    ..\\STM32F4xx_StdPeriph_Driver\\FWLIB\\src\\stm32f4xx_sdio.c 0x00000000   Number         0  stm32f4xx_sdio.o ABSOLUTE
    ..\\STM32F4xx_StdPeriph_Driver\\FWLIB\\src\\stm32f4xx_spi.c 0x00000000   Number         0  stm32f4xx_spi.o ABSOLUTE
    ..\\STM32F4xx_StdPeriph_Driver\\FWLIB\\src\\stm32f4xx_syscfg.c 0x00000000   Number         0  stm32f4xx_syscfg.o ABSOLUTE
    ..\\STM32F4xx_StdPeriph_Driver\\FWLIB\\src\\stm32f4xx_tim.c 0x00000000   Number         0  stm32f4xx_tim.o ABSOLUTE
    ..\\STM32F4xx_StdPeriph_Driver\\FWLIB\\src\\stm32f4xx_usart.c 0x00000000   Number         0  stm32f4xx_usart.o ABSOLUTE
    ..\\STM32F4xx_StdPeriph_Driver\\FWLIB\\src\\stm32f4xx_wwdg.c 0x00000000   Number         0  stm32f4xx_wwdg.o ABSOLUTE
    ..\\communicate\\ANO_DT.c                0x00000000   Number         0  ano_dt.o ABSOLUTE
    ..\\dev\\AT24C02.c                       0x00000000   Number         0  at24c02.o ABSOLUTE
    ..\\dev\\led.c                           0x00000000   Number         0  led.o ABSOLUTE
    ..\\dev\\motor.c                         0x00000000   Number         0  motor.o ABSOLUTE
    ..\\dev\\mpu6050.c                       0x00000000   Number         0  mpu6050.o ABSOLUTE
    ..\\dev\\remote.c                        0x00000000   Number         0  remote.o ABSOLUTE
    ..\\drv\\ADC.c                           0x00000000   Number         0  adc.o ABSOLUTE
    ..\\drv\\CAN.c                           0x00000000   Number         0  can.o ABSOLUTE
    ..\\drv\\I2C_hardware.c                  0x00000000   Number         0  i2c_hardware.o ABSOLUTE
    ..\\drv\\I2C_soft.c                      0x00000000   Number         0  i2c_soft.o ABSOLUTE
    ..\\drv\\SPI.c                           0x00000000   Number         0  spi.o ABSOLUTE
    ..\\drv\\TIM.c                           0x00000000   Number         0  tim.o ABSOLUTE
    ..\\drv\\USART1.c                        0x00000000   Number         0  usart1.o ABSOLUTE
    ..\\drv\\USART2.c                        0x00000000   Number         0  usart2.o ABSOLUTE
    ..\\drv\\USART3.c                        0x00000000   Number         0  usart3.o ABSOLUTE
    ..\\drv\\USART4.c                        0x00000000   Number         0  usart4.o ABSOLUTE
    ..\\drv\\USART5.c                        0x00000000   Number         0  usart5.o ABSOLUTE
    ..\\drv\\USART6.c                        0x00000000   Number         0  usart6.o ABSOLUTE
    ..\\drv\\pid.c                           0x00000000   Number         0  pid.o ABSOLUTE
    ..\\drv\\ppm.c                           0x00000000   Number         0  ppm.o ABSOLUTE
    ..\\filter\\filter.c                     0x00000000   Number         0  filter.o ABSOLUTE
    ..\\other\\delay.c                       0x00000000   Number         0  delay.o ABSOLUTE
    ..\communicate\ANO_DT.c                  0x00000000   Number         0  ano_dt.o ABSOLUTE
    ..\dev\AT24C02.c                         0x00000000   Number         0  at24c02.o ABSOLUTE
    ..\dev\led.c                             0x00000000   Number         0  led.o ABSOLUTE
    ..\dev\motor.c                           0x00000000   Number         0  motor.o ABSOLUTE
    ..\dev\mpu6050.c                         0x00000000   Number         0  mpu6050.o ABSOLUTE
    ..\dev\remote.c                          0x00000000   Number         0  remote.o ABSOLUTE
    ..\drv\ADC.c                             0x00000000   Number         0  adc.o ABSOLUTE
    ..\drv\CAN.c                             0x00000000   Number         0  can.o ABSOLUTE
    ..\drv\I2C_hardware.c                    0x00000000   Number         0  i2c_hardware.o ABSOLUTE
    ..\drv\I2C_soft.c                        0x00000000   Number         0  i2c_soft.o ABSOLUTE
    ..\drv\SPI.c                             0x00000000   Number         0  spi.o ABSOLUTE
    ..\drv\TIM.c                             0x00000000   Number         0  tim.o ABSOLUTE
    ..\drv\USART1.c                          0x00000000   Number         0  usart1.o ABSOLUTE
    ..\drv\USART2.c                          0x00000000   Number         0  usart2.o ABSOLUTE
    ..\drv\USART3.c                          0x00000000   Number         0  usart3.o ABSOLUTE
    ..\drv\USART4.c                          0x00000000   Number         0  usart4.o ABSOLUTE
    ..\drv\USART5.c                          0x00000000   Number         0  usart5.o ABSOLUTE
    ..\drv\USART6.c                          0x00000000   Number         0  usart6.o ABSOLUTE
    ..\drv\pid.c                             0x00000000   Number         0  pid.o ABSOLUTE
    ..\drv\ppm.c                             0x00000000   Number         0  ppm.o ABSOLUTE
    ..\filter\filter.c                       0x00000000   Number         0  filter.o ABSOLUTE
    ..\other\delay.c                         0x00000000   Number         0  delay.o ABSOLUTE
    allcontrol.c                             0x00000000   Number         0  allcontrol.o ABSOLUTE
    allcontrol.c                             0x00000000   Number         0  allcontrol.o ABSOLUTE
    cdcmple.s                                0x00000000   Number         0  cdcmple.o ABSOLUTE
    cdrcmple.s                               0x00000000   Number         0  cdrcmple.o ABSOLUTE
    dc.s                                     0x00000000   Number         0  dc.o ABSOLUTE
    handlers.s                               0x00000000   Number         0  handlers.o ABSOLUTE
    init.s                                   0x00000000   Number         0  init.o ABSOLUTE
    main.c                                   0x00000000   Number         0  main.o ABSOLUTE
    main.c                                   0x00000000   Number         0  main.o ABSOLUTE
    stm32f4xx_it.c                           0x00000000   Number         0  stm32f4xx_it.o ABSOLUTE
    stm32f4xx_it.c                           0x00000000   Number         0  stm32f4xx_it.o ABSOLUTE
    system_stm32f4xx.c                       0x00000000   Number         0  system_stm32f4xx.o ABSOLUTE
    system_stm32f4xx.c                       0x00000000   Number         0  system_stm32f4xx.o ABSOLUTE
    RESET                                    0x08000000   Section      392  startup_stm32f40_41xxx.o(RESET)
    .ARM.Collect$$$$00000000                 0x08000188   Section        0  entry.o(.ARM.Collect$$$$00000000)
    .ARM.Collect$$$$00000001                 0x08000188   Section        4  entry2.o(.ARM.Collect$$$$00000001)
    .ARM.Collect$$$$00000004                 0x0800018c   Section        4  entry5.o(.ARM.Collect$$$$00000004)
    .ARM.Collect$$$$00000008                 0x08000190   Section        0  entry7b.o(.ARM.Collect$$$$00000008)
    .ARM.Collect$$$$0000000A                 0x08000190   Section        0  entry8b.o(.ARM.Collect$$$$0000000A)
    .ARM.Collect$$$$0000000B                 0x08000190   Section        8  entry9a.o(.ARM.Collect$$$$0000000B)
    .ARM.Collect$$$$0000000D                 0x08000198   Section        0  entry10a.o(.ARM.Collect$$$$0000000D)
    .ARM.Collect$$$$0000000F                 0x08000198   Section        0  entry11a.o(.ARM.Collect$$$$0000000F)
    .ARM.Collect$$$$00002712                 0x08000198   Section        4  entry2.o(.ARM.Collect$$$$00002712)
    __lit__00000000                          0x08000198   Data           4  entry2.o(.ARM.Collect$$$$00002712)
    .text                                    0x0800019c   Section       36  startup_stm32f40_41xxx.o(.text)
    $v0                                      0x0800019c   Number         0  startup_stm32f40_41xxx.o(.text)
    .text                                    0x080001c0   Section        0  memcpya.o(.text)
    .text                                    0x080001e4   Section        0  memseta.o(.text)
    .text                                    0x08000208   Section        0  dmul.o(.text)
    .text                                    0x080002ec   Section        0  dfltui.o(.text)
    .text                                    0x08000306   Section        0  dfixi.o(.text)
    .text                                    0x08000344   Section        0  f2d.o(.text)
    .text                                    0x0800036c   Section       48  cdcmple.o(.text)
    .text                                    0x0800039c   Section       48  cdrcmple.o(.text)
    .text                                    0x080003cc   Section        0  d2f.o(.text)
    .text                                    0x08000404   Section        0  llushr.o(.text)
    .text                                    0x08000424   Section        0  iusefp.o(.text)
    .text                                    0x08000424   Section        0  fepilogue.o(.text)
    .text                                    0x08000492   Section        0  depilogue.o(.text)
    .text                                    0x0800054c   Section        0  dadd.o(.text)
    .text                                    0x0800069a   Section        0  ddiv.o(.text)
    .text                                    0x08000778   Section        0  dsqrt.o(.text)
    .text                                    0x0800081c   Section       36  init.o(.text)
    .text                                    0x08000840   Section        0  llshl.o(.text)
    .text                                    0x0800085e   Section        0  llsshr.o(.text)
    i.BusFault_Handler                       0x08000882   Section        0  stm32f4xx_it.o(i.BusFault_Handler)
    i.DMA1_Stream6_IRQHandler                0x08000888   Section        0  usart2.o(i.DMA1_Stream6_IRQHandler)
    i.DebugMon_Handler                       0x080008b0   Section        0  stm32f4xx_it.o(i.DebugMon_Handler)
    i.EXTI15_10_IRQHandler                   0x080008b2   Section        0  stm32f4xx_it.o(i.EXTI15_10_IRQHandler)
    i.EXTI_ClearITPendingBit                 0x080008d0   Section        0  stm32f4xx_exti.o(i.EXTI_ClearITPendingBit)
    i.EXTI_GetITStatus                       0x080008dc   Section        0  stm32f4xx_exti.o(i.EXTI_GetITStatus)
    i.EXTI_Init                              0x080008f4   Section        0  stm32f4xx_exti.o(i.EXTI_Init)
    i.FindPos                                0x08000988   Section        0  mpu6050.o(i.FindPos)
    FindPos                                  0x08000989   Thumb Code   120  mpu6050.o(i.FindPos)
    i.GPIO_Init                              0x08000a00   Section        0  stm32f4xx_gpio.o(i.GPIO_Init)
    i.GPIO_PinAFConfig                       0x08000a90   Section        0  stm32f4xx_gpio.o(i.GPIO_PinAFConfig)
    i.GPIO_SetBits                           0x08000ad6   Section        0  stm32f4xx_gpio.o(i.GPIO_SetBits)
    i.GPIO_StructInit                        0x08000ada   Section        0  stm32f4xx_gpio.o(i.GPIO_StructInit)
    i.HardFault_Handler                      0x08000aec   Section        0  stm32f4xx_it.o(i.HardFault_Handler)
    i.I2c_Soft_Ask                           0x08000af0   Section        0  i2c_soft.o(i.I2c_Soft_Ask)
    i.I2c_Soft_Init                          0x08000b24   Section        0  i2c_soft.o(i.I2c_Soft_Init)
    i.I2c_Soft_NoAsk                         0x08000b58   Section        0  i2c_soft.o(i.I2c_Soft_NoAsk)
    i.I2c_Soft_ReadByte                      0x08000b8c   Section        0  i2c_soft.o(i.I2c_Soft_ReadByte)
    i.I2c_Soft_SendByte                      0x08000bec   Section        0  i2c_soft.o(i.I2c_Soft_SendByte)
    i.I2c_Soft_Start                         0x08000c40   Section        0  i2c_soft.o(i.I2c_Soft_Start)
    i.I2c_Soft_Stop                          0x08000c98   Section        0  i2c_soft.o(i.I2c_Soft_Stop)
    i.I2c_Soft_WaitAsk                       0x08000ccc   Section        0  i2c_soft.o(i.I2c_Soft_WaitAsk)
    i.I2c_Soft_delay                         0x08000d24   Section        0  i2c_soft.o(i.I2c_Soft_delay)
    i.IIC_Read_nByte                         0x08000d54   Section        0  i2c_soft.o(i.IIC_Read_nByte)
    i.IIC_Write_1Byte                        0x08000dd2   Section        0  i2c_soft.o(i.IIC_Write_1Byte)
    i.MPU6050_AccFilter                      0x08000e10   Section        0  mpu6050.o(i.MPU6050_AccFilter)
    MPU6050_AccFilter                        0x08000e11   Thumb Code   136  mpu6050.o(i.MPU6050_AccFilter)
    i.MPU6050_AccRawToMS2                    0x08000ea4   Section        0  mpu6050.o(i.MPU6050_AccRawToMS2)
    MPU6050_AccRawToMS2                      0x08000ea5   Thumb Code    50  mpu6050.o(i.MPU6050_AccRawToMS2)
    i.MPU6050_ByteWrite                      0x08000edc   Section        0  mpu6050.o(i.MPU6050_ByteWrite)
    MPU6050_ByteWrite                        0x08000edd   Thumb Code    20  mpu6050.o(i.MPU6050_ByteWrite)
    i.MPU6050_Calibration                    0x08000ef0   Section        0  mpu6050.o(i.MPU6050_Calibration)
    i.MPU6050_GetGyroAccData                 0x0800101c   Section        0  mpu6050.o(i.MPU6050_GetGyroAccData)
    i.MPU6050_GyroFilter                     0x08001110   Section        0  mpu6050.o(i.MPU6050_GyroFilter)
    MPU6050_GyroFilter                       0x08001111   Thumb Code   186  mpu6050.o(i.MPU6050_GyroFilter)
    i.MPU6050_GyroRawToRadian                0x080011d4   Section        0  mpu6050.o(i.MPU6050_GyroRawToRadian)
    MPU6050_GyroRawToRadian                  0x080011d5   Thumb Code    50  mpu6050.o(i.MPU6050_GyroRawToRadian)
    i.MPU6050_Init                           0x0800120c   Section        0  mpu6050.o(i.MPU6050_Init)
    i.MPU6050_RawDataHandle                  0x08001238   Section        0  mpu6050.o(i.MPU6050_RawDataHandle)
    i.MPU6050_ReadNByte                      0x08001256   Section        0  mpu6050.o(i.MPU6050_ReadNByte)
    MPU6050_ReadNByte                        0x08001257   Thumb Code    28  mpu6050.o(i.MPU6050_ReadNByte)
    i.MemManage_Handler                      0x08001272   Section        0  stm32f4xx_it.o(i.MemManage_Handler)
    i.NMI_Handler                            0x08001276   Section        0  stm32f4xx_it.o(i.NMI_Handler)
    i.NVIC_Init                              0x08001278   Section        0  misc.o(i.NVIC_Init)
    i.PendSV_Handler                         0x080012f0   Section        0  stm32f4xx_it.o(i.PendSV_Handler)
    i.QuiteSort                              0x080012f2   Section        0  mpu6050.o(i.QuiteSort)
    QuiteSort                                0x080012f3   Thumb Code    56  mpu6050.o(i.QuiteSort)
    i.RCCConfig                              0x0800132a   Section        0  main.o(i.RCCConfig)
    i.RCC_AHB1PeriphClockCmd                 0x08001368   Section        0  stm32f4xx_rcc.o(i.RCC_AHB1PeriphClockCmd)
    i.RCC_APB1PeriphClockCmd                 0x08001388   Section        0  stm32f4xx_rcc.o(i.RCC_APB1PeriphClockCmd)
    i.RCC_APB2PeriphClockCmd                 0x080013a8   Section        0  stm32f4xx_rcc.o(i.RCC_APB2PeriphClockCmd)
    i.RCC_GetClocksFreq                      0x080013c8   Section        0  stm32f4xx_rcc.o(i.RCC_GetClocksFreq)
    i.RCC_HCLKConfig                         0x080014b0   Section        0  stm32f4xx_rcc.o(i.RCC_HCLKConfig)
    i.RCC_HSEConfig                          0x080014c8   Section        0  stm32f4xx_rcc.o(i.RCC_HSEConfig)
    i.RCC_PCLK1Config                        0x080014d8   Section        0  stm32f4xx_rcc.o(i.RCC_PCLK1Config)
    i.RCC_PCLK2Config                        0x080014f0   Section        0  stm32f4xx_rcc.o(i.RCC_PCLK2Config)
    i.RCC_PLLCmd                             0x08001508   Section        0  stm32f4xx_rcc.o(i.RCC_PLLCmd)
    i.RCC_PLLConfig                          0x08001514   Section        0  stm32f4xx_rcc.o(i.RCC_PLLConfig)
    i.RCC_SYSCLKConfig                       0x08001538   Section        0  stm32f4xx_rcc.o(i.RCC_SYSCLKConfig)
    i.SVC_Handler                            0x08001550   Section        0  stm32f4xx_it.o(i.SVC_Handler)
    i.SYSCFG_EXTILineConfig                  0x08001554   Section        0  stm32f4xx_syscfg.o(i.SYSCFG_EXTILineConfig)
    i.SetSysClock                            0x08001594   Section        0  system_stm32f4xx.o(i.SetSysClock)
    SetSysClock                              0x08001595   Thumb Code   220  system_stm32f4xx.o(i.SetSysClock)
    i.SortAver_FilterXYZ                     0x08001680   Section        0  mpu6050.o(i.SortAver_FilterXYZ)
    SortAver_FilterXYZ                       0x08001681   Thumb Code   272  mpu6050.o(i.SortAver_FilterXYZ)
    i.SysTick_Handler                        0x080017a8   Section        0  stm32f4xx_it.o(i.SysTick_Handler)
    i.SystemInit                             0x080017b8   Section        0  system_stm32f4xx.o(i.SystemInit)
    i.TIM2_IRQHandler                        0x08001820   Section        0  stm32f4xx_it.o(i.TIM2_IRQHandler)
    i.TIM_ARRPreloadConfig                   0x08001844   Section        0  stm32f4xx_tim.o(i.TIM_ARRPreloadConfig)
    i.TIM_ClearITPendingBit                  0x0800185c   Section        0  stm32f4xx_tim.o(i.TIM_ClearITPendingBit)
    i.TIM_Cmd                                0x08001862   Section        0  stm32f4xx_tim.o(i.TIM_Cmd)
    i.TIM_CtrlPWMOutputs                     0x0800187a   Section        0  stm32f4xx_tim.o(i.TIM_CtrlPWMOutputs)
    i.TIM_GetITStatus                        0x08001898   Section        0  stm32f4xx_tim.o(i.TIM_GetITStatus)
    i.TIM_ITConfig                           0x080018ba   Section        0  stm32f4xx_tim.o(i.TIM_ITConfig)
    i.TIM_OC1Init                            0x080018cc   Section        0  stm32f4xx_tim.o(i.TIM_OC1Init)
    i.TIM_OC1PreloadConfig                   0x08001948   Section        0  stm32f4xx_tim.o(i.TIM_OC1PreloadConfig)
    i.TIM_OC2Init                            0x0800195c   Section        0  stm32f4xx_tim.o(i.TIM_OC2Init)
    i.TIM_OC2PreloadConfig                   0x08001a00   Section        0  stm32f4xx_tim.o(i.TIM_OC2PreloadConfig)
    i.TIM_OC3Init                            0x08001a1c   Section        0  stm32f4xx_tim.o(i.TIM_OC3Init)
    i.TIM_OC3PreloadConfig                   0x08001abc   Section        0  stm32f4xx_tim.o(i.TIM_OC3PreloadConfig)
    i.TIM_OC4Init                            0x08001ad0   Section        0  stm32f4xx_tim.o(i.TIM_OC4Init)
    i.TIM_OC4PreloadConfig                   0x08001b48   Section        0  stm32f4xx_tim.o(i.TIM_OC4PreloadConfig)
    i.TIM_OCStructInit                       0x08001b62   Section        0  stm32f4xx_tim.o(i.TIM_OCStructInit)
    i.TIM_TimeBaseInit                       0x08001b78   Section        0  stm32f4xx_tim.o(i.TIM_TimeBaseInit)
    i.TIM_TimeBaseStructInit                 0x08001bfc   Section        0  stm32f4xx_tim.o(i.TIM_TimeBaseStructInit)
    i.UART5_IRQHandler                       0x08001c10   Section        0  usart5.o(i.UART5_IRQHandler)
    i.USART1_IRQHandler                      0x08001c78   Section        0  stm32f4xx_it.o(i.USART1_IRQHandler)
    i.USART1_Send                            0x08001ca8   Section        0  usart1.o(i.USART1_Send)
    i.USART1_init                            0x08001cd4   Section        0  usart1.o(i.USART1_init)
    i.USART3_IRQHandler                      0x08001d80   Section        0  usart3.o(i.USART3_IRQHandler)
    i.USART_ClearITPendingBit                0x08001d94   Section        0  stm32f4xx_usart.o(i.USART_ClearITPendingBit)
    i.USART_Cmd                              0x08001db2   Section        0  stm32f4xx_usart.o(i.USART_Cmd)
    i.USART_GetITStatus                      0x08001dca   Section        0  stm32f4xx_usart.o(i.USART_GetITStatus)
    i.USART_ITConfig                         0x08001e1e   Section        0  stm32f4xx_usart.o(i.USART_ITConfig)
    i.USART_Init                             0x08001e68   Section        0  stm32f4xx_usart.o(i.USART_Init)
    i.USART_ReceiveData                      0x08001f3c   Section        0  stm32f4xx_usart.o(i.USART_ReceiveData)
    i.UsageFault_Handler                     0x08001f46   Section        0  stm32f4xx_it.o(i.UsageFault_Handler)
    i.__ARM_fpclassify                       0x08001f4a   Section        0  fpclassify.o(i.__ARM_fpclassify)
    i.__hardfp_asin                          0x08001f80   Section        0  asin.o(i.__hardfp_asin)
    i.__hardfp_atan                          0x080022e0   Section        0  atan.o(i.__hardfp_atan)
    i.__hardfp_atan2                         0x080025b8   Section        0  atan2.o(i.__hardfp_atan2)
    i.__hardfp_fabs                          0x080027a8   Section        0  fabs.o(i.__hardfp_fabs)
    i.__hardfp_sqrt                          0x080027bc   Section        0  sqrt.o(i.__hardfp_sqrt)
    i.__kernel_poly                          0x08002836   Section        0  poly.o(i.__kernel_poly)
    i.__mathlib_dbl_infnan                   0x0800292e   Section        0  dunder.o(i.__mathlib_dbl_infnan)
    i.__mathlib_dbl_infnan2                  0x08002942   Section        0  dunder.o(i.__mathlib_dbl_infnan2)
    i.__mathlib_dbl_invalid                  0x08002958   Section        0  dunder.o(i.__mathlib_dbl_invalid)
    i.__mathlib_dbl_underflow                0x08002978   Section        0  dunder.o(i.__mathlib_dbl_underflow)
    i.__scatterload_copy                     0x08002998   Section       14  handlers.o(i.__scatterload_copy)
    i.__scatterload_null                     0x080029a6   Section        2  handlers.o(i.__scatterload_null)
    i.__scatterload_zeroinit                 0x080029a8   Section       14  handlers.o(i.__scatterload_zeroinit)
    i.__set_errno                            0x080029b8   Section        0  errno.o(i.__set_errno)
    i.atan                                   0x080029c4   Section        0  atan.o(i.atan)
    i.fabs                                   0x080029d4   Section        0  fabs.o(i.fabs)
    i.free                                   0x080029ec   Section        0  malloc.o(i.free)
    i.main                                   0x08002a3c   Section        0  main.o(i.main)
    i.malloc                                 0x08002ac8   Section        0  malloc.o(i.malloc)
    i.sqrt                                   0x08002b34   Section        0  sqrt.o(i.sqrt)
    i.vAllInit                               0x08002ba4   Section        0  allcontrol.o(i.vAllInit)
    i.vComFilter                             0x08002bdc   Section        0  filter.o(i.vComFilter)
    i.vDroneControl                          0x08002f44   Section        0  allcontrol.o(i.vDroneControl)
    vDroneControl                            0x08002f45   Thumb Code   428  allcontrol.o(i.vDroneControl)
    i.vDroneLock                             0x08003128   Section        0  allcontrol.o(i.vDroneLock)
    i.vDroneSatetyCheck                      0x0800317c   Section        0  allcontrol.o(i.vDroneSatetyCheck)
    vDroneSatetyCheck                        0x0800317d   Thumb Code   250  allcontrol.o(i.vDroneSatetyCheck)
    i.vDroneunLock                           0x08003294   Section        0  allcontrol.o(i.vDroneunLock)
    i.vIMUCalculation                        0x08003380   Section        0  allcontrol.o(i.vIMUCalculation)
    vIMUCalculation                          0x08003381   Thumb Code    82  allcontrol.o(i.vIMUCalculation)
    i.vLEDDisplay                            0x080033d4   Section        0  led.o(i.vLEDDisplay)
    i.vLEDInit                               0x0800345c   Section        0  led.o(i.vLEDInit)
    i.vMotorInit                             0x080034ac   Section        0  motor.o(i.vMotorInit)
    i.vMotorLock                             0x080035e8   Section        0  motor.o(i.vMotorLock)
    i.vMotorPWMSet                           0x080035f8   Section        0  motor.o(i.vMotorPWMSet)
    i.vPIDCalculate                          0x08003638   Section        0  pid.o(i.vPIDCalculate)
    i.vPIDParaInit                           0x0800371c   Section        0  allcontrol.o(i.vPIDParaInit)
    vPIDParaInit                             0x0800371d   Thumb Code   314  allcontrol.o(i.vPIDParaInit)
    i.vPPMCallback                           0x080038ac   Section        0  ppm.o(i.vPPMCallback)
    i.vPPMInit                               0x080039b0   Section        0  ppm.o(i.vPPMInit)
    i.vQuadInit                              0x08003a34   Section        0  filter.o(i.vQuadInit)
    i.vQuadToEuler                           0x08003a64   Section        0  filter.o(i.vQuadToEuler)
    i.vReceiveData                           0x08003c08   Section        0  ano_dt.o(i.vReceiveData)
    i.vRemoteDataHandle                      0x08003c30   Section        0  remote.o(i.vRemoteDataHandle)
    i.vSendDataPolling                       0x08003db0   Section        0  ano_dt.o(i.vSendDataPolling)
    i.vSendDataPort                          0x080041c8   Section        0  ano_dt.o(i.vSendDataPort)
    vSendDataPort                            0x080041c9   Thumb Code    16  ano_dt.o(i.vSendDataPort)
    i.vSendOneFrame                          0x080041d8   Section        0  ano_dt.o(i.vSendOneFrame)
    vSendOneFrame                            0x080041d9   Thumb Code   120  ano_dt.o(i.vSendOneFrame)
    i.vSetLEDColor                           0x08004250   Section        0  led.o(i.vSetLEDColor)
    vSetLEDColor                             0x08004251   Thumb Code   146  led.o(i.vSetLEDColor)
    i.vSetLEDToggle                          0x080042e8   Section        0  led.o(i.vSetLEDToggle)
    vSetLEDToggle                            0x080042e9   Thumb Code   216  led.o(i.vSetLEDToggle)
    i.vTIM2Init                              0x080043c8   Section        0  tim.o(i.vTIM2Init)
    .constdata                               0x08004420   Section       80  asin.o(.constdata)
    pS                                       0x08004420   Data          48  asin.o(.constdata)
    qS                                       0x08004450   Data          32  asin.o(.constdata)
    .constdata                               0x08004470   Section      152  atan.o(.constdata)
    atanhi                                   0x08004470   Data          32  atan.o(.constdata)
    atanlo                                   0x08004490   Data          32  atan.o(.constdata)
    aTodd                                    0x080044b0   Data          40  atan.o(.constdata)
    aTeven                                   0x080044d8   Data          48  atan.o(.constdata)
    .constdata                               0x08004508   Section        8  qnan.o(.constdata)
    .data                                    0x20000000   Section        5  main.o(.data)
    .data                                    0x20000008   Section       20  system_stm32f4xx.o(.data)
    .data                                    0x2000001c   Section        9  allcontrol.o(.data)
    outflag                                  0x20000024   Data           1  allcontrol.o(.data)
    .data                                    0x20000025   Section        1  led.o(.data)
    random                                   0x20000025   Data           1  led.o(.data)
    .data                                    0x20000028   Section       22  mpu6050.o(.data)
    Kp_now                                   0x20000028   Data           4  mpu6050.o(.data)
    Kp_last                                  0x2000002c   Data           4  mpu6050.o(.data)
    FilterCount                              0x20000030   Data           1  mpu6050.o(.data)
    RawToRadian                              0x20000034   Data           4  mpu6050.o(.data)
    G                                        0x20000038   Data           4  mpu6050.o(.data)
    cnt                                      0x2000003c   Data           1  mpu6050.o(.data)
    flag                                     0x2000003d   Data           1  mpu6050.o(.data)
    .data                                    0x2000003e   Section        1  i2c_soft.o(.data)
    .data                                    0x2000003f   Section        2  usart5.o(.data)
    .data                                    0x20000044   Section       28  ppm.o(.data)
    .data                                    0x20000060   Section       12  filter.o(.data)
    exInt                                    0x20000060   Data           4  filter.o(.data)
    eyInt                                    0x20000064   Data           4  filter.o(.data)
    ezInt                                    0x20000068   Data           4  filter.o(.data)
    .data                                    0x2000006c   Section        2  ano_dt.o(.data)
    Flag                                     0x2000006c   Data           1  ano_dt.o(.data)
    count                                    0x2000006d   Data           1  ano_dt.o(.data)
    .data                                    0x2000006e   Section       16  stm32f4xx_rcc.o(.data)
    APBAHBPrescTable                         0x2000006e   Data          16  stm32f4xx_rcc.o(.data)
    .data                                    0x20000080   Section        4  mvars.o(.data)
    .data                                    0x20000084   Section        4  mvars.o(.data)
    .data                                    0x20000088   Section        4  errno.o(.data)
    _errno                                   0x20000088   Data           4  errno.o(.data)
    .bss                                     0x2000008c   Section      192  main.o(.bss)
    .bss                                     0x2000014c   Section      276  allcontrol.o(.bss)
    uTaskLastTime                            0x20000254   Data          12  allcontrol.o(.bss)
    .bss                                     0x20000260   Section      192  mpu6050.o(.bss)
    LastAccHandle                            0x20000260   Data          12  mpu6050.o(.bss)
    Filter                                   0x2000026c   Data          36  mpu6050.o(.bss)
    bufx                                     0x20000290   Data          48  mpu6050.o(.bss)
    bufy                                     0x200002c0   Data          48  mpu6050.o(.bss)
    bufz                                     0x200002f0   Data          48  mpu6050.o(.bss)
    .bss                                     0x20000320   Section      256  usart5.o(.bss)
    .bss                                     0x20000420   Section       36  ppm.o(.bss)
    PPM_buf                                  0x20000434   Data          16  ppm.o(.bss)
    .bss                                     0x20000444   Section       64  ano_dt.o(.bss)
    uDataToSend                              0x20000458   Data          20  ano_dt.o(.bss)
    uTaskLastTime                            0x2000046c   Data          24  ano_dt.o(.bss)
    HEAP                                     0x20000488   Section      512  startup_stm32f40_41xxx.o(HEAP)
    STACK                                    0x20000688   Section     1024  startup_stm32f40_41xxx.o(STACK)

    Global Symbols

    Symbol Name                              Value     Ov Type        Size  Object(Section)

    BuildAttributes$$THM_ISAv4$E$P$D$K$B$S$7EM$VFPi3$EXTD16$VFPS$VFMA$PE$A:L22UL41UL21$X:L11$S22US41US21$IEEE1$IW$USESV6$~STKCKD$USESV7$~SHL$OTIME$ROPI$IEEEX$EBA8$MICROLIB$REQ8$PRES8$EABIv2 0x00000000   Number         0  anon$$obj.o ABSOLUTE
    __ARM_use_no_argv                        0x00000000   Number         0  main.o ABSOLUTE
    __use_no_errno                           0x00000000   Number         0  useno.o ABSOLUTE
    __use_no_exception_handling              0x00000000   Number         0  useno.o ABSOLUTE
    __use_no_fp                              0x00000000   Number         0  useno.o ABSOLUTE
    __use_no_heap                            0x00000000   Number         0  useno.o ABSOLUTE
    __use_no_heap_region                     0x00000000   Number         0  useno.o ABSOLUTE
    __use_no_semihosting                     0x00000000   Number         0  useno.o ABSOLUTE
    __use_no_semihosting_swi                 0x00000000   Number         0  useno.o ABSOLUTE
    __use_no_signal_handling                 0x00000000   Number         0  useno.o ABSOLUTE
    __cpp_initialize__aeabi_                  - Undefined Weak Reference
    __cxa_finalize                            - Undefined Weak Reference
    __decompress                              - Undefined Weak Reference
    _clock_init                               - Undefined Weak Reference
    _microlib_exit                            - Undefined Weak Reference
    __Vectors_Size                           0x00000188   Number         0  startup_stm32f40_41xxx.o ABSOLUTE
    __Vectors                                0x08000000   Data           4  startup_stm32f40_41xxx.o(RESET)
    __Vectors_End                            0x08000188   Data           0  startup_stm32f40_41xxx.o(RESET)
    __main                                   0x08000189   Thumb Code     0  entry.o(.ARM.Collect$$$$00000000)
    _main_stk                                0x08000189   Thumb Code     0  entry2.o(.ARM.Collect$$$$00000001)
    _main_scatterload                        0x0800018d   Thumb Code     0  entry5.o(.ARM.Collect$$$$00000004)
    __main_after_scatterload                 0x08000191   Thumb Code     0  entry5.o(.ARM.Collect$$$$00000004)
    _main_clock                              0x08000191   Thumb Code     0  entry7b.o(.ARM.Collect$$$$00000008)
    _main_cpp_init                           0x08000191   Thumb Code     0  entry8b.o(.ARM.Collect$$$$0000000A)
    _main_init                               0x08000191   Thumb Code     0  entry9a.o(.ARM.Collect$$$$0000000B)
    __rt_final_cpp                           0x08000199   Thumb Code     0  entry10a.o(.ARM.Collect$$$$0000000D)
    __rt_final_exit                          0x08000199   Thumb Code     0  entry11a.o(.ARM.Collect$$$$0000000F)
    Reset_Handler                            0x0800019d   Thumb Code     8  startup_stm32f40_41xxx.o(.text)
    ADC_IRQHandler                           0x080001b7   Thumb Code     0  startup_stm32f40_41xxx.o(.text)
    CAN1_RX0_IRQHandler                      0x080001b7   Thumb Code     0  startup_stm32f40_41xxx.o(.text)
    CAN1_RX1_IRQHandler                      0x080001b7   Thumb Code     0  startup_stm32f40_41xxx.o(.text)
    CAN1_SCE_IRQHandler                      0x080001b7   Thumb Code     0  startup_stm32f40_41xxx.o(.text)
    CAN1_TX_IRQHandler                       0x080001b7   Thumb Code     0  startup_stm32f40_41xxx.o(.text)
    CAN2_RX0_IRQHandler                      0x080001b7   Thumb Code     0  startup_stm32f40_41xxx.o(.text)
    CAN2_RX1_IRQHandler                      0x080001b7   Thumb Code     0  startup_stm32f40_41xxx.o(.text)
    CAN2_SCE_IRQHandler                      0x080001b7   Thumb Code     0  startup_stm32f40_41xxx.o(.text)
    CAN2_TX_IRQHandler                       0x080001b7   Thumb Code     0  startup_stm32f40_41xxx.o(.text)
    CRYP_IRQHandler                          0x080001b7   Thumb Code     0  startup_stm32f40_41xxx.o(.text)
    DCMI_IRQHandler                          0x080001b7   Thumb Code     0  startup_stm32f40_41xxx.o(.text)
    DMA1_Stream0_IRQHandler                  0x080001b7   Thumb Code     0  startup_stm32f40_41xxx.o(.text)
    DMA1_Stream1_IRQHandler                  0x080001b7   Thumb Code     0  startup_stm32f40_41xxx.o(.text)
    DMA1_Stream2_IRQHandler                  0x080001b7   Thumb Code     0  startup_stm32f40_41xxx.o(.text)
    DMA1_Stream3_IRQHandler                  0x080001b7   Thumb Code     0  startup_stm32f40_41xxx.o(.text)
    DMA1_Stream4_IRQHandler                  0x080001b7   Thumb Code     0  startup_stm32f40_41xxx.o(.text)
    DMA1_Stream5_IRQHandler                  0x080001b7   Thumb Code     0  startup_stm32f40_41xxx.o(.text)
    DMA1_Stream7_IRQHandler                  0x080001b7   Thumb Code     0  startup_stm32f40_41xxx.o(.text)
    DMA2_Stream0_IRQHandler                  0x080001b7   Thumb Code     0  startup_stm32f40_41xxx.o(.text)
    DMA2_Stream1_IRQHandler                  0x080001b7   Thumb Code     0  startup_stm32f40_41xxx.o(.text)
    DMA2_Stream2_IRQHandler                  0x080001b7   Thumb Code     0  startup_stm32f40_41xxx.o(.text)
    DMA2_Stream3_IRQHandler                  0x080001b7   Thumb Code     0  startup_stm32f40_41xxx.o(.text)
    DMA2_Stream4_IRQHandler                  0x080001b7   Thumb Code     0  startup_stm32f40_41xxx.o(.text)
    DMA2_Stream5_IRQHandler                  0x080001b7   Thumb Code     0  startup_stm32f40_41xxx.o(.text)
    DMA2_Stream6_IRQHandler                  0x080001b7   Thumb Code     0  startup_stm32f40_41xxx.o(.text)
    DMA2_Stream7_IRQHandler                  0x080001b7   Thumb Code     0  startup_stm32f40_41xxx.o(.text)
    ETH_IRQHandler                           0x080001b7   Thumb Code     0  startup_stm32f40_41xxx.o(.text)
    ETH_WKUP_IRQHandler                      0x080001b7   Thumb Code     0  startup_stm32f40_41xxx.o(.text)
    EXTI0_IRQHandler                         0x080001b7   Thumb Code     0  startup_stm32f40_41xxx.o(.text)
    EXTI1_IRQHandler                         0x080001b7   Thumb Code     0  startup_stm32f40_41xxx.o(.text)
    EXTI2_IRQHandler                         0x080001b7   Thumb Code     0  startup_stm32f40_41xxx.o(.text)
    EXTI3_IRQHandler                         0x080001b7   Thumb Code     0  startup_stm32f40_41xxx.o(.text)
    EXTI4_IRQHandler                         0x080001b7   Thumb Code     0  startup_stm32f40_41xxx.o(.text)
    EXTI9_5_IRQHandler                       0x080001b7   Thumb Code     0  startup_stm32f40_41xxx.o(.text)
    FLASH_IRQHandler                         0x080001b7   Thumb Code     0  startup_stm32f40_41xxx.o(.text)
    FPU_IRQHandler                           0x080001b7   Thumb Code     0  startup_stm32f40_41xxx.o(.text)
    FSMC_IRQHandler                          0x080001b7   Thumb Code     0  startup_stm32f40_41xxx.o(.text)
    HASH_RNG_IRQHandler                      0x080001b7   Thumb Code     0  startup_stm32f40_41xxx.o(.text)
    I2C1_ER_IRQHandler                       0x080001b7   Thumb Code     0  startup_stm32f40_41xxx.o(.text)
    I2C1_EV_IRQHandler                       0x080001b7   Thumb Code     0  startup_stm32f40_41xxx.o(.text)
    I2C2_ER_IRQHandler                       0x080001b7   Thumb Code     0  startup_stm32f40_41xxx.o(.text)
    I2C2_EV_IRQHandler                       0x080001b7   Thumb Code     0  startup_stm32f40_41xxx.o(.text)
    I2C3_ER_IRQHandler                       0x080001b7   Thumb Code     0  startup_stm32f40_41xxx.o(.text)
    I2C3_EV_IRQHandler                       0x080001b7   Thumb Code     0  startup_stm32f40_41xxx.o(.text)
    OTG_FS_IRQHandler                        0x080001b7   Thumb Code     0  startup_stm32f40_41xxx.o(.text)
    OTG_FS_WKUP_IRQHandler                   0x080001b7   Thumb Code     0  startup_stm32f40_41xxx.o(.text)
    OTG_HS_EP1_IN_IRQHandler                 0x080001b7   Thumb Code     0  startup_stm32f40_41xxx.o(.text)
    OTG_HS_EP1_OUT_IRQHandler                0x080001b7   Thumb Code     0  startup_stm32f40_41xxx.o(.text)
    OTG_HS_IRQHandler                        0x080001b7   Thumb Code     0  startup_stm32f40_41xxx.o(.text)
    OTG_HS_WKUP_IRQHandler                   0x080001b7   Thumb Code     0  startup_stm32f40_41xxx.o(.text)
    PVD_IRQHandler                           0x080001b7   Thumb Code     0  startup_stm32f40_41xxx.o(.text)
    RCC_IRQHandler                           0x080001b7   Thumb Code     0  startup_stm32f40_41xxx.o(.text)
    RTC_Alarm_IRQHandler                     0x080001b7   Thumb Code     0  startup_stm32f40_41xxx.o(.text)
    RTC_WKUP_IRQHandler                      0x080001b7   Thumb Code     0  startup_stm32f40_41xxx.o(.text)
    SDIO_IRQHandler                          0x080001b7   Thumb Code     0  startup_stm32f40_41xxx.o(.text)
    SPI1_IRQHandler                          0x080001b7   Thumb Code     0  startup_stm32f40_41xxx.o(.text)
    SPI2_IRQHandler                          0x080001b7   Thumb Code     0  startup_stm32f40_41xxx.o(.text)
    SPI3_IRQHandler                          0x080001b7   Thumb Code     0  startup_stm32f40_41xxx.o(.text)
    TAMP_STAMP_IRQHandler                    0x080001b7   Thumb Code     0  startup_stm32f40_41xxx.o(.text)
    TIM1_BRK_TIM9_IRQHandler                 0x080001b7   Thumb Code     0  startup_stm32f40_41xxx.o(.text)
    TIM1_CC_IRQHandler                       0x080001b7   Thumb Code     0  startup_stm32f40_41xxx.o(.text)
    TIM1_TRG_COM_TIM11_IRQHandler            0x080001b7   Thumb Code     0  startup_stm32f40_41xxx.o(.text)
    TIM1_UP_TIM10_IRQHandler                 0x080001b7   Thumb Code     0  startup_stm32f40_41xxx.o(.text)
    TIM3_IRQHandler                          0x080001b7   Thumb Code     0  startup_stm32f40_41xxx.o(.text)
    TIM4_IRQHandler                          0x080001b7   Thumb Code     0  startup_stm32f40_41xxx.o(.text)
    TIM5_IRQHandler                          0x080001b7   Thumb Code     0  startup_stm32f40_41xxx.o(.text)
    TIM6_DAC_IRQHandler                      0x080001b7   Thumb Code     0  startup_stm32f40_41xxx.o(.text)
    TIM7_IRQHandler                          0x080001b7   Thumb Code     0  startup_stm32f40_41xxx.o(.text)
    TIM8_BRK_TIM12_IRQHandler                0x080001b7   Thumb Code     0  startup_stm32f40_41xxx.o(.text)
    TIM8_CC_IRQHandler                       0x080001b7   Thumb Code     0  startup_stm32f40_41xxx.o(.text)
    TIM8_TRG_COM_TIM14_IRQHandler            0x080001b7   Thumb Code     0  startup_stm32f40_41xxx.o(.text)
    TIM8_UP_TIM13_IRQHandler                 0x080001b7   Thumb Code     0  startup_stm32f40_41xxx.o(.text)
    UART4_IRQHandler                         0x080001b7   Thumb Code     0  startup_stm32f40_41xxx.o(.text)
    USART2_IRQHandler                        0x080001b7   Thumb Code     0  startup_stm32f40_41xxx.o(.text)
    USART6_IRQHandler                        0x080001b7   Thumb Code     0  startup_stm32f40_41xxx.o(.text)
    WWDG_IRQHandler                          0x080001b7   Thumb Code     0  startup_stm32f40_41xxx.o(.text)
    __aeabi_memcpy                           0x080001c1   Thumb Code    36  memcpya.o(.text)
    __aeabi_memcpy4                          0x080001c1   Thumb Code     0  memcpya.o(.text)
    __aeabi_memcpy8                          0x080001c1   Thumb Code     0  memcpya.o(.text)
    __aeabi_memset                           0x080001e5   Thumb Code    14  memseta.o(.text)
    __aeabi_memset4                          0x080001e5   Thumb Code     0  memseta.o(.text)
    __aeabi_memset8                          0x080001e5   Thumb Code     0  memseta.o(.text)
    __aeabi_memclr                           0x080001f3   Thumb Code     4  memseta.o(.text)
    __aeabi_memclr4                          0x080001f3   Thumb Code     0  memseta.o(.text)
    __aeabi_memclr8                          0x080001f3   Thumb Code     0  memseta.o(.text)
    _memset$wrapper                          0x080001f7   Thumb Code    18  memseta.o(.text)
    __aeabi_dmul                             0x08000209   Thumb Code   228  dmul.o(.text)
    __aeabi_ui2d                             0x080002ed   Thumb Code    26  dfltui.o(.text)
    __aeabi_d2iz                             0x08000307   Thumb Code    62  dfixi.o(.text)
    __aeabi_f2d                              0x08000345   Thumb Code    38  f2d.o(.text)
    __aeabi_cdcmpeq                          0x0800036d   Thumb Code     0  cdcmple.o(.text)
    __aeabi_cdcmple                          0x0800036d   Thumb Code    48  cdcmple.o(.text)
    __aeabi_cdrcmple                         0x0800039d   Thumb Code    48  cdrcmple.o(.text)
    __aeabi_d2f                              0x080003cd   Thumb Code    56  d2f.o(.text)
    __aeabi_llsr                             0x08000405   Thumb Code    32  llushr.o(.text)
    _ll_ushift_r                             0x08000405   Thumb Code     0  llushr.o(.text)
    __I$use$fp                               0x08000425   Thumb Code     0  iusefp.o(.text)
    _float_round                             0x08000425   Thumb Code    18  fepilogue.o(.text)
    _float_epilogue                          0x08000437   Thumb Code    92  fepilogue.o(.text)
    _double_round                            0x08000493   Thumb Code    30  depilogue.o(.text)
    _double_epilogue                         0x080004b1   Thumb Code   156  depilogue.o(.text)
    __aeabi_dadd                             0x0800054d   Thumb Code   322  dadd.o(.text)
    __aeabi_dsub                             0x0800068f   Thumb Code     6  dadd.o(.text)
    __aeabi_drsub                            0x08000695   Thumb Code     6  dadd.o(.text)
    __aeabi_ddiv                             0x0800069b   Thumb Code   222  ddiv.o(.text)
    _dsqrt                                   0x08000779   Thumb Code   162  dsqrt.o(.text)
    __scatterload                            0x0800081d   Thumb Code    28  init.o(.text)
    __scatterload_rt2                        0x0800081d   Thumb Code     0  init.o(.text)
    __aeabi_llsl                             0x08000841   Thumb Code    30  llshl.o(.text)
    _ll_shift_l                              0x08000841   Thumb Code     0  llshl.o(.text)
    __aeabi_lasr                             0x0800085f   Thumb Code    36  llsshr.o(.text)
    _ll_sshift_r                             0x0800085f   Thumb Code     0  llsshr.o(.text)
    BusFault_Handler                         0x08000883   Thumb Code     4  stm32f4xx_it.o(i.BusFault_Handler)
    DMA1_Stream6_IRQHandler                  0x08000889   Thumb Code    32  usart2.o(i.DMA1_Stream6_IRQHandler)
    DebugMon_Handler                         0x080008b1   Thumb Code     2  stm32f4xx_it.o(i.DebugMon_Handler)
    EXTI15_10_IRQHandler                     0x080008b3   Thumb Code    30  stm32f4xx_it.o(i.EXTI15_10_IRQHandler)
    EXTI_ClearITPendingBit                   0x080008d1   Thumb Code     6  stm32f4xx_exti.o(i.EXTI_ClearITPendingBit)
    EXTI_GetITStatus                         0x080008dd   Thumb Code    20  stm32f4xx_exti.o(i.EXTI_GetITStatus)
    EXTI_Init                                0x080008f5   Thumb Code   142  stm32f4xx_exti.o(i.EXTI_Init)
    GPIO_Init                                0x08000a01   Thumb Code   144  stm32f4xx_gpio.o(i.GPIO_Init)
    GPIO_PinAFConfig                         0x08000a91   Thumb Code    70  stm32f4xx_gpio.o(i.GPIO_PinAFConfig)
    GPIO_SetBits                             0x08000ad7   Thumb Code     4  stm32f4xx_gpio.o(i.GPIO_SetBits)
    GPIO_StructInit                          0x08000adb   Thumb Code    18  stm32f4xx_gpio.o(i.GPIO_StructInit)
    HardFault_Handler                        0x08000aed   Thumb Code     4  stm32f4xx_it.o(i.HardFault_Handler)
    I2c_Soft_Ask                             0x08000af1   Thumb Code    46  i2c_soft.o(i.I2c_Soft_Ask)
    I2c_Soft_Init                            0x08000b25   Thumb Code    46  i2c_soft.o(i.I2c_Soft_Init)
    I2c_Soft_NoAsk                           0x08000b59   Thumb Code    48  i2c_soft.o(i.I2c_Soft_NoAsk)
    I2c_Soft_ReadByte                        0x08000b8d   Thumb Code    92  i2c_soft.o(i.I2c_Soft_ReadByte)
    I2c_Soft_SendByte                        0x08000bed   Thumb Code    78  i2c_soft.o(i.I2c_Soft_SendByte)
    I2c_Soft_Start                           0x08000c41   Thumb Code    84  i2c_soft.o(i.I2c_Soft_Start)
    I2c_Soft_Stop                            0x08000c99   Thumb Code    48  i2c_soft.o(i.I2c_Soft_Stop)
    I2c_Soft_WaitAsk                         0x08000ccd   Thumb Code    84  i2c_soft.o(i.I2c_Soft_WaitAsk)
    I2c_Soft_delay                           0x08000d25   Thumb Code    42  i2c_soft.o(i.I2c_Soft_delay)
    IIC_Read_nByte                           0x08000d55   Thumb Code   126  i2c_soft.o(i.IIC_Read_nByte)
    IIC_Write_1Byte                          0x08000dd3   Thumb Code    62  i2c_soft.o(i.IIC_Write_1Byte)
    MPU6050_Calibration                      0x08000ef1   Thumb Code   292  mpu6050.o(i.MPU6050_Calibration)
    MPU6050_GetGyroAccData                   0x0800101d   Thumb Code   234  mpu6050.o(i.MPU6050_GetGyroAccData)
    MPU6050_Init                             0x0800120d   Thumb Code    44  mpu6050.o(i.MPU6050_Init)
    MPU6050_RawDataHandle                    0x08001239   Thumb Code    30  mpu6050.o(i.MPU6050_RawDataHandle)
    MemManage_Handler                        0x08001273   Thumb Code     4  stm32f4xx_it.o(i.MemManage_Handler)
    NMI_Handler                              0x08001277   Thumb Code     2  stm32f4xx_it.o(i.NMI_Handler)
    NVIC_Init                                0x08001279   Thumb Code   106  misc.o(i.NVIC_Init)
    PendSV_Handler                           0x080012f1   Thumb Code     2  stm32f4xx_it.o(i.PendSV_Handler)
    RCCConfig                                0x0800132b   Thumb Code    62  main.o(i.RCCConfig)
    RCC_AHB1PeriphClockCmd                   0x08001369   Thumb Code    26  stm32f4xx_rcc.o(i.RCC_AHB1PeriphClockCmd)
    RCC_APB1PeriphClockCmd                   0x08001389   Thumb Code    26  stm32f4xx_rcc.o(i.RCC_APB1PeriphClockCmd)
    RCC_APB2PeriphClockCmd                   0x080013a9   Thumb Code    26  stm32f4xx_rcc.o(i.RCC_APB2PeriphClockCmd)
    RCC_GetClocksFreq                        0x080013c9   Thumb Code   214  stm32f4xx_rcc.o(i.RCC_GetClocksFreq)
    RCC_HCLKConfig                           0x080014b1   Thumb Code    18  stm32f4xx_rcc.o(i.RCC_HCLKConfig)
    RCC_HSEConfig                            0x080014c9   Thumb Code    12  stm32f4xx_rcc.o(i.RCC_HSEConfig)
    RCC_PCLK1Config                          0x080014d9   Thumb Code    18  stm32f4xx_rcc.o(i.RCC_PCLK1Config)
    RCC_PCLK2Config                          0x080014f1   Thumb Code    20  stm32f4xx_rcc.o(i.RCC_PCLK2Config)
    RCC_PLLCmd                               0x08001509   Thumb Code     6  stm32f4xx_rcc.o(i.RCC_PLLCmd)
    RCC_PLLConfig                            0x08001515   Thumb Code    30  stm32f4xx_rcc.o(i.RCC_PLLConfig)
    RCC_SYSCLKConfig                         0x08001539   Thumb Code    18  stm32f4xx_rcc.o(i.RCC_SYSCLKConfig)
    SVC_Handler                              0x08001551   Thumb Code     2  stm32f4xx_it.o(i.SVC_Handler)
    SYSCFG_EXTILineConfig                    0x08001555   Thumb Code    60  stm32f4xx_syscfg.o(i.SYSCFG_EXTILineConfig)
    SysTick_Handler                          0x080017a9   Thumb Code    12  stm32f4xx_it.o(i.SysTick_Handler)
    SystemInit                               0x080017b9   Thumb Code    88  system_stm32f4xx.o(i.SystemInit)
    TIM2_IRQHandler                          0x08001821   Thumb Code    32  stm32f4xx_it.o(i.TIM2_IRQHandler)
    TIM_ARRPreloadConfig                     0x08001845   Thumb Code    24  stm32f4xx_tim.o(i.TIM_ARRPreloadConfig)
    TIM_ClearITPendingBit                    0x0800185d   Thumb Code     6  stm32f4xx_tim.o(i.TIM_ClearITPendingBit)
    TIM_Cmd                                  0x08001863   Thumb Code    24  stm32f4xx_tim.o(i.TIM_Cmd)
    TIM_CtrlPWMOutputs                       0x0800187b   Thumb Code    30  stm32f4xx_tim.o(i.TIM_CtrlPWMOutputs)
    TIM_GetITStatus                          0x08001899   Thumb Code    34  stm32f4xx_tim.o(i.TIM_GetITStatus)
    TIM_ITConfig                             0x080018bb   Thumb Code    18  stm32f4xx_tim.o(i.TIM_ITConfig)
    TIM_OC1Init                              0x080018cd   Thumb Code   114  stm32f4xx_tim.o(i.TIM_OC1Init)
    TIM_OC1PreloadConfig                     0x08001949   Thumb Code    18  stm32f4xx_tim.o(i.TIM_OC1PreloadConfig)
    TIM_OC2Init                              0x0800195d   Thumb Code   154  stm32f4xx_tim.o(i.TIM_OC2Init)
    TIM_OC2PreloadConfig                     0x08001a01   Thumb Code    26  stm32f4xx_tim.o(i.TIM_OC2PreloadConfig)
    TIM_OC3Init                              0x08001a1d   Thumb Code   150  stm32f4xx_tim.o(i.TIM_OC3Init)
    TIM_OC3PreloadConfig                     0x08001abd   Thumb Code    18  stm32f4xx_tim.o(i.TIM_OC3PreloadConfig)
    TIM_OC4Init                              0x08001ad1   Thumb Code   112  stm32f4xx_tim.o(i.TIM_OC4Init)
    TIM_OC4PreloadConfig                     0x08001b49   Thumb Code    26  stm32f4xx_tim.o(i.TIM_OC4PreloadConfig)
    TIM_OCStructInit                         0x08001b63   Thumb Code    20  stm32f4xx_tim.o(i.TIM_OCStructInit)
    TIM_TimeBaseInit                         0x08001b79   Thumb Code   104  stm32f4xx_tim.o(i.TIM_TimeBaseInit)
    TIM_TimeBaseStructInit                   0x08001bfd   Thumb Code    18  stm32f4xx_tim.o(i.TIM_TimeBaseStructInit)
    UART5_IRQHandler                         0x08001c11   Thumb Code    88  usart5.o(i.UART5_IRQHandler)
    USART1_IRQHandler                        0x08001c79   Thumb Code    42  stm32f4xx_it.o(i.USART1_IRQHandler)
    USART1_Send                              0x08001ca9   Thumb Code    38  usart1.o(i.USART1_Send)
    USART1_init                              0x08001cd5   Thumb Code   164  usart1.o(i.USART1_init)
    USART3_IRQHandler                        0x08001d81   Thumb Code    14  usart3.o(i.USART3_IRQHandler)
    USART_ClearITPendingBit                  0x08001d95   Thumb Code    30  stm32f4xx_usart.o(i.USART_ClearITPendingBit)
    USART_Cmd                                0x08001db3   Thumb Code    24  stm32f4xx_usart.o(i.USART_Cmd)
    USART_GetITStatus                        0x08001dcb   Thumb Code    84  stm32f4xx_usart.o(i.USART_GetITStatus)
    USART_ITConfig                           0x08001e1f   Thumb Code    74  stm32f4xx_usart.o(i.USART_ITConfig)
    USART_Init                               0x08001e69   Thumb Code   204  stm32f4xx_usart.o(i.USART_Init)
    USART_ReceiveData                        0x08001f3d   Thumb Code    10  stm32f4xx_usart.o(i.USART_ReceiveData)
    UsageFault_Handler                       0x08001f47   Thumb Code     4  stm32f4xx_it.o(i.UsageFault_Handler)
    __ARM_fpclassify                         0x08001f4b   Thumb Code    48  fpclassify.o(i.__ARM_fpclassify)
    __hardfp_asin                            0x08001f81   Thumb Code   770  asin.o(i.__hardfp_asin)
    __hardfp_atan                            0x080022e1   Thumb Code   622  atan.o(i.__hardfp_atan)
    __hardfp_atan2                           0x080025b9   Thumb Code   432  atan2.o(i.__hardfp_atan2)
    __hardfp_fabs                            0x080027a9   Thumb Code    20  fabs.o(i.__hardfp_fabs)
    __hardfp_sqrt                            0x080027bd   Thumb Code   122  sqrt.o(i.__hardfp_sqrt)
    __kernel_poly                            0x08002837   Thumb Code   248  poly.o(i.__kernel_poly)
    __mathlib_dbl_infnan                     0x0800292f   Thumb Code    20  dunder.o(i.__mathlib_dbl_infnan)
    __mathlib_dbl_infnan2                    0x08002943   Thumb Code    20  dunder.o(i.__mathlib_dbl_infnan2)
    __mathlib_dbl_invalid                    0x08002959   Thumb Code    24  dunder.o(i.__mathlib_dbl_invalid)
    __mathlib_dbl_underflow                  0x08002979   Thumb Code    24  dunder.o(i.__mathlib_dbl_underflow)
    __scatterload_copy                       0x08002999   Thumb Code    14  handlers.o(i.__scatterload_copy)
    __scatterload_null                       0x080029a7   Thumb Code     2  handlers.o(i.__scatterload_null)
    __scatterload_zeroinit                   0x080029a9   Thumb Code    14  handlers.o(i.__scatterload_zeroinit)
    __set_errno                              0x080029b9   Thumb Code     6  errno.o(i.__set_errno)
    atan                                     0x080029c5   Thumb Code    16  atan.o(i.atan)
    fabs                                     0x080029d5   Thumb Code    24  fabs.o(i.fabs)
    free                                     0x080029ed   Thumb Code    76  malloc.o(i.free)
    main                                     0x08002a3d   Thumb Code   124  main.o(i.main)
    malloc                                   0x08002ac9   Thumb Code    92  malloc.o(i.malloc)
    sqrt                                     0x08002b35   Thumb Code   110  sqrt.o(i.sqrt)
    vAllInit                                 0x08002ba5   Thumb Code    48  allcontrol.o(i.vAllInit)
    vComFilter                               0x08002bdd   Thumb Code   852  filter.o(i.vComFilter)
    vDroneLock                               0x08003129   Thumb Code    72  allcontrol.o(i.vDroneLock)
    vDroneunLock                             0x08003295   Thumb Code   200  allcontrol.o(i.vDroneunLock)
    vLEDDisplay                              0x080033d5   Thumb Code   128  led.o(i.vLEDDisplay)
    vLEDInit                                 0x0800345d   Thumb Code    76  led.o(i.vLEDInit)
    vMotorInit                               0x080034ad   Thumb Code   302  motor.o(i.vMotorInit)
    vMotorLock                               0x080035e9   Thumb Code    16  motor.o(i.vMotorLock)
    vMotorPWMSet                             0x080035f9   Thumb Code    60  motor.o(i.vMotorPWMSet)
    vPIDCalculate                            0x08003639   Thumb Code   226  pid.o(i.vPIDCalculate)
    vPPMCallback                             0x080038ad   Thumb Code   224  ppm.o(i.vPPMCallback)
    vPPMInit                                 0x080039b1   Thumb Code   126  ppm.o(i.vPPMInit)
    vQuadInit                                0x08003a35   Thumb Code    42  filter.o(i.vQuadInit)
    vQuadToEuler                             0x08003a65   Thumb Code   410  filter.o(i.vQuadToEuler)
    vReceiveData                             0x08003c09   Thumb Code    32  ano_dt.o(i.vReceiveData)
    vRemoteDataHandle                        0x08003c31   Thumb Code   354  remote.o(i.vRemoteDataHandle)
    vSendDataPolling                         0x08003db1   Thumb Code   986  ano_dt.o(i.vSendDataPolling)
    vTIM2Init                                0x080043c9   Thumb Code    86  tim.o(i.vTIM2Init)
    __mathlib_zero                           0x08004508   Data           8  qnan.o(.constdata)
    Region$$Table$$Base                      0x08004510   Number         0  anon$$obj.o(Region$$Table)
    Region$$Table$$Limit                     0x08004530   Number         0  anon$$obj.o(Region$$Table)
    uSystickCount                            0x20000000   Data           4  main.o(.data)
    MyDrone                                  0x20000004   Data           1  main.o(.data)
    SystemCoreClock                          0x20000008   Data           4  system_stm32f4xx.o(.data)
    AHBPrescTable                            0x2000000c   Data          16  system_stm32f4xx.o(.data)
    uMotor1PWM                               0x2000001c   Data           2  allcontrol.o(.data)
    uMotor2PWM                               0x2000001e   Data           2  allcontrol.o(.data)
    uMotor3PWM                               0x20000020   Data           2  allcontrol.o(.data)
    uMotor4PWM                               0x20000022   Data           2  allcontrol.o(.data)
    I2C_FastMode                             0x2000003e   Data           1  i2c_soft.o(.data)
    Tx5Counter                               0x2000003f   Data           1  usart5.o(.data)
    count5                                   0x20000040   Data           1  usart5.o(.data)
    PPM_Sample_Cnt                           0x20000044   Data           2  ppm.o(.data)
    PPM_Isr_Cnt                              0x20000046   Data           2  ppm.o(.data)
    Last_PPM_Time                            0x20000048   Data           4  ppm.o(.data)
    PPM_Time                                 0x2000004c   Data           4  ppm.o(.data)
    PPM_Time_Delta                           0x20000050   Data           4  ppm.o(.data)
    PPM_Time_Max                             0x20000054   Data           2  ppm.o(.data)
    PPM_Start_Time                           0x20000056   Data           2  ppm.o(.data)
    PPM_Finished_Time                        0x20000058   Data           2  ppm.o(.data)
    PPM_Is_Okay                              0x2000005a   Data           2  ppm.o(.data)
    TIME_ISR_CNT                             0x2000005c   Data           4  ppm.o(.data)
    __microlib_freelist                      0x20000080   Data           4  mvars.o(.data)
    __microlib_freelist_initialised          0x20000084   Data           4  mvars.o(.data)
    MPUData                                  0x2000008c   Data          96  main.o(.bss)
    xLED                                     0x200000ec   Data          12  main.o(.bss)
    FilterData                               0x200000f8   Data          52  main.o(.bss)
    xRemote                                  0x2000012c   Data          32  main.o(.bss)
    PID_Roll_Angle                           0x2000014c   Data          44  allcontrol.o(.bss)
    PID_Pitch_Angle                          0x20000178   Data          44  allcontrol.o(.bss)
    PID_Yaw_Angle                            0x200001a4   Data          44  allcontrol.o(.bss)
    PID_Roll_Rate                            0x200001d0   Data          44  allcontrol.o(.bss)
    PID_Pitch_Rate                           0x200001fc   Data          44  allcontrol.o(.bss)
    PID_Yaw_Rate                             0x20000228   Data          44  allcontrol.o(.bss)
    Tx5Buffer                                0x20000320   Data         256  usart5.o(.bss)
    PPM_Databuf                              0x20000420   Data          20  ppm.o(.bss)
    uReceiveData                             0x20000444   Data          20  ano_dt.o(.bss)
    __heap_base                              0x20000488   Data           0  startup_stm32f40_41xxx.o(HEAP)
    __heap_limit                             0x20000688   Data           0  startup_stm32f40_41xxx.o(HEAP)
    __initial_sp                             0x20000a88   Data           0  startup_stm32f40_41xxx.o(STACK)



==============================================================================

Memory Map of the image

  Image Entry point : 0x08000189

  Load Region LR_IROM1 (Base: 0x08000000, Size: 0x000045bc, Max: 0x00100000, ABSOLUTE)

    Execution Region ER_IROM1 (Base: 0x08000000, Size: 0x00004530, Max: 0x00100000, ABSOLUTE)

    Base Addr    Size         Type   Attr      Idx    E Section Name        Object

    0x08000000   0x00000188   Data   RO         6006    RESET               startup_stm32f40_41xxx.o
    0x08000188   0x00000000   Code   RO         6055  * .ARM.Collect$$$$00000000  mc_w.l(entry.o)
    0x08000188   0x00000004   Code   RO         6139    .ARM.Collect$$$$00000001  mc_w.l(entry2.o)
    0x0800018c   0x00000004   Code   RO         6142    .ARM.Collect$$$$00000004  mc_w.l(entry5.o)
    0x08000190   0x00000000   Code   RO         6144    .ARM.Collect$$$$00000008  mc_w.l(entry7b.o)
    0x08000190   0x00000000   Code   RO         6146    .ARM.Collect$$$$0000000A  mc_w.l(entry8b.o)
    0x08000190   0x00000008   Code   RO         6147    .ARM.Collect$$$$0000000B  mc_w.l(entry9a.o)
    0x08000198   0x00000000   Code   RO         6149    .ARM.Collect$$$$0000000D  mc_w.l(entry10a.o)
    0x08000198   0x00000000   Code   RO         6151    .ARM.Collect$$$$0000000F  mc_w.l(entry11a.o)
    0x08000198   0x00000004   Code   RO         6140    .ARM.Collect$$$$00002712  mc_w.l(entry2.o)
    0x0800019c   0x00000024   Code   RO         6007    .text               startup_stm32f40_41xxx.o
    0x080001c0   0x00000024   Code   RO         6058    .text               mc_w.l(memcpya.o)
    0x080001e4   0x00000024   Code   RO         6060    .text               mc_w.l(memseta.o)
    0x08000208   0x000000e4   Code   RO         6092    .text               mf_w.l(dmul.o)
    0x080002ec   0x0000001a   Code   RO         6094    .text               mf_w.l(dfltui.o)
    0x08000306   0x0000003e   Code   RO         6096    .text               mf_w.l(dfixi.o)
    0x08000344   0x00000026   Code   RO         6098    .text               mf_w.l(f2d.o)
    0x0800036a   0x00000002   PAD
    0x0800036c   0x00000030   Code   RO         6100    .text               mf_w.l(cdcmple.o)
    0x0800039c   0x00000030   Code   RO         6102    .text               mf_w.l(cdrcmple.o)
    0x080003cc   0x00000038   Code   RO         6104    .text               mf_w.l(d2f.o)
    0x08000404   0x00000020   Code   RO         6153    .text               mc_w.l(llushr.o)
    0x08000424   0x00000000   Code   RO         6164    .text               mc_w.l(iusefp.o)
    0x08000424   0x0000006e   Code   RO         6165    .text               mf_w.l(fepilogue.o)
    0x08000492   0x000000ba   Code   RO         6167    .text               mf_w.l(depilogue.o)
    0x0800054c   0x0000014e   Code   RO         6169    .text               mf_w.l(dadd.o)
    0x0800069a   0x000000de   Code   RO         6171    .text               mf_w.l(ddiv.o)
    0x08000778   0x000000a2   Code   RO         6175    .text               mf_w.l(dsqrt.o)
    0x0800081a   0x00000002   PAD
    0x0800081c   0x00000024   Code   RO         6177    .text               mc_w.l(init.o)
    0x08000840   0x0000001e   Code   RO         6179    .text               mc_w.l(llshl.o)
    0x0800085e   0x00000024   Code   RO         6181    .text               mc_w.l(llsshr.o)
    0x08000882   0x00000004   Code   RO          187    i.BusFault_Handler  stm32f4xx_it.o
    0x08000886   0x00000002   PAD
    0x08000888   0x00000028   Code   RO          952    i.DMA1_Stream6_IRQHandler  usart2.o
    0x080008b0   0x00000002   Code   RO          188    i.DebugMon_Handler  stm32f4xx_it.o
    0x080008b2   0x0000001e   Code   RO          189    i.EXTI15_10_IRQHandler  stm32f4xx_it.o
    0x080008d0   0x0000000c   Code   RO         2523    i.EXTI_ClearITPendingBit  stm32f4xx_exti.o
    0x080008dc   0x00000018   Code   RO         2527    i.EXTI_GetITStatus  stm32f4xx_exti.o
    0x080008f4   0x00000094   Code   RO         2528    i.EXTI_Init         stm32f4xx_exti.o
    0x08000988   0x00000078   Code   RO          500    i.FindPos           mpu6050.o
    0x08000a00   0x00000090   Code   RO         2999    i.GPIO_Init         stm32f4xx_gpio.o
    0x08000a90   0x00000046   Code   RO         3000    i.GPIO_PinAFConfig  stm32f4xx_gpio.o
    0x08000ad6   0x00000004   Code   RO         3007    i.GPIO_SetBits      stm32f4xx_gpio.o
    0x08000ada   0x00000012   Code   RO         3008    i.GPIO_StructInit   stm32f4xx_gpio.o
    0x08000aec   0x00000004   Code   RO          190    i.HardFault_Handler  stm32f4xx_it.o
    0x08000af0   0x00000034   Code   RO          763    i.I2c_Soft_Ask      i2c_soft.o
    0x08000b24   0x00000034   Code   RO          764    i.I2c_Soft_Init     i2c_soft.o
    0x08000b58   0x00000034   Code   RO          765    i.I2c_Soft_NoAsk    i2c_soft.o
    0x08000b8c   0x00000060   Code   RO          766    i.I2c_Soft_ReadByte  i2c_soft.o
    0x08000bec   0x00000054   Code   RO          767    i.I2c_Soft_SendByte  i2c_soft.o
    0x08000c40   0x00000058   Code   RO          768    i.I2c_Soft_Start    i2c_soft.o
    0x08000c98   0x00000034   Code   RO          769    i.I2c_Soft_Stop     i2c_soft.o
    0x08000ccc   0x00000058   Code   RO          770    i.I2c_Soft_WaitAsk  i2c_soft.o
    0x08000d24   0x00000030   Code   RO          771    i.I2c_Soft_delay    i2c_soft.o
    0x08000d54   0x0000007e   Code   RO          773    i.IIC_Read_nByte    i2c_soft.o
    0x08000dd2   0x0000003e   Code   RO          774    i.IIC_Write_1Byte   i2c_soft.o
    0x08000e10   0x00000094   Code   RO          501    i.MPU6050_AccFilter  mpu6050.o
    0x08000ea4   0x00000038   Code   RO          502    i.MPU6050_AccRawToMS2  mpu6050.o
    0x08000edc   0x00000014   Code   RO          503    i.MPU6050_ByteWrite  mpu6050.o
    0x08000ef0   0x0000012c   Code   RO          504    i.MPU6050_Calibration  mpu6050.o
    0x0800101c   0x000000f4   Code   RO          506    i.MPU6050_GetGyroAccData  mpu6050.o
    0x08001110   0x000000c4   Code   RO          507    i.MPU6050_GyroFilter  mpu6050.o
    0x080011d4   0x00000038   Code   RO          508    i.MPU6050_GyroRawToRadian  mpu6050.o
    0x0800120c   0x0000002c   Code   RO          509    i.MPU6050_Init      mpu6050.o
    0x08001238   0x0000001e   Code   RO          510    i.MPU6050_RawDataHandle  mpu6050.o
    0x08001256   0x0000001c   Code   RO          512    i.MPU6050_ReadNByte  mpu6050.o
    0x08001272   0x00000004   Code   RO          191    i.MemManage_Handler  stm32f4xx_it.o
    0x08001276   0x00000002   Code   RO          192    i.NMI_Handler       stm32f4xx_it.o
    0x08001278   0x00000078   Code   RO         1276    i.NVIC_Init         misc.o
    0x080012f0   0x00000002   Code   RO          193    i.PendSV_Handler    stm32f4xx_it.o
    0x080012f2   0x00000038   Code   RO          513    i.QuiteSort         mpu6050.o
    0x0800132a   0x0000003e   Code   RO            3    i.RCCConfig         main.o
    0x08001368   0x00000020   Code   RO         3863    i.RCC_AHB1PeriphClockCmd  stm32f4xx_rcc.o
    0x08001388   0x00000020   Code   RO         3872    i.RCC_APB1PeriphClockCmd  stm32f4xx_rcc.o
    0x080013a8   0x00000020   Code   RO         3875    i.RCC_APB2PeriphClockCmd  stm32f4xx_rcc.o
    0x080013c8   0x000000e8   Code   RO         3884    i.RCC_GetClocksFreq  stm32f4xx_rcc.o
    0x080014b0   0x00000018   Code   RO         3888    i.RCC_HCLKConfig    stm32f4xx_rcc.o
    0x080014c8   0x00000010   Code   RO         3889    i.RCC_HSEConfig     stm32f4xx_rcc.o
    0x080014d8   0x00000018   Code   RO         3899    i.RCC_PCLK1Config   stm32f4xx_rcc.o
    0x080014f0   0x00000018   Code   RO         3900    i.RCC_PCLK2Config   stm32f4xx_rcc.o
    0x08001508   0x0000000c   Code   RO         3901    i.RCC_PLLCmd        stm32f4xx_rcc.o
    0x08001514   0x00000024   Code   RO         3902    i.RCC_PLLConfig     stm32f4xx_rcc.o
    0x08001538   0x00000018   Code   RO         3913    i.RCC_SYSCLKConfig  stm32f4xx_rcc.o
    0x08001550   0x00000002   Code   RO          194    i.SVC_Handler       stm32f4xx_it.o
    0x08001552   0x00000002   PAD
    0x08001554   0x00000040   Code   RO         5141    i.SYSCFG_EXTILineConfig  stm32f4xx_syscfg.o
    0x08001594   0x000000ec   Code   RO          285    i.SetSysClock       system_stm32f4xx.o
    0x08001680   0x00000128   Code   RO          514    i.SortAver_FilterXYZ  mpu6050.o
    0x080017a8   0x00000010   Code   RO          195    i.SysTick_Handler   stm32f4xx_it.o
    0x080017b8   0x00000068   Code   RO          287    i.SystemInit        system_stm32f4xx.o
    0x08001820   0x00000024   Code   RO          196    i.TIM2_IRQHandler   stm32f4xx_it.o
    0x08001844   0x00000018   Code   RO         5198    i.TIM_ARRPreloadConfig  stm32f4xx_tim.o
    0x0800185c   0x00000006   Code   RO         5205    i.TIM_ClearITPendingBit  stm32f4xx_tim.o
    0x08001862   0x00000018   Code   RO         5210    i.TIM_Cmd           stm32f4xx_tim.o
    0x0800187a   0x0000001e   Code   RO         5212    i.TIM_CtrlPWMOutputs  stm32f4xx_tim.o
    0x08001898   0x00000022   Code   RO         5231    i.TIM_GetITStatus   stm32f4xx_tim.o
    0x080018ba   0x00000012   Code   RO         5235    i.TIM_ITConfig      stm32f4xx_tim.o
    0x080018cc   0x0000007c   Code   RO         5239    i.TIM_OC1Init       stm32f4xx_tim.o
    0x08001948   0x00000012   Code   RO         5242    i.TIM_OC1PreloadConfig  stm32f4xx_tim.o
    0x0800195a   0x00000002   PAD
    0x0800195c   0x000000a4   Code   RO         5244    i.TIM_OC2Init       stm32f4xx_tim.o
    0x08001a00   0x0000001a   Code   RO         5247    i.TIM_OC2PreloadConfig  stm32f4xx_tim.o
    0x08001a1a   0x00000002   PAD
    0x08001a1c   0x000000a0   Code   RO         5249    i.TIM_OC3Init       stm32f4xx_tim.o
    0x08001abc   0x00000012   Code   RO         5252    i.TIM_OC3PreloadConfig  stm32f4xx_tim.o
    0x08001ace   0x00000002   PAD
    0x08001ad0   0x00000078   Code   RO         5254    i.TIM_OC4Init       stm32f4xx_tim.o
    0x08001b48   0x0000001a   Code   RO         5256    i.TIM_OC4PreloadConfig  stm32f4xx_tim.o
    0x08001b62   0x00000014   Code   RO         5257    i.TIM_OCStructInit  stm32f4xx_tim.o
    0x08001b76   0x00000002   PAD
    0x08001b78   0x00000084   Code   RO         5282    i.TIM_TimeBaseInit  stm32f4xx_tim.o
    0x08001bfc   0x00000012   Code   RO         5283    i.TIM_TimeBaseStructInit  stm32f4xx_tim.o
    0x08001c0e   0x00000002   PAD
    0x08001c10   0x00000068   Code   RO         1036    i.UART5_IRQHandler  usart5.o
    0x08001c78   0x00000030   Code   RO          197    i.USART1_IRQHandler  stm32f4xx_it.o
    0x08001ca8   0x0000002c   Code   RO          910    i.USART1_Send       usart1.o
    0x08001cd4   0x000000ac   Code   RO          911    i.USART1_init       usart1.o
    0x08001d80   0x00000014   Code   RO          984    i.USART3_IRQHandler  usart3.o
    0x08001d94   0x0000001e   Code   RO         5757    i.USART_ClearITPendingBit  stm32f4xx_usart.o
    0x08001db2   0x00000018   Code   RO         5760    i.USART_Cmd         stm32f4xx_usart.o
    0x08001dca   0x00000054   Code   RO         5764    i.USART_GetITStatus  stm32f4xx_usart.o
    0x08001e1e   0x0000004a   Code   RO         5766    i.USART_ITConfig    stm32f4xx_usart.o
    0x08001e68   0x000000d4   Code   RO         5767    i.USART_Init        stm32f4xx_usart.o
    0x08001f3c   0x0000000a   Code   RO         5774    i.USART_ReceiveData  stm32f4xx_usart.o
    0x08001f46   0x00000004   Code   RO          198    i.UsageFault_Handler  stm32f4xx_it.o
    0x08001f4a   0x00000030   Code   RO         6134    i.__ARM_fpclassify  m_wm.l(fpclassify.o)
    0x08001f7a   0x00000006   PAD
    0x08001f80   0x00000360   Code   RO         6011    i.__hardfp_asin     m_wm.l(asin.o)
    0x080022e0   0x000002d8   Code   RO         6106    i.__hardfp_atan     m_wm.l(atan.o)
    0x080025b8   0x000001f0   Code   RO         6025    i.__hardfp_atan2    m_wm.l(atan2.o)
    0x080027a8   0x00000014   Code   RO         6037    i.__hardfp_fabs     m_wm.l(fabs.o)
    0x080027bc   0x0000007a   Code   RO         6043    i.__hardfp_sqrt     m_wm.l(sqrt.o)
    0x08002836   0x000000f8   Code   RO         6136    i.__kernel_poly     m_wm.l(poly.o)
    0x0800292e   0x00000014   Code   RO         6121    i.__mathlib_dbl_infnan  m_wm.l(dunder.o)
    0x08002942   0x00000014   Code   RO         6122    i.__mathlib_dbl_infnan2  m_wm.l(dunder.o)
    0x08002956   0x00000002   PAD
    0x08002958   0x00000020   Code   RO         6123    i.__mathlib_dbl_invalid  m_wm.l(dunder.o)
    0x08002978   0x00000020   Code   RO         6126    i.__mathlib_dbl_underflow  m_wm.l(dunder.o)
    0x08002998   0x0000000e   Code   RO         6185    i.__scatterload_copy  mc_w.l(handlers.o)
    0x080029a6   0x00000002   Code   RO         6186    i.__scatterload_null  mc_w.l(handlers.o)
    0x080029a8   0x0000000e   Code   RO         6187    i.__scatterload_zeroinit  mc_w.l(handlers.o)
    0x080029b6   0x00000002   PAD
    0x080029b8   0x0000000c   Code   RO         6159    i.__set_errno       mc_w.l(errno.o)
    0x080029c4   0x00000010   Code   RO         6108    i.atan              m_wm.l(atan.o)
    0x080029d4   0x00000018   Code   RO         6039    i.fabs              m_wm.l(fabs.o)
    0x080029ec   0x00000050   Code   RO         6064    i.free              mc_w.l(malloc.o)
    0x08002a3c   0x0000008c   Code   RO            4    i.main              main.o
    0x08002ac8   0x0000006c   Code   RO         6065    i.malloc            mc_w.l(malloc.o)
    0x08002b34   0x0000006e   Code   RO         6045    i.sqrt              m_wm.l(sqrt.o)
    0x08002ba2   0x00000002   PAD
    0x08002ba4   0x00000038   Code   RO          322    i.vAllInit          allcontrol.o
    0x08002bdc   0x00000368   Code   RO         1145    i.vComFilter        filter.o
    0x08002f44   0x000001e4   Code   RO          323    i.vDroneControl     allcontrol.o
    0x08003128   0x00000054   Code   RO          324    i.vDroneLock        allcontrol.o
    0x0800317c   0x00000118   Code   RO          325    i.vDroneSatetyCheck  allcontrol.o
    0x08003294   0x000000ec   Code   RO          326    i.vDroneunLock      allcontrol.o
    0x08003380   0x00000052   Code   RO          327    i.vIMUCalculation   allcontrol.o
    0x080033d2   0x00000002   PAD
    0x080033d4   0x00000088   Code   RO          463    i.vLEDDisplay       led.o
    0x0800345c   0x00000050   Code   RO          464    i.vLEDInit          led.o
    0x080034ac   0x0000013c   Code   RO          616    i.vMotorInit        motor.o
    0x080035e8   0x00000010   Code   RO          617    i.vMotorLock        motor.o
    0x080035f8   0x00000040   Code   RO          618    i.vMotorPWMSet      motor.o
    0x08003638   0x000000e2   Code   RO         1125    i.vPIDCalculate     pid.o
    0x0800371a   0x00000002   PAD
    0x0800371c   0x00000190   Code   RO          328    i.vPIDParaInit      allcontrol.o
    0x080038ac   0x00000104   Code   RO         1092    i.vPPMCallback      ppm.o
    0x080039b0   0x00000084   Code   RO         1093    i.vPPMInit          ppm.o
    0x08003a34   0x00000030   Code   RO         1146    i.vQuadInit         filter.o
    0x08003a64   0x000001a4   Code   RO         1147    i.vQuadToEuler      filter.o
    0x08003c08   0x00000028   Code   RO         1220    i.vReceiveData      ano_dt.o
    0x08003c30   0x00000180   Code   RO          596    i.vRemoteDataHandle  remote.o
    0x08003db0   0x00000418   Code   RO         1221    i.vSendDataPolling  ano_dt.o
    0x080041c8   0x00000010   Code   RO         1222    i.vSendDataPort     ano_dt.o
    0x080041d8   0x00000078   Code   RO         1223    i.vSendOneFrame     ano_dt.o
    0x08004250   0x00000098   Code   RO          465    i.vSetLEDColor      led.o
    0x080042e8   0x000000e0   Code   RO          466    i.vSetLEDToggle     led.o
    0x080043c8   0x00000056   Code   RO          890    i.vTIM2Init         tim.o
    0x0800441e   0x00000002   PAD
    0x08004420   0x00000050   Data   RO         6014    .constdata          m_wm.l(asin.o)
    0x08004470   0x00000098   Data   RO         6109    .constdata          m_wm.l(atan.o)
    0x08004508   0x00000008   Data   RO         6138    .constdata          m_wm.l(qnan.o)
    0x08004510   0x00000020   Data   RO         6183    Region$$Table       anon$$obj.o


    Execution Region RW_IRAM1 (Base: 0x20000000, Size: 0x00000a88, Max: 0x00020000, ABSOLUTE)

    Base Addr    Size         Type   Attr      Idx    E Section Name        Object

    0x20000000   0x00000005   Data   RW            6    .data               main.o
    0x20000005   0x00000003   PAD
    0x20000008   0x00000014   Data   RW          288    .data               system_stm32f4xx.o
    0x2000001c   0x00000009   Data   RW          330    .data               allcontrol.o
    0x20000025   0x00000001   Data   RW          467    .data               led.o
    0x20000026   0x00000002   PAD
    0x20000028   0x00000016   Data   RW          516    .data               mpu6050.o
    0x2000003e   0x00000001   Data   RW          776    .data               i2c_soft.o
    0x2000003f   0x00000002   Data   RW         1040    .data               usart5.o
    0x20000041   0x00000003   PAD
    0x20000044   0x0000001c   Data   RW         1095    .data               ppm.o
    0x20000060   0x0000000c   Data   RW         1148    .data               filter.o
    0x2000006c   0x00000002   Data   RW         1225    .data               ano_dt.o
    0x2000006e   0x00000010   Data   RW         3916    .data               stm32f4xx_rcc.o
    0x2000007e   0x00000002   PAD
    0x20000080   0x00000004   Data   RW         6155    .data               mc_w.l(mvars.o)
    0x20000084   0x00000004   Data   RW         6156    .data               mc_w.l(mvars.o)
    0x20000088   0x00000004   Data   RW         6160    .data               mc_w.l(errno.o)
    0x2000008c   0x000000c0   Zero   RW            5    .bss                main.o
    0x2000014c   0x00000114   Zero   RW          329    .bss                allcontrol.o
    0x20000260   0x000000c0   Zero   RW          515    .bss                mpu6050.o
    0x20000320   0x00000100   Zero   RW         1039    .bss                usart5.o
    0x20000420   0x00000024   Zero   RW         1094    .bss                ppm.o
    0x20000444   0x00000040   Zero   RW         1224    .bss                ano_dt.o
    0x20000484   0x00000004   PAD
    0x20000488   0x00000200   Zero   RW         6005    HEAP                startup_stm32f40_41xxx.o
    0x20000688   0x00000400   Zero   RW         6004    STACK               startup_stm32f40_41xxx.o


==============================================================================

Image component sizes


      Code (inc. data)   RO Data    RW Data    ZI Data      Debug   Object Name

      1622        228          0          9        276     237972   allcontrol.o
      1224         76          0          2         64       5286   ano_dt.o
      1340         36          0         12          0       2780   filter.o
       800         44          0          1          0       7175   i2c_soft.o
       592         42          0          1          0       3273   led.o
       202         16          0          5        192     321396   main.o
       120         14          0          0          0       1140   misc.o
       396         18          0          0          0       1933   motor.o
      1594         76          0         22        192       9206   mpu6050.o
       226          0          0          0          0        956   pid.o
       392         42          0         28         36       2284   ppm.o
       384         30          0          0          0       1260   remote.o
        36          8        392          0       1536        892   startup_stm32f40_41xxx.o
       184         16          0          0          0       2328   stm32f4xx_exti.o
       236          0          0          0          0       3144   stm32f4xx_gpio.o
       154         14          0          0          0       5611   stm32f4xx_it.o
       488         74          0         16          0       9268   stm32f4xx_rcc.o
        64          4          0          0          0        704   stm32f4xx_syscfg.o
       962         66          0          0          0      12214   stm32f4xx_tim.o
       434          8          0          0          0       5276   stm32f4xx_usart.o
       340         32          0         20          0       1749   system_stm32f4xx.o
        86          0          0          0          0        652   tim.o
       216         14          0          0          0       1344   usart1.o
        40          8          0          0          0        490   usart2.o
        20          6          0          0          0        488   usart3.o
       104         16          0          2        256       1149   usart5.o

    ----------------------------------------------------------------------
     12276        888        424        128       2556     639970   Object Totals
         0          0         32          0          0          0   (incl. Generated)
        20          0          0         10          4          0   (incl. Padding)

    ----------------------------------------------------------------------

      Code (inc. data)   RO Data    RW Data    ZI Data      Debug   Library Member Name

       864         94         80          0          0        280   asin.o
       744        106        152          0          0        352   atan.o
       496         64          0          0          0        192   atan2.o
       104         16          0          0          0        496   dunder.o
        44          0          0          0          0        248   fabs.o
        48          0          0          0          0        124   fpclassify.o
       248          0          0          0          0        152   poly.o
         0          0          8          0          0          0   qnan.o
       232          0          0          0          0        296   sqrt.o
         0          0          0          0          0          0   entry.o
         0          0          0          0          0          0   entry10a.o
         0          0          0          0          0          0   entry11a.o
         8          4          0          0          0          0   entry2.o
         4          0          0          0          0          0   entry5.o
         0          0          0          0          0          0   entry7b.o
         0          0          0          0          0          0   entry8b.o
         8          4          0          0          0          0   entry9a.o
        12          6          0          4          0         68   errno.o
        30          0          0          0          0          0   handlers.o
        36          8          0          0          0         68   init.o
         0          0          0          0          0          0   iusefp.o
        30          0          0          0          0         68   llshl.o
        36          0          0          0          0         68   llsshr.o
        32          0          0          0          0         68   llushr.o
       188         20          0          0          0        160   malloc.o
        36          0          0          0          0         68   memcpya.o
        36          0          0          0          0        108   memseta.o
         0          0          0          8          0          0   mvars.o
        48          0          0          0          0         68   cdcmple.o
        48          0          0          0          0         68   cdrcmple.o
        56          0          0          0          0         88   d2f.o
       334          0          0          0          0        148   dadd.o
       222          0          0          0          0        100   ddiv.o
       186          0          0          0          0        176   depilogue.o
        62          0          0          0          0         80   dfixi.o
        26          0          0          0          0         76   dfltui.o
       228          0          0          0          0         96   dmul.o
       162          0          0          0          0        100   dsqrt.o
        38          0          0          0          0         68   f2d.o
       110          0          0          0          0        168   fepilogue.o

    ----------------------------------------------------------------------
      4772        322        240         12          0       4052   Library Totals
        16          0          0          0          0          0   (incl. Padding)

    ----------------------------------------------------------------------

      Code (inc. data)   RO Data    RW Data    ZI Data      Debug   Library Name

      2780        280        240          0          0       2140   m_wm.l
       456         42          0         12          0        676   mc_w.l
      1520          0          0          0          0       1236   mf_w.l

    ----------------------------------------------------------------------
      4772        322        240         12          0       4052   Library Totals

    ----------------------------------------------------------------------

==============================================================================


      Code (inc. data)   RO Data    RW Data    ZI Data      Debug   

     17048       1210        664        140       2556     631190   Grand Totals
     17048       1210        664        140       2556     631190   ELF Image Totals
     17048       1210        664        140          0          0   ROM Totals

==============================================================================

    Total RO  Size (Code + RO Data)                17712 (  17.30kB)
    Total RW  Size (RW Data + ZI Data)              2696 (   2.63kB)
    Total ROM Size (Code + RO Data + RW Data)      17852 (  17.43kB)

==============================================================================

