Component: ARM Compiler 5.06 update 2 (build 183) Tool: armlink [4d35b7]

==============================================================================

Section Cross References

    main.o(i.RCCConfig) refers to stm32f4xx_rcc.o(i.RCC_HSEConfig) for RCC_HSEConfig
    main.o(i.RCCConfig) refers to stm32f4xx_rcc.o(i.RCC_PLLConfig) for RCC_PLLConfig
    main.o(i.RCCConfig) refers to stm32f4xx_rcc.o(i.RCC_SYSCLKConfig) for RCC_SYSCLKConfig
    main.o(i.RCCConfig) refers to stm32f4xx_rcc.o(i.RCC_HCLKConfig) for RCC_HCLKConfig
    main.o(i.RCCConfig) refers to stm32f4xx_rcc.o(i.RCC_PCLK1Config) for RCC_PCLK1Config
    main.o(i.RCCConfig) refers to stm32f4xx_rcc.o(i.RCC_PCLK2Config) for RCC_PCLK2Config
    main.o(i.RCCConfig) refers to stm32f4xx_rcc.o(i.RCC_PLLCmd) for RCC_PLLCmd
    main.o(i.main) refers to main.o(i.RCCConfig) for RCCConfig
    main.o(i.main) refers to delay.o(i.Delay_Init) for Delay_Init
    main.o(i.main) refers to allcontrol.o(i.vAllInit) for vAllInit
    main.o(i.main) refers to allcontrol.o(i.vDroneunLock) for vDroneunLock
    main.o(i.main) refers to allcontrol.o(i.vDroneLock) for vDroneLock
    main.o(i.main) refers to main.o(.bss) for MyDrone
    stm32f4xx_it.o(i.EXTI15_10_IRQHandler) refers to stm32f4xx_exti.o(i.EXTI_GetITStatus) for EXTI_GetITStatus
    stm32f4xx_it.o(i.EXTI15_10_IRQHandler) refers to ppm.o(i.vPPMCallback) for vPPMCallback
    stm32f4xx_it.o(i.EXTI15_10_IRQHandler) refers to stm32f4xx_exti.o(i.EXTI_ClearITPendingBit) for EXTI_ClearITPendingBit
    stm32f4xx_it.o(i.SysTick_Handler) refers to main.o(.data) for uSystickCount
    stm32f4xx_it.o(i.SysTick_Handler) refers to delay.o(.data) for sysTickUptime
    stm32f4xx_it.o(i.TIM2_IRQHandler) refers to stm32f4xx_tim.o(i.TIM_GetITStatus) for TIM_GetITStatus
    stm32f4xx_it.o(i.TIM2_IRQHandler) refers to stm32f4xx_tim.o(i.TIM_ClearITPendingBit) for TIM_ClearITPendingBit
    stm32f4xx_it.o(i.TIM2_IRQHandler) refers to ppm.o(.data) for TIME_ISR_CNT
    system_stm32f4xx.o(i.SystemCoreClockUpdate) refers to system_stm32f4xx.o(.data) for SystemCoreClock
    system_stm32f4xx.o(i.SystemInit) refers to system_stm32f4xx.o(i.SetSysClock) for SetSysClock
    allcontrol.o(i.StockTest) refers to motor.o(i.vMotorPWMSet) for vMotorPWMSet
    allcontrol.o(i.StockTest) refers to motor.o(i.vMotorLock) for vMotorLock
    allcontrol.o(i.StockTest) refers to main.o(.bss) for xRemote
    allcontrol.o(i.StockTest) refers to allcontrol.o(.data) for flag
    allcontrol.o(i.StockTest) refers to main.o(.data) for uSystickCount
    allcontrol.o(i.vAllInit) refers to delay.o(i.delay_ms) for delay_ms
    allcontrol.o(i.vAllInit) refers to ppm.o(i.vPPMInit) for vPPMInit
    allcontrol.o(i.vAllInit) refers to usart.o(i.uart6_init) for uart6_init
    allcontrol.o(i.vAllInit) refers to usart.o(i.uart2_init) for uart2_init
    allcontrol.o(i.vAllInit) refers to led.o(i.vLEDInit) for vLEDInit
    allcontrol.o(i.vAllInit) refers to i2c_soft.o(i.I2c_Soft_Init) for I2c_Soft_Init
    allcontrol.o(i.vAllInit) refers to mpu6050.o(i.MPU6050_Init) for MPU6050_Init
    allcontrol.o(i.vAllInit) refers to ak8975.o(i.AK8975_Init) for AK8975_Init
    allcontrol.o(i.vAllInit) refers to spl06.o(i.SPL06_Init) for SPL06_Init
    allcontrol.o(i.vAllInit) refers to motor.o(i.vMotorInit) for vMotorInit
    allcontrol.o(i.vAllInit) refers to allcontrol.o(i.vPIDParaInit) for vPIDParaInit
    allcontrol.o(i.vAllInit) refers to allcontrol.o(i.vDroneReadCalData) for vDroneReadCalData
    allcontrol.o(i.vAllInit) refers to directimu.o(i.IMU_Init) for IMU_Init
    allcontrol.o(i.vAllInit) refers to main.o(.bss) for MyDrone
    allcontrol.o(i.vDroneCalibration) refers to mpu6050.o(i.MPU6050_Calibration) for MPU6050_Calibration
    allcontrol.o(i.vDroneCalibration) refers to at24c02.o(i.SaveFloatData) for SaveFloatData
    allcontrol.o(i.vDroneControl) refers to pid.o(i.PID_AlterI) for PID_AlterI
    allcontrol.o(i.vDroneControl) refers to pid.o(i.PID_Normal) for PID_Normal
    allcontrol.o(i.vDroneControl) refers to motor.o(i.vMotorPWMSet) for vMotorPWMSet
    allcontrol.o(i.vDroneControl) refers to allcontrol.o(.data) for uMotor1PWM
    allcontrol.o(i.vDroneControl) refers to main.o(.bss) for MyDrone
    allcontrol.o(i.vDroneControl) refers to allcontrol.o(.bss) for PID_Roll_Angle
    allcontrol.o(i.vDroneLock) refers to led.o(i.vLEDDisplay) for vLEDDisplay
    allcontrol.o(i.vDroneLock) refers to motor.o(i.vMotorLock) for vMotorLock
    allcontrol.o(i.vDroneLock) refers to ano_dt.o(i.vSendDataPolling) for vSendDataPolling
    allcontrol.o(i.vDroneLock) refers to allcontrol.o(i.vIMUCalculation) for vIMUCalculation
    allcontrol.o(i.vDroneLock) refers to remote.o(i.vRemoteDataHandle) for vRemoteDataHandle
    allcontrol.o(i.vDroneLock) refers to allcontrol.o(i.vDroneCalibration) for vDroneCalibration
    allcontrol.o(i.vDroneLock) refers to main.o(.bss) for xLED
    allcontrol.o(i.vDroneLock) refers to allcontrol.o(.data) for uTaskLastTime
[...]
    .text                                    0x08000404   Section        0  arm_mat_init_f32.o(.text)
    .text                                    0x0800040c   Section        0  arm_mat_trans_f32.o(.text)
    .text                                    0x080004a4   Section        0  memcpya.o(.text)
    .text                                    0x080004c8   Section        0  memseta.o(.text)
    .text                                    0x080004ec   Section        0  dadd.o(.text)
    .text                                    0x0800063a   Section        0  dmul.o(.text)
    .text                                    0x0800071e   Section        0  dflti.o(.text)
    .text                                    0x08000740   Section        0  f2d.o(.text)
    .text                                    0x08000768   Section       48  cdcmple.o(.text)
    .text                                    0x08000798   Section       48  cdrcmple.o(.text)
    .text                                    0x080007c8   Section        0  d2f.o(.text)
    .text                                    0x08000800   Section        0  llshl.o(.text)
    .text                                    0x0800081e   Section        0  llsshr.o(.text)
    .text                                    0x08000842   Section        0  iusefp.o(.text)
    .text                                    0x08000842   Section        0  fepilogue.o(.text)
    .text                                    0x080008b0   Section        0  depilogue.o(.text)
    .text                                    0x0800096a   Section        0  ddiv.o(.text)
    .text                                    0x08000a48   Section        0  dsqrt.o(.text)
    .text                                    0x08000aec   Section       36  init.o(.text)
    .text                                    0x08000b10   Section        0  llushr.o(.text)
    .text                                    0x08000b30   Section        0  dfltui.o(.text)
    .text                                    0x08000b4a   Section        0  dfixi.o(.text)
    i.AK8975_ByteWrite                       0x08000b88   Section        0  ak8975.o(i.AK8975_ByteWrite)
    AK8975_ByteWrite                         0x08000b89   Thumb Code    20  ak8975.o(i.AK8975_ByteWrite)
    i.AK8975_GetMagData                      0x08000b9c   Section        0  ak8975.o(i.AK8975_GetMagData)
    i.AK8975_GetMagRawData                   0x08000bac   Section        0  ak8975.o(i.AK8975_GetMagRawData)
    AK8975_GetMagRawData                     0x08000bad   Thumb Code   216  ak8975.o(i.AK8975_GetMagRawData)
    i.AK8975_Init                            0x08000c8c   Section        0  ak8975.o(i.AK8975_Init)
    i.AK8975_ReadByte                        0x08000cc8   Section        0  ak8975.o(i.AK8975_ReadByte)
    AK8975_ReadByte                          0x08000cc9   Thumb Code    20  ak8975.o(i.AK8975_ReadByte)
    i.AK8975_ReadNByte                       0x08000cdc   Section        0  ak8975.o(i.AK8975_ReadNByte)
    AK8975_ReadNByte                         0x08000cdd   Thumb Code    82  ak8975.o(i.AK8975_ReadNByte)
    i.AT24C02_ByteWrite                      0x08000d2e   Section        0  at24c02.o(i.AT24C02_ByteWrite)
    i.AT24C02_NByteRandomRead                0x08000d46   Section        0  at24c02.o(i.AT24C02_NByteRandomRead)
    i.Altitude_GetRelativeAltitude           0x08000d5c   Section        0  altitude.o(i.Altitude_GetRelativeAltitude)
    i.BusFault_Handler                       0x08000efc   Section        0  stm32f4xx_it.o(i.BusFault_Handler)
    i.Calculate2Hadj                         0x08000f00   Section        0  ak8975.o(i.Calculate2Hadj)
    Calculate2Hadj                           0x08000f01   Thumb Code    52  ak8975.o(i.Calculate2Hadj)
    i.DebugMon_Handler                       0x08000f40   Section        0  stm32f4xx_it.o(i.DebugMon_Handler)
    i.Delay_Init                             0x08000f44   Section        0  delay.o(i.Delay_Init)
    i.DirectIMU                              0x08000fbc   Section        0  directimu.o(i.DirectIMU)
    i.EXTI15_10_IRQHandler                   0x08001258   Section        0  stm32f4xx_it.o(i.EXTI15_10_IRQHandler)
    i.EXTI_ClearITPendingBit                 0x08001278   Section        0  stm32f4xx_exti.o(i.EXTI_ClearITPendingBit)
    i.EXTI_GetITStatus                       0x08001284   Section        0  stm32f4xx_exti.o(i.EXTI_GetITStatus)
    i.EXTI_Init                              0x0800129c   Section        0  stm32f4xx_exti.o(i.EXTI_Init)
    i.GPIO_Init                              0x08001330   Section        0  stm32f4xx_gpio.o(i.GPIO_Init)
    i.GPIO_PinAFConfig                       0x080013c0   Section        0  stm32f4xx_gpio.o(i.GPIO_PinAFConfig)
    i.GPIO_SetBits                           0x08001406   Section        0  stm32f4xx_gpio.o(i.GPIO_SetBits)
    i.GPIO_StructInit                        0x0800140a   Section        0  stm32f4xx_gpio.o(i.GPIO_StructInit)
    i.HardFault_Handler                      0x0800141c   Section        0  stm32f4xx_it.o(i.HardFault_Handler)
    i.I2c_Soft_Ask                           0x08001420   Section        0  i2c_soft.o(i.I2c_Soft_Ask)
    i.I2c_Soft_Init                          0x08001454   Section        0  i2c_soft.o(i.I2c_Soft_Init)
    i.I2c_Soft_NoAsk                         0x08001488   Section        0  i2c_soft.o(i.I2c_Soft_NoAsk)
    i.I2c_Soft_ReadByte                      0x080014bc   Section        0  i2c_soft.o(i.I2c_Soft_ReadByte)
    i.I2c_Soft_SendByte                      0x0800151c   Section        0  i2c_soft.o(i.I2c_Soft_SendByte)
    i.I2c_Soft_Start                         0x08001570   Section        0  i2c_soft.o(i.I2c_Soft_Start)
    i.I2c_Soft_Stop                          0x080015c8   Section        0  i2c_soft.o(i.I2c_Soft_Stop)
    i.I2c_Soft_WaitAsk                       0x080015fc   Section        0  i2c_soft.o(i.I2c_Soft_WaitAsk)
    i.I2c_Soft_delay                         0x08001654   Section        0  i2c_soft.o(i.I2c_Soft_delay)
    i.IIC_Read_1Byte                         0x08001684   Section        0  i2c_soft.o(i.IIC_Read_1Byte)
    i.IIC_Read_nByte                         0x080016d0   Section        0  i2c_soft.o(i.IIC_Read_nByte)
    i.IIC_Write_1Byte                        0x0800174e   Section        0  i2c_soft.o(i.IIC_Write_1Byte)
    i.IMU_Init                               0x0800178c   Section        0  directimu.o(i.IMU_Init)
    i.IMU_UpdataF                            0x080017b4   Section        0  directimu.o(i.IMU_UpdataF)
    IMU_UpdataF                              0x080017b5   Thumb Code   238  directimu.o(i.IMU_UpdataF)
    i.IMU_UpdataH                            0x080018a8   Section        0  directimu.o(i.IMU_UpdataH)
    IMU_UpdataH                              0x080018a9   Thumb Code   208  directimu.o(i.IMU_UpdataH)
    i.IMU_UpdataY                            0x08001978   Section        0  directimu.o(i.IMU_UpdataY)
    IMU_UpdataY                              0x08001979   Thumb Code   166  directimu.o(i.IMU_UpdataY)
    i.MPU6050_AccGToMS2                      0x08001a24   Section        0  mpu6050.o(i.MPU6050_AccGToMS2)
    MPU6050_AccGToMS2                        0x08001a25   Thumb Code    40  mpu6050.o(i.MPU6050_AccGToMS2)
    i.MPU6050_ByteWrite                      0x08001a50   Section        0  mpu6050.o(i.MPU6050_ByteWrite)
    MPU6050_ByteWrite                        0x08001a51   Thumb Code    20  mpu6050.o(i.MPU6050_ByteWrite)
    i.MPU6050_Calibration                    0x08001a64   Section        0  mpu6050.o(i.MPU6050_Calibration)
    i.MPU6050_GetGyroAccData                 0x08001b3e   Section        0  mpu6050.o(i.MPU6050_GetGyroAccData)
    i.MPU6050_GetRawData                     0x08001b78   Section        0  mpu6050.o(i.MPU6050_GetRawData)
    MPU6050_GetRawData                       0x08001b79   Thumb Code   236  mpu6050.o(i.MPU6050_GetRawData)
    i.MPU6050_GyroDegToRadian                0x08001c6c   Section        0  mpu6050.o(i.MPU6050_GyroDegToRadian)
    MPU6050_GyroDegToRadian                  0x08001c6d   Thumb Code    40  mpu6050.o(i.MPU6050_GyroDegToRadian)
    i.MPU6050_Init                           0x08001c98   Section        0  mpu6050.o(i.MPU6050_Init)
    i.MPU6050_MinusOffset                    0x08001cd8   Section        0  mpu6050.o(i.MPU6050_MinusOffset)
    MPU6050_MinusOffset                      0x08001cd9   Thumb Code    44  mpu6050.o(i.MPU6050_MinusOffset)
    i.MPU6050_ReadNByte                      0x08001d04   Section        0  mpu6050.o(i.MPU6050_ReadNByte)
    MPU6050_ReadNByte                        0x08001d05   Thumb Code    28  mpu6050.o(i.MPU6050_ReadNByte)
    i.MatMultiVector                         0x08001d20   Section        0  directimu.o(i.MatMultiVector)
    MatMultiVector                           0x08001d21   Thumb Code    88  directimu.o(i.MatMultiVector)
    i.MemManage_Handler                      0x08001d7c   Section        0  stm32f4xx_it.o(i.MemManage_Handler)
    i.NMI_Handler                            0x08001d80   Section        0  stm32f4xx_it.o(i.NMI_Handler)
    i.NVIC_Init                              0x08001d84   Section        0  misc.o(i.NVIC_Init)
    i.PID_AlterI                             0x08001dfc   Section        0  pid.o(i.PID_AlterI)
    i.PID_Normal                             0x08001f80   Section        0  pid.o(i.PID_Normal)
    i.PendSV_Handler                         0x080020bc   Section        0  stm32f4xx_it.o(i.PendSV_Handler)
    i.RCCConfig                              0x080020be   Section        0  main.o(i.RCCConfig)
    i.RCC_AHB1PeriphClockCmd                 0x080020fc   Section        0  stm32f4xx_rcc.o(i.RCC_AHB1PeriphClockCmd)
    i.RCC_APB1PeriphClockCmd                 0x0800211c   Section        0  stm32f4xx_rcc.o(i.RCC_APB1PeriphClockCmd)
    i.RCC_APB1PeriphResetCmd                 0x0800213c   Section        0  stm32f4xx_rcc.o(i.RCC_APB1PeriphResetCmd)
    i.RCC_APB2PeriphClockCmd                 0x0800215c   Section        0  stm32f4xx_rcc.o(i.RCC_APB2PeriphClockCmd)
    i.RCC_APB2PeriphResetCmd                 0x0800217c   Section        0  stm32f4xx_rcc.o(i.RCC_APB2PeriphResetCmd)
    i.RCC_GetClocksFreq                      0x0800219c   Section        0  stm32f4xx_rcc.o(i.RCC_GetClocksFreq)
    i.RCC_HCLKConfig                         0x08002284   Section        0  stm32f4xx_rcc.o(i.RCC_HCLKConfig)
    i.RCC_HSEConfig                          0x0800229c   Section        0  stm32f4xx_rcc.o(i.RCC_HSEConfig)
    i.RCC_PCLK1Config                        0x080022ac   Section        0  stm32f4xx_rcc.o(i.RCC_PCLK1Config)
    i.RCC_PCLK2Config                        0x080022c4   Section        0  stm32f4xx_rcc.o(i.RCC_PCLK2Config)
    i.RCC_PLLCmd                             0x080022dc   Section        0  stm32f4xx_rcc.o(i.RCC_PLLCmd)
    i.RCC_PLLConfig                          0x080022e8   Section        0  stm32f4xx_rcc.o(i.RCC_PLLConfig)
    i.RCC_SYSCLKConfig                       0x0800230c   Section        0  stm32f4xx_rcc.o(i.RCC_SYSCLKConfig)
    i.ReadFloatData                          0x08002324   Section        0  at24c02.o(i.ReadFloatData)
    i.RemoteFilter                           0x0800235c   Section        0  remote.o(i.RemoteFilter)
    RemoteFilter                             0x0800235d   Thumb Code   246  remote.o(i.RemoteFilter)
    i.SPL06_ByteWrite                        0x08002460   Section        0  spl06.o(i.SPL06_ByteWrite)
    SPL06_ByteWrite                          0x08002461   Thumb Code    18  spl06.o(i.SPL06_ByteWrite)
    i.SPL06_GetHeight                        0x08002474   Section        0  spl06.o(i.SPL06_GetHeight)
    i.SPL06_GetPressureData                  0x080024f0   Section        0  spl06.o(i.SPL06_GetPressureData)
    i.SPL06_Init                             0x0800264c   Section        0  spl06.o(i.SPL06_Init)
    i.SPL06_ReadByte                         0x080027f4   Section        0  spl06.o(i.SPL06_ReadByte)
    SPL06_ReadByte                           0x080027f5   Thumb Code    20  spl06.o(i.SPL06_ReadByte)
    i.SPL06_ReadID                           0x08002808   Section        0  spl06.o(i.SPL06_ReadID)
    i.SPL06_ReadNByte                        0x08002818   Section        0  spl06.o(i.SPL06_ReadNByte)
    SPL06_ReadNByte                          0x08002819   Thumb Code    22  spl06.o(i.SPL06_ReadNByte)
    i.SVC_Handler                            0x0800282e   Section        0  stm32f4xx_it.o(i.SVC_Handler)
    i.SYSCFG_EXTILineConfig                  0x08002830   Section        0  stm32f4xx_syscfg.o(i.SYSCFG_EXTILineConfig)
    i.SaveFloatData                          0x08002870   Section        0  at24c02.o(i.SaveFloatData)
    i.SetSysClock                            0x08002894   Section        0  system_stm32f4xx.o(i.SetSysClock)
    SetSysClock                              0x08002895   Thumb Code   220  system_stm32f4xx.o(i.SetSysClock)
    i.SysTick_Handler                        0x08002980   Section        0  stm32f4xx_it.o(i.SysTick_Handler)
    i.SystemInit                             0x080029a0   Section        0  system_stm32f4xx.o(i.SystemInit)
    i.TIM2_IRQHandler                        0x08002a08   Section        0  stm32f4xx_it.o(i.TIM2_IRQHandler)
    i.TIM_ARRPreloadConfig                   0x08002a2c   Section        0  stm32f4xx_tim.o(i.TIM_ARRPreloadConfig)
    i.TIM_ClearITPendingBit                  0x08002a44   Section        0  stm32f4xx_tim.o(i.TIM_ClearITPendingBit)
    i.TIM_Cmd                                0x08002a4a   Section        0  stm32f4xx_tim.o(i.TIM_Cmd)
    i.TIM_CtrlPWMOutputs                     0x08002a62   Section        0  stm32f4xx_tim.o(i.TIM_CtrlPWMOutputs)
    i.TIM_GetITStatus                        0x08002a80   Section        0  stm32f4xx_tim.o(i.TIM_GetITStatus)
    i.TIM_ITConfig                           0x08002aa2   Section        0  stm32f4xx_tim.o(i.TIM_ITConfig)
    i.TIM_OC1Init                            0x08002ab4   Section        0  stm32f4xx_tim.o(i.TIM_OC1Init)
    i.TIM_OC1PreloadConfig                   0x08002b30   Section        0  stm32f4xx_tim.o(i.TIM_OC1PreloadConfig)
    i.TIM_OC2Init                            0x08002b44   Section        0  stm32f4xx_tim.o(i.TIM_OC2Init)
    i.TIM_OC2PreloadConfig                   0x08002be8   Section        0  stm32f4xx_tim.o(i.TIM_OC2PreloadConfig)
    i.TIM_OC3Init                            0x08002c04   Section        0  stm32f4xx_tim.o(i.TIM_OC3Init)
    i.TIM_OC3PreloadConfig                   0x08002ca4   Section        0  stm32f4xx_tim.o(i.TIM_OC3PreloadConfig)
    i.TIM_OC4Init                            0x08002cb8   Section        0  stm32f4xx_tim.o(i.TIM_OC4Init)
    i.TIM_OC4PreloadConfig                   0x08002d30   Section        0  stm32f4xx_tim.o(i.TIM_OC4PreloadConfig)
    i.TIM_OCStructInit                       0x08002d4a   Section        0  stm32f4xx_tim.o(i.TIM_OCStructInit)
    i.TIM_TimeBaseInit                       0x08002d60   Section        0  stm32f4xx_tim.o(i.TIM_TimeBaseInit)
    i.TIM_TimeBaseStructInit                 0x08002de4   Section        0  stm32f4xx_tim.o(i.TIM_TimeBaseStructInit)
    i.USART1_IRQHandler                      0x08002df8   Section        0  usart.o(i.USART1_IRQHandler)
    i.USART2_IRQHandler                      0x08002e38   Section        0  usart.o(i.USART2_IRQHandler)
    i.USART_ClearITPendingBit                0x08002e7c   Section        0  stm32f4xx_usart.o(i.USART_ClearITPendingBit)
    i.USART_Cmd                              0x08002e9a   Section        0  stm32f4xx_usart.o(i.USART_Cmd)
    i.USART_DMACmd                           0x08002eb2   Section        0  stm32f4xx_usart.o(i.USART_DMACmd)
    i.USART_DeInit                           0x08002ec4   Section        0  stm32f4xx_usart.o(i.USART_DeInit)
    i.USART_GetITStatus                      0x08002fb4   Section        0  stm32f4xx_usart.o(i.USART_GetITStatus)
    i.USART_ITConfig                         0x08003008   Section        0  stm32f4xx_usart.o(i.USART_ITConfig)
    i.USART_Init                             0x08003054   Section        0  stm32f4xx_usart.o(i.USART_Init)
    i.UsageFault_Handler                     0x08003128   Section        0  stm32f4xx_it.o(i.UsageFault_Handler)
    i.Usart6_Send                            0x0800312c   Section        0  usart.o(i.Usart6_Send)
    i.YawCalcul                              0x08003158   Section        0  directimu.o(i.YawCalcul)
    YawCalcul                                0x08003159   Thumb Code  1088  directimu.o(i.YawCalcul)
    i.__ARM_fpclassify                       0x08003598   Section        0  fpclassify.o(i.__ARM_fpclassify)
    i.__hardfp_asin                          0x080035c8   Section        0  asin.o(i.__hardfp_asin)
    i.__hardfp_atan                          0x08003928   Section        0  atan.o(i.__hardfp_atan)
    i.__hardfp_atan2                         0x08003c00   Section        0  atan2.o(i.__hardfp_atan2)
    i.__hardfp_cos                           0x08003df0   Section        0  cos.o(i.__hardfp_cos)
    i.__hardfp_fabs                          0x08003eb8   Section        0  fabs.o(i.__hardfp_fabs)
    i.__hardfp_log                           0x08003ed0   Section        0  log.o(i.__hardfp_log)
    i.__hardfp_sin                           0x08004298   Section        0  sin.o(i.__hardfp_sin)
    i.__hardfp_sqrt                          0x08004360   Section        0  sqrt.o(i.__hardfp_sqrt)
    i.__ieee754_rem_pio2                     0x080043e0   Section        0  rred.o(i.__ieee754_rem_pio2)
    i.__kernel_cos                           0x08004818   Section        0  cos_i.o(i.__kernel_cos)
    i.__kernel_poly                          0x08004988   Section        0  poly.o(i.__kernel_poly)
    i.__kernel_sin                           0x08004a80   Section        0  sin_i.o(i.__kernel_sin)
    i.__mathlib_dbl_divzero                  0x08004bb0   Section        0  dunder.o(i.__mathlib_dbl_divzero)
    i.__mathlib_dbl_infnan                   0x08004be0   Section        0  dunder.o(i.__mathlib_dbl_infnan)
    i.__mathlib_dbl_infnan2                  0x08004bf4   Section        0  dunder.o(i.__mathlib_dbl_infnan2)
    i.__mathlib_dbl_invalid                  0x08004c08   Section        0  dunder.o(i.__mathlib_dbl_invalid)
    i.__mathlib_dbl_underflow                0x08004c28   Section        0  dunder.o(i.__mathlib_dbl_underflow)
    i.__scatterload_copy                     0x08004c48   Section       14  handlers.o(i.__scatterload_copy)
    i.__scatterload_null                     0x08004c56   Section        2  handlers.o(i.__scatterload_null)
    i.__scatterload_zeroinit                 0x08004c58   Section       14  handlers.o(i.__scatterload_zeroinit)
    i.__set_errno                            0x08004c68   Section        0  errno.o(i.__set_errno)
    i.atan                                   0x08004c74   Section        0  atan.o(i.atan)
    i.delay_ms                               0x08004c84   Section        0  delay.o(i.delay_ms)
    i.fabs                                   0x08004c9e   Section        0  fabs.o(i.fabs)
    i.free                                   0x08004cb8   Section        0  malloc.o(i.free)
    i.main                                   0x08004d08   Section        0  main.o(i.main)
    i.malloc                                 0x08004d34   Section        0  malloc.o(i.malloc)
    i.millis                                 0x08004da0   Section        0  delay.o(i.millis)
    i.sqrt                                   0x08004dac   Section        0  sqrt.o(i.sqrt)
    i.uart2_init                             0x08004e1c   Section        0  usart.o(i.uart2_init)
    i.uart6_init                             0x08004ee0   Section        0  usart.o(i.uart6_init)
    i.vAllInit                               0x08004f64   Section        0  allcontrol.o(i.vAllInit)
    i.vDroneCalibration                      0x08004fb4   Section        0  allcontrol.o(i.vDroneCalibration)
    vDroneCalibration                        0x08004fb5   Thumb Code   114  allcontrol.o(i.vDroneCalibration)
    i.vDroneControl                          0x08005028   Section        0  allcontrol.o(i.vDroneControl)
    vDroneControl                            0x08005029   Thumb Code   652  allcontrol.o(i.vDroneControl)
    i.vDroneLock                             0x08005304   Section        0  allcontrol.o(i.vDroneLock)
    i.vDroneReadCalData                      0x080053cc   Section        0  allcontrol.o(i.vDroneReadCalData)
    vDroneReadCalData                        0x080053cd   Thumb Code   126  allcontrol.o(i.vDroneReadCalData)
    i.vDroneunLock                           0x0800546c   Section        0  allcontrol.o(i.vDroneunLock)
    i.vIMUCalculation                        0x08005518   Section        0  allcontrol.o(i.vIMUCalculation)
    vIMUCalculation                          0x08005519   Thumb Code    94  allcontrol.o(i.vIMUCalculation)
    i.vLEDDisplay                            0x08005588   Section        0  led.o(i.vLEDDisplay)
    i.vLEDInit                               0x08005610   Section        0  led.o(i.vLEDInit)
    i.vMotorInit                             0x08005660   Section        0  motor.o(i.vMotorInit)
    i.vMotorLock                             0x0800577c   Section        0  motor.o(i.vMotorLock)
    i.vMotorPWMSet                           0x0800578c   Section        0  motor.o(i.vMotorPWMSet)
    i.vPIDParaInit                           0x08005840   Section        0  allcontrol.o(i.vPIDParaInit)
    vPIDParaInit                             0x08005841   Thumb Code   252  allcontrol.o(i.vPIDParaInit)
    i.vPPMCallback                           0x08005970   Section        0  ppm.o(i.vPPMCallback)
    i.vPPMInit                               0x08005a74   Section        0  ppm.o(i.vPPMInit)
    i.vRemoteDataHandle                      0x08005af8   Section        0  remote.o(i.vRemoteDataHandle)
    i.vSendDataPolling                       0x08005c70   Section        0  ano_dt.o(i.vSendDataPolling)
    i.vSendDataPort                          0x08006030   Section        0  ano_dt.o(i.vSendDataPort)
    vSendDataPort                            0x08006031   Thumb Code    16  ano_dt.o(i.vSendDataPort)
    i.vSendOneFrame                          0x08006040   Section        0  ano_dt.o(i.vSendOneFrame)
    vSendOneFrame                            0x08006041   Thumb Code   120  ano_dt.o(i.vSendOneFrame)
    i.vSetLEDColor                           0x080060b8   Section        0  led.o(i.vSetLEDColor)
    vSetLEDColor                             0x080060b9   Thumb Code   146  led.o(i.vSetLEDColor)
    i.vSetLEDToggle                          0x08006150   Section        0  led.o(i.vSetLEDToggle)
    vSetLEDToggle                            0x08006151   Thumb Code   216  led.o(i.vSetLEDToggle)
    i.vTIM2Init                              0x08006230   Section        0  tim.o(i.vTIM2Init)
    .constdata                               0x08006288   Section       80  asin.o(.constdata)
    pS                                       0x08006288   Data          48  asin.o(.constdata)
    qS                                       0x080062b8   Data          32  asin.o(.constdata)
    .constdata                               0x080062d8   Section      152  atan.o(.constdata)
    atanhi                                   0x080062d8   Data          32  atan.o(.constdata)
    atanlo                                   0x080062f8   Data          32  atan.o(.constdata)
    aTodd                                    0x08006318   Data          40  atan.o(.constdata)
    aTeven                                   0x08006340   Data          48  atan.o(.constdata)
    .constdata                               0x08006370   Section       56  log.o(.constdata)
    Lg2                                      0x08006370   Data          24  log.o(.constdata)
    Lg                                       0x08006388   Data          32  log.o(.constdata)
    .constdata                               0x080063a8   Section       48  cos_i.o(.constdata)
    C                                        0x080063a8   Data          48  cos_i.o(.constdata)
    .constdata                               0x080063d8   Section        8  qnan.o(.constdata)
    .constdata                               0x080063e0   Section      200  rred.o(.constdata)
    pio2s                                    0x080063e0   Data          48  rred.o(.constdata)
    twooverpi                                0x08006410   Data         152  rred.o(.constdata)
    .constdata                               0x080064a8   Section       40  sin_i.o(.constdata)
    S                                        0x080064a8   Data          40  sin_i.o(.constdata)
    .data                                    0x20000000   Section        4  main.o(.data)
    .data                                    0x20000004   Section       20  system_stm32f4xx.o(.data)
    .data                                    0x20000018   Section       50  allcontrol.o(.data)
    uTaskLastTime                            0x20000020   Data           8  allcontrol.o(.data)
    uTaskDuringTime                          0x20000028   Data           2  allcontrol.o(.data)
    uTaskLastTime                            0x2000002c   Data           8  allcontrol.o(.data)
    uTaskDuringTime                          0x20000034   Data           2  allcontrol.o(.data)
    Yaw_angle0                               0x20000038   Data           4  allcontrol.o(.data)
    tick                                     0x2000003c   Data           4  allcontrol.o(.data)
    flag                                     0x20000040   Data           1  allcontrol.o(.data)
    PWM                                      0x20000042   Data           8  allcontrol.o(.data)
    .data                                    0x2000004a   Section        1  led.o(.data)
    random                                   0x2000004a   Data           1  led.o(.data)
    .data                                    0x2000004b   Section        1  remote.o(.data)
    count                                    0x2000004b   Data           1  remote.o(.data)
    .data                                    0x2000004c   Section        3  ak8975.o(.data)
    ASA                                      0x2000004c   Data           3  ak8975.o(.data)
    .data                                    0x20000050   Section       24  spl06.o(.data)
    c0                                       0x20000050   Data           2  spl06.o(.data)
    c1                                       0x20000052   Data           2  spl06.o(.data)
    c01                                      0x20000054   Data           2  spl06.o(.data)
    c11                                      0x20000056   Data           2  spl06.o(.data)
    c20                                      0x20000058   Data           2  spl06.o(.data)
    c21                                      0x2000005a   Data           2  spl06.o(.data)
    c30                                      0x2000005c   Data           2  spl06.o(.data)
    c00                                      0x20000060   Data           4  spl06.o(.data)
    c10                                      0x20000064   Data           4  spl06.o(.data)
    .data                                    0x20000068   Section        1  i2c_soft.o(.data)
    .data                                    0x2000006c   Section       28  ppm.o(.data)
    .data                                    0x20000088   Section        8  delay.o(.data)
    usTicks                                  0x20000088   Data           4  delay.o(.data)
    .data                                    0x20000090   Section       16  stm32f4xx_rcc.o(.data)
    APBAHBPrescTable                         0x20000090   Data          16  stm32f4xx_rcc.o(.data)
    .data                                    0x200000a0   Section       12  altitude.o(.data)
    Accz                                     0x200000a0   Data           4  altitude.o(.data)
    H_Accz                                   0x200000a4   Data           4  altitude.o(.data)
    H_Pressure                               0x200000a8   Data           4  altitude.o(.data)
    .data                                    0x200000ac   Section        4  mvars.o(.data)
    .data                                    0x200000b0   Section        4  mvars.o(.data)
    .data                                    0x200000b4   Section        4  errno.o(.data)
    _errno                                   0x200000b4   Data           4  errno.o(.data)
    .bss                                     0x200000b8   Section      176  main.o(.bss)
    .bss                                     0x20000168   Section      280  allcontrol.o(.bss)
    .bss                                     0x20000280   Section       48  remote.o(.bss)
    filter_buf                               0x20000280   Data          48  remote.o(.bss)
    .bss                                     0x200002b0   Section       36  ppm.o(.bss)
    PPM_buf                                  0x200002c4   Data          16  ppm.o(.bss)
    .bss                                     0x200002d4   Section       64  ano_dt.o(.bss)
    uDataToSend                              0x200002e8   Data          20  ano_dt.o(.bss)
    uTaskLastTime                            0x200002fc   Data          24  ano_dt.o(.bss)
    HEAP                                     0x20000318   Section      512  startup_stm32f40_41xxx.o(HEAP)
    STACK                                    0x20000518   Section     1024  startup_stm32f40_41xxx.o(STACK)

    Global Symbols

    Symbol Name                              Value     Ov Type        Size  Object(Section)

    BuildAttributes$$THM_ISAv4$E$P$D$K$B$S$7EM$VFPi3$EXTD16$VFPS$VFMA$PE$A:L22UL41UL21$X:L11$S22US41US21$IEEE1$IW$USESV6$~STKCKD$USESV7$~SHL$OTIME$ROPI$IEEEX$EBA8$MICROLIB$REQ8$PRES8$EABIv2 0x00000000   Number         0  anon$$obj.o ABSOLUTE
    __ARM_use_no_argv                        0x00000000   Number         0  main.o ABSOLUTE
    __use_no_errno                           0x00000000   Number         0  useno.o ABSOLUTE
    __use_no_exception_handling              0x00000000   Number         0  useno.o ABSOLUTE
    __use_no_fp                              0x00000000   Number         0  useno.o ABSOLUTE
    __use_no_heap                            0x00000000   Number         0  useno.o ABSOLUTE
    __use_no_heap_region                     0x00000000   Number         0  useno.o ABSOLUTE
    __use_no_semihosting                     0x00000000   Number         0  useno.o ABSOLUTE
    __use_no_semihosting_swi                 0x00000000   Number         0  useno.o ABSOLUTE
    __use_no_signal_handling                 0x00000000   Number         0  useno.o ABSOLUTE
    __cpp_initialize__aeabi_                  - Undefined Weak Reference
    __cxa_finalize                            - Undefined Weak Reference
    __decompress                              - Undefined Weak Reference
    _clock_init                               - Undefined Weak Reference
    _microlib_exit                            - Undefined Weak Reference
    __Vectors_Size                           0x00000188   Number         0  startup_stm32f40_41xxx.o ABSOLUTE
    __Vectors                                0x08000000   Data           4  startup_stm32f40_41xxx.o(RESET)
    __Vectors_End                            0x08000188   Data           0  startup_stm32f40_41xxx.o(RESET)
    __main                                   0x08000189   Thumb Code     0  entry.o(.ARM.Collect$$$$00000000)
    _main_stk                                0x08000189   Thumb Code     0  entry2.o(.ARM.Collect$$$$00000001)
    _main_scatterload                        0x0800018d   Thumb Code     0  entry5.o(.ARM.Collect$$$$00000004)
    __main_after_scatterload                 0x08000191   Thumb Code     0  entry5.o(.ARM.Collect$$$$00000004)
    _main_clock                              0x08000191   Thumb Code     0  entry7b.o(.ARM.Collect$$$$00000008)
    _main_cpp_init                           0x08000191   Thumb Code     0  entry8b.o(.ARM.Collect$$$$0000000A)
    _main_init                               0x08000191   Thumb Code     0  entry9a.o(.ARM.Collect$$$$0000000B)
    __rt_final_cpp                           0x08000199   Thumb Code     0  entry10a.o(.ARM.Collect$$$$0000000D)
    __rt_final_exit                          0x08000199   Thumb Code     0  entry11a.o(.ARM.Collect$$$$0000000F)
    Reset_Handler                            0x0800019d   Thumb Code     8  startup_stm32f40_41xxx.o(.text)
    ADC_IRQHandler                           0x080001b7   Thumb Code     0  startup_stm32f40_41xxx.o(.text)
    CAN1_RX0_IRQHandler                      0x080001b7   Thumb Code     0  startup_stm32f40_41xxx.o(.text)
    CAN1_RX1_IRQHandler                      0x080001b7   Thumb Code     0  startup_stm32f40_41xxx.o(.text)
    CAN1_SCE_IRQHandler                      0x080001b7   Thumb Code     0  startup_stm32f40_41xxx.o(.text)
    CAN1_TX_IRQHandler                       0x080001b7   Thumb Code     0  startup_stm32f40_41xxx.o(.text)
    CAN2_RX0_IRQHandler                      0x080001b7   Thumb Code     0  startup_stm32f40_41xxx.o(.text)
    CAN2_RX1_IRQHandler                      0x080001b7   Thumb Code     0  startup_stm32f40_41xxx.o(.text)
    CAN2_SCE_IRQHandler                      0x080001b7   Thumb Code     0  startup_stm32f40_41xxx.o(.text)
    CAN2_TX_IRQHandler                       0x080001b7   Thumb Code     0  startup_stm32f40_41xxx.o(.text)
    CRYP_IRQHandler                          0x080001b7   Thumb Code     0  startup_stm32f40_41xxx.o(.text)
    DCMI_IRQHandler                          0x080001b7   Thumb Code     0  startup_stm32f40_41xxx.o(.text)
    DMA1_Stream0_IRQHandler                  0x080001b7   Thumb Code     0  startup_stm32f40_41xxx.o(.text)
    DMA1_Stream1_IRQHandler                  0x080001b7   Thumb Code     0  startup_stm32f40_41xxx.o(.text)
    DMA1_Stream2_IRQHandler                  0x080001b7   Thumb Code     0  startup_stm32f40_41xxx.o(.text)
    DMA1_Stream3_IRQHandler                  0x080001b7   Thumb Code     0  startup_stm32f40_41xxx.o(.text)
    DMA1_Stream4_IRQHandler                  0x080001b7   Thumb Code     0  startup_stm32f40_41xxx.o(.text)
    DMA1_Stream5_IRQHandler                  0x080001b7   Thumb Code     0  startup_stm32f40_41xxx.o(.text)
    DMA1_Stream6_IRQHandler                  0x080001b7   Thumb Code     0  startup_stm32f40_41xxx.o(.text)
    DMA1_Stream7_IRQHandler                  0x080001b7   Thumb Code     0  startup_stm32f40_41xxx.o(.text)
    DMA2_Stream0_IRQHandler                  0x080001b7   Thumb Code     0  startup_stm32f40_41xxx.o(.text)
    DMA2_Stream1_IRQHandler                  0x080001b7   Thumb Code     0  startup_stm32f40_41xxx.o(.text)
    DMA2_Stream2_IRQHandler                  0x080001b7   Thumb Code     0  startup_stm32f40_41xxx.o(.text)
    DMA2_Stream3_IRQHandler                  0x080001b7   Thumb Code     0  startup_stm32f40_41xxx.o(.text)
    DMA2_Stream4_IRQHandler                  0x080001b7   Thumb Code     0  startup_stm32f40_41xxx.o(.text)
    DMA2_Stream5_IRQHandler                  0x080001b7   Thumb Code     0  startup_stm32f40_41xxx.o(.text)
    DMA2_Stream6_IRQHandler                  0x080001b7   Thumb Code     0  startup_stm32f40_41xxx.o(.text)
    DMA2_Stream7_IRQHandler                  0x080001b7   Thumb Code     0  startup_stm32f40_41xxx.o(.text)
    ETH_IRQHandler                           0x080001b7   Thumb Code     0  startup_stm32f40_41xxx.o(.text)
    ETH_WKUP_IRQHandler                      0x080001b7   Thumb Code     0  startup_stm32f40_41xxx.o(.text)
    EXTI0_IRQHandler                         0x080001b7   Thumb Code     0  startup_stm32f40_41xxx.o(.text)
    EXTI1_IRQHandler                         0x080001b7   Thumb Code     0  startup_stm32f40_41xxx.o(.text)
    EXTI2_IRQHandler                         0x080001b7   Thumb Code     0  startup_stm32f40_41xxx.o(.text)
    EXTI3_IRQHandler                         0x080001b7   Thumb Code     0  startup_stm32f40_41xxx.o(.text)
    EXTI4_IRQHandler                         0x080001b7   Thumb Code     0  startup_stm32f40_41xxx.o(.text)
    EXTI9_5_IRQHandler                       0x080001b7   Thumb Code     0  startup_stm32f40_41xxx.o(.text)
    FLASH_IRQHandler                         0x080001b7   Thumb Code     0  startup_stm32f40_41xxx.o(.text)
    FPU_IRQHandler                           0x080001b7   Thumb Code     0  startup_stm32f40_41xxx.o(.text)
    FSMC_IRQHandler                          0x080001b7   Thumb Code     0  startup_stm32f40_41xxx.o(.text)
    HASH_RNG_IRQHandler                      0x080001b7   Thumb Code     0  startup_stm32f40_41xxx.o(.text)
    I2C1_ER_IRQHandler                       0x080001b7   Thumb Code     0  startup_stm32f40_41xxx.o(.text)
    I2C1_EV_IRQHandler                       0x080001b7   Thumb Code     0  startup_stm32f40_41xxx.o(.text)
    I2C2_ER_IRQHandler                       0x080001b7   Thumb Code     0  startup_stm32f40_41xxx.o(.text)
    I2C2_EV_IRQHandler                       0x080001b7   Thumb Code     0  startup_stm32f40_41xxx.o(.text)
    I2C3_ER_IRQHandler                       0x080001b7   Thumb Code     0  startup_stm32f40_41xxx.o(.text)
    I2C3_EV_IRQHandler                       0x080001b7   Thumb Code     0  startup_stm32f40_41xxx.o(.text)
    OTG_FS_IRQHandler                        0x080001b7   Thumb Code     0  startup_stm32f40_41xxx.o(.text)
    OTG_FS_WKUP_IRQHandler                   0x080001b7   Thumb Code     0  startup_stm32f40_41xxx.o(.text)
    OTG_HS_EP1_IN_IRQHandler                 0x080001b7   Thumb Code     0  startup_stm32f40_41xxx.o(.text)
    OTG_HS_EP1_OUT_IRQHandler                0x080001b7   Thumb Code     0  startup_stm32f40_41xxx.o(.text)
    OTG_HS_IRQHandler                        0x080001b7   Thumb Code     0  startup_stm32f40_41xxx.o(.text)
    OTG_HS_WKUP_IRQHandler                   0x080001b7   Thumb Code     0  startup_stm32f40_41xxx.o(.text)
    PVD_IRQHandler                           0x080001b7   Thumb Code     0  startup_stm32f40_41xxx.o(.text)
    RCC_IRQHandler                           0x080001b7   Thumb Code     0  startup_stm32f40_41xxx.o(.text)
    RTC_Alarm_IRQHandler                     0x080001b7   Thumb Code     0  startup_stm32f40_41xxx.o(.text)
    RTC_WKUP_IRQHandler                      0x080001b7   Thumb Code     0  startup_stm32f40_41xxx.o(.text)
    SDIO_IRQHandler                          0x080001b7   Thumb Code     0  startup_stm32f40_41xxx.o(.text)
    SPI1_IRQHandler                          0x080001b7   Thumb Code     0  startup_stm32f40_41xxx.o(.text)
    SPI2_IRQHandler                          0x080001b7   Thumb Code     0  startup_stm32f40_41xxx.o(.text)
    SPI3_IRQHandler                          0x080001b7   Thumb Code     0  startup_stm32f40_41xxx.o(.text)
    TAMP_STAMP_IRQHandler                    0x080001b7   Thumb Code     0  startup_stm32f40_41xxx.o(.text)
    TIM1_BRK_TIM9_IRQHandler                 0x080001b7   Thumb Code     0  startup_stm32f40_41xxx.o(.text)
    TIM1_CC_IRQHandler                       0x080001b7   Thumb Code     0  startup_stm32f40_41xxx.o(.text)
    TIM1_TRG_COM_TIM11_IRQHandler            0x080001b7   Thumb Code     0  startup_stm32f40_41xxx.o(.text)
    TIM1_UP_TIM10_IRQHandler                 0x080001b7   Thumb Code     0  startup_stm32f40_41xxx.o(.text)
    TIM3_IRQHandler                          0x080001b7   Thumb Code     0  startup_stm32f40_41xxx.o(.text)
    TIM4_IRQHandler                          0x080001b7   Thumb Code     0  startup_stm32f40_41xxx.o(.text)
    TIM5_IRQHandler                          0x080001b7   Thumb Code     0  startup_stm32f40_41xxx.o(.text)
    TIM6_DAC_IRQHandler                      0x080001b7   Thumb Code     0  startup_stm32f40_41xxx.o(.text)
    TIM7_IRQHandler                          0x080001b7   Thumb Code     0  startup_stm32f40_41xxx.o(.text)
    TIM8_BRK_TIM12_IRQHandler                0x080001b7   Thumb Code     0  startup_stm32f40_41xxx.o(.text)
    TIM8_CC_IRQHandler                       0x080001b7   Thumb Code     0  startup_stm32f40_41xxx.o(.text)
    TIM8_TRG_COM_TIM14_IRQHandler            0x080001b7   Thumb Code     0  startup_stm32f40_41xxx.o(.text)
    TIM8_UP_TIM13_IRQHandler                 0x080001b7   Thumb Code     0  startup_stm32f40_41xxx.o(.text)
    UART4_IRQHandler                         0x080001b7   Thumb Code     0  startup_stm32f40_41xxx.o(.text)
    UART5_IRQHandler                         0x080001b7   Thumb Code     0  startup_stm32f40_41xxx.o(.text)
    USART3_IRQHandler                        0x080001b7   Thumb Code     0  startup_stm32f40_41xxx.o(.text)
    USART6_IRQHandler                        0x080001b7   Thumb Code     0  startup_stm32f40_41xxx.o(.text)
    WWDG_IRQHandler                          0x080001b7   Thumb Code     0  startup_stm32f40_41xxx.o(.text)
    arm_add_f32                              0x080001c1   Thumb Code   208  arm_add_f32.o(.text)
    arm_scale_f32                            0x08000291   Thumb Code   162  arm_scale_f32.o(.text)
    arm_sub_f32                              0x08000335   Thumb Code   208  arm_sub_f32.o(.text)
    arm_mat_init_f32                         0x08000405   Thumb Code     8  arm_mat_init_f32.o(.text)
    arm_mat_trans_f32                        0x0800040d   Thumb Code   152  arm_mat_trans_f32.o(.text)
    __aeabi_memcpy                           0x080004a5   Thumb Code    36  memcpya.o(.text)
    __aeabi_memcpy4                          0x080004a5   Thumb Code     0  memcpya.o(.text)
    __aeabi_memcpy8                          0x080004a5   Thumb Code     0  memcpya.o(.text)
    __aeabi_memset                           0x080004c9   Thumb Code    14  memseta.o(.text)
    __aeabi_memset4                          0x080004c9   Thumb Code     0  memseta.o(.text)
    __aeabi_memset8                          0x080004c9   Thumb Code     0  memseta.o(.text)
    __aeabi_memclr                           0x080004d7   Thumb Code     4  memseta.o(.text)
    __aeabi_memclr4                          0x080004d7   Thumb Code     0  memseta.o(.text)
    __aeabi_memclr8                          0x080004d7   Thumb Code     0  memseta.o(.text)
    _memset$wrapper                          0x080004db   Thumb Code    18  memseta.o(.text)
    __aeabi_dadd                             0x080004ed   Thumb Code   322  dadd.o(.text)
    __aeabi_dsub                             0x0800062f   Thumb Code     6  dadd.o(.text)
    __aeabi_drsub                            0x08000635   Thumb Code     6  dadd.o(.text)
    __aeabi_dmul                             0x0800063b   Thumb Code   228  dmul.o(.text)
    __aeabi_i2d                              0x0800071f   Thumb Code    34  dflti.o(.text)
    __aeabi_f2d                              0x08000741   Thumb Code    38  f2d.o(.text)
    __aeabi_cdcmpeq                          0x08000769   Thumb Code     0  cdcmple.o(.text)
    __aeabi_cdcmple                          0x08000769   Thumb Code    48  cdcmple.o(.text)
    __aeabi_cdrcmple                         0x08000799   Thumb Code    48  cdrcmple.o(.text)
    __aeabi_d2f                              0x080007c9   Thumb Code    56  d2f.o(.text)
    __aeabi_llsl                             0x08000801   Thumb Code    30  llshl.o(.text)
    _ll_shift_l                              0x08000801   Thumb Code     0  llshl.o(.text)
    __aeabi_lasr                             0x0800081f   Thumb Code    36  llsshr.o(.text)
    _ll_sshift_r                             0x0800081f   Thumb Code     0  llsshr.o(.text)
    __I$use$fp                               0x08000843   Thumb Code     0  iusefp.o(.text)
    _float_round                             0x08000843   Thumb Code    18  fepilogue.o(.text)
    _float_epilogue                          0x08000855   Thumb Code    92  fepilogue.o(.text)
    _double_round                            0x080008b1   Thumb Code    30  depilogue.o(.text)
    _double_epilogue                         0x080008cf   Thumb Code   156  depilogue.o(.text)
    __aeabi_ddiv                             0x0800096b   Thumb Code   222  ddiv.o(.text)
    _dsqrt                                   0x08000a49   Thumb Code   162  dsqrt.o(.text)
    __scatterload                            0x08000aed   Thumb Code    28  init.o(.text)
    __scatterload_rt2                        0x08000aed   Thumb Code     0  init.o(.text)
    __aeabi_llsr                             0x08000b11   Thumb Code    32  llushr.o(.text)
    _ll_ushift_r                             0x08000b11   Thumb Code     0  llushr.o(.text)
    __aeabi_ui2d                             0x08000b31   Thumb Code    26  dfltui.o(.text)
    __aeabi_d2iz                             0x08000b4b   Thumb Code    62  dfixi.o(.text)
    AK8975_GetMagData                        0x08000b9d   Thumb Code    14  ak8975.o(i.AK8975_GetMagData)
    AK8975_Init                              0x08000c8d   Thumb Code    56  ak8975.o(i.AK8975_Init)
    AT24C02_ByteWrite                        0x08000d2f   Thumb Code    24  at24c02.o(i.AT24C02_ByteWrite)
    AT24C02_NByteRandomRead                  0x08000d47   Thumb Code    22  at24c02.o(i.AT24C02_NByteRandomRead)
    Altitude_GetRelativeAltitude             0x08000d5d   Thumb Code   376  altitude.o(i.Altitude_GetRelativeAltitude)
    BusFault_Handler                         0x08000efd   Thumb Code     4  stm32f4xx_it.o(i.BusFault_Handler)
    DebugMon_Handler                         0x08000f41   Thumb Code     2  stm32f4xx_it.o(i.DebugMon_Handler)
    Delay_Init                               0x08000f45   Thumb Code   100  delay.o(i.Delay_Init)
    DirectIMU                                0x08000fbd   Thumb Code   644  directimu.o(i.DirectIMU)
    EXTI15_10_IRQHandler                     0x08001259   Thumb Code    30  stm32f4xx_it.o(i.EXTI15_10_IRQHandler)
    EXTI_ClearITPendingBit                   0x08001279   Thumb Code     6  stm32f4xx_exti.o(i.EXTI_ClearITPendingBit)
    EXTI_GetITStatus                         0x08001285   Thumb Code    20  stm32f4xx_exti.o(i.EXTI_GetITStatus)
    EXTI_Init                                0x0800129d   Thumb Code   142  stm32f4xx_exti.o(i.EXTI_Init)
    GPIO_Init                                0x08001331   Thumb Code   144  stm32f4xx_gpio.o(i.GPIO_Init)
    GPIO_PinAFConfig                         0x080013c1   Thumb Code    70  stm32f4xx_gpio.o(i.GPIO_PinAFConfig)
    GPIO_SetBits                             0x08001407   Thumb Code     4  stm32f4xx_gpio.o(i.GPIO_SetBits)
    GPIO_StructInit                          0x0800140b   Thumb Code    18  stm32f4xx_gpio.o(i.GPIO_StructInit)
    HardFault_Handler                        0x0800141d   Thumb Code     4  stm32f4xx_it.o(i.HardFault_Handler)
    I2c_Soft_Ask                             0x08001421   Thumb Code    46  i2c_soft.o(i.I2c_Soft_Ask)
    I2c_Soft_Init                            0x08001455   Thumb Code    46  i2c_soft.o(i.I2c_Soft_Init)
    I2c_Soft_NoAsk                           0x08001489   Thumb Code    48  i2c_soft.o(i.I2c_Soft_NoAsk)
    I2c_Soft_ReadByte                        0x080014bd   Thumb Code    92  i2c_soft.o(i.I2c_Soft_ReadByte)
    I2c_Soft_SendByte                        0x0800151d   Thumb Code    78  i2c_soft.o(i.I2c_Soft_SendByte)
    I2c_Soft_Start                           0x08001571   Thumb Code    84  i2c_soft.o(i.I2c_Soft_Start)
    I2c_Soft_Stop                            0x080015c9   Thumb Code    48  i2c_soft.o(i.I2c_Soft_Stop)
    I2c_Soft_WaitAsk                         0x080015fd   Thumb Code    84  i2c_soft.o(i.I2c_Soft_WaitAsk)
    I2c_Soft_delay                           0x08001655   Thumb Code    42  i2c_soft.o(i.I2c_Soft_delay)
    IIC_Read_1Byte                           0x08001685   Thumb Code    76  i2c_soft.o(i.IIC_Read_1Byte)
    IIC_Read_nByte                           0x080016d1   Thumb Code   126  i2c_soft.o(i.IIC_Read_nByte)
    IIC_Write_1Byte                          0x0800174f   Thumb Code    62  i2c_soft.o(i.IIC_Write_1Byte)
    IMU_Init                                 0x0800178d   Thumb Code    34  directimu.o(i.IMU_Init)
    MPU6050_Calibration                      0x08001a65   Thumb Code   218  mpu6050.o(i.MPU6050_Calibration)
    MPU6050_GetGyroAccData                   0x08001b3f   Thumb Code    56  mpu6050.o(i.MPU6050_GetGyroAccData)
    MPU6050_Init                             0x08001c99   Thumb Code    64  mpu6050.o(i.MPU6050_Init)
    MemManage_Handler                        0x08001d7d   Thumb Code     4  stm32f4xx_it.o(i.MemManage_Handler)
    NMI_Handler                              0x08001d81   Thumb Code     2  stm32f4xx_it.o(i.NMI_Handler)
    NVIC_Init                                0x08001d85   Thumb Code   106  misc.o(i.NVIC_Init)
    PID_AlterI                               0x08001dfd   Thumb Code   380  pid.o(i.PID_AlterI)
    PID_Normal                               0x08001f81   Thumb Code   312  pid.o(i.PID_Normal)
    PendSV_Handler                           0x080020bd   Thumb Code     2  stm32f4xx_it.o(i.PendSV_Handler)
    RCCConfig                                0x080020bf   Thumb Code    62  main.o(i.RCCConfig)
    RCC_AHB1PeriphClockCmd                   0x080020fd   Thumb Code    26  stm32f4xx_rcc.o(i.RCC_AHB1PeriphClockCmd)
    RCC_APB1PeriphClockCmd                   0x0800211d   Thumb Code    26  stm32f4xx_rcc.o(i.RCC_APB1PeriphClockCmd)
    RCC_APB1PeriphResetCmd                   0x0800213d   Thumb Code    26  stm32f4xx_rcc.o(i.RCC_APB1PeriphResetCmd)
    RCC_APB2PeriphClockCmd                   0x0800215d   Thumb Code    26  stm32f4xx_rcc.o(i.RCC_APB2PeriphClockCmd)
    RCC_APB2PeriphResetCmd                   0x0800217d   Thumb Code    26  stm32f4xx_rcc.o(i.RCC_APB2PeriphResetCmd)
    RCC_GetClocksFreq                        0x0800219d   Thumb Code   214  stm32f4xx_rcc.o(i.RCC_GetClocksFreq)
    RCC_HCLKConfig                           0x08002285   Thumb Code    18  stm32f4xx_rcc.o(i.RCC_HCLKConfig)
    RCC_HSEConfig                            0x0800229d   Thumb Code    12  stm32f4xx_rcc.o(i.RCC_HSEConfig)
    RCC_PCLK1Config                          0x080022ad   Thumb Code    18  stm32f4xx_rcc.o(i.RCC_PCLK1Config)
    RCC_PCLK2Config                          0x080022c5   Thumb Code    20  stm32f4xx_rcc.o(i.RCC_PCLK2Config)
    RCC_PLLCmd                               0x080022dd   Thumb Code     6  stm32f4xx_rcc.o(i.RCC_PLLCmd)
    RCC_PLLConfig                            0x080022e9   Thumb Code    30  stm32f4xx_rcc.o(i.RCC_PLLConfig)
    RCC_SYSCLKConfig                         0x0800230d   Thumb Code    18  stm32f4xx_rcc.o(i.RCC_SYSCLKConfig)
    ReadFloatData                            0x08002325   Thumb Code    52  at24c02.o(i.ReadFloatData)
    SPL06_GetHeight                          0x08002475   Thumb Code   106  spl06.o(i.SPL06_GetHeight)
    SPL06_GetPressureData                    0x080024f1   Thumb Code   308  spl06.o(i.SPL06_GetPressureData)
    SPL06_Init                               0x0800264d   Thumb Code   382  spl06.o(i.SPL06_Init)
    SPL06_ReadID                             0x08002809   Thumb Code    16  spl06.o(i.SPL06_ReadID)
    SVC_Handler                              0x0800282f   Thumb Code     2  stm32f4xx_it.o(i.SVC_Handler)
    SYSCFG_EXTILineConfig                    0x08002831   Thumb Code    60  stm32f4xx_syscfg.o(i.SYSCFG_EXTILineConfig)
    SaveFloatData                            0x08002871   Thumb Code    34  at24c02.o(i.SaveFloatData)
    SysTick_Handler                          0x08002981   Thumb Code    22  stm32f4xx_it.o(i.SysTick_Handler)
    SystemInit                               0x080029a1   Thumb Code    88  system_stm32f4xx.o(i.SystemInit)
    TIM2_IRQHandler                          0x08002a09   Thumb Code    32  stm32f4xx_it.o(i.TIM2_IRQHandler)
    TIM_ARRPreloadConfig                     0x08002a2d   Thumb Code    24  stm32f4xx_tim.o(i.TIM_ARRPreloadConfig)
    TIM_ClearITPendingBit                    0x08002a45   Thumb Code     6  stm32f4xx_tim.o(i.TIM_ClearITPendingBit)
    TIM_Cmd                                  0x08002a4b   Thumb Code    24  stm32f4xx_tim.o(i.TIM_Cmd)
    TIM_CtrlPWMOutputs                       0x08002a63   Thumb Code    30  stm32f4xx_tim.o(i.TIM_CtrlPWMOutputs)
    TIM_GetITStatus                          0x08002a81   Thumb Code    34  stm32f4xx_tim.o(i.TIM_GetITStatus)
    TIM_ITConfig                             0x08002aa3   Thumb Code    18  stm32f4xx_tim.o(i.TIM_ITConfig)
    TIM_OC1Init                              0x08002ab5   Thumb Code   114  stm32f4xx_tim.o(i.TIM_OC1Init)
    TIM_OC1PreloadConfig                     0x08002b31   Thumb Code    18  stm32f4xx_tim.o(i.TIM_OC1PreloadConfig)
    TIM_OC2Init                              0x08002b45   Thumb Code   154  stm32f4xx_tim.o(i.TIM_OC2Init)
    TIM_OC2PreloadConfig                     0x08002be9   Thumb Code    26  stm32f4xx_tim.o(i.TIM_OC2PreloadConfig)
    TIM_OC3Init                              0x08002c05   Thumb Code   150  stm32f4xx_tim.o(i.TIM_OC3Init)
    TIM_OC3PreloadConfig                     0x08002ca5   Thumb Code    18  stm32f4xx_tim.o(i.TIM_OC3PreloadConfig)
    TIM_OC4Init                              0x08002cb9   Thumb Code   112  stm32f4xx_tim.o(i.TIM_OC4Init)
    TIM_OC4PreloadConfig                     0x08002d31   Thumb Code    26  stm32f4xx_tim.o(i.TIM_OC4PreloadConfig)
    TIM_OCStructInit                         0x08002d4b   Thumb Code    20  stm32f4xx_tim.o(i.TIM_OCStructInit)
    TIM_TimeBaseInit                         0x08002d61   Thumb Code   104  stm32f4xx_tim.o(i.TIM_TimeBaseInit)
    TIM_TimeBaseStructInit                   0x08002de5   Thumb Code    18  stm32f4xx_tim.o(i.TIM_TimeBaseStructInit)
    USART1_IRQHandler                        0x08002df9   Thumb Code    60  usart.o(i.USART1_IRQHandler)
    USART2_IRQHandler                        0x08002e39   Thumb Code    64  usart.o(i.USART2_IRQHandler)
    USART_ClearITPendingBit                  0x08002e7d   Thumb Code    30  stm32f4xx_usart.o(i.USART_ClearITPendingBit)
    USART_Cmd                                0x08002e9b   Thumb Code    24  stm32f4xx_usart.o(i.USART_Cmd)
    USART_DMACmd                             0x08002eb3   Thumb Code    18  stm32f4xx_usart.o(i.USART_DMACmd)
    USART_DeInit                             0x08002ec5   Thumb Code   206  stm32f4xx_usart.o(i.USART_DeInit)
    USART_GetITStatus                        0x08002fb5   Thumb Code    84  stm32f4xx_usart.o(i.USART_GetITStatus)
    USART_ITConfig                           0x08003009   Thumb Code    74  stm32f4xx_usart.o(i.USART_ITConfig)
    USART_Init                               0x08003055   Thumb Code   204  stm32f4xx_usart.o(i.USART_Init)
    UsageFault_Handler                       0x08003129   Thumb Code     4  stm32f4xx_it.o(i.UsageFault_Handler)
    Usart6_Send                              0x0800312d   Thumb Code    40  usart.o(i.Usart6_Send)
    __ARM_fpclassify                         0x08003599   Thumb Code    48  fpclassify.o(i.__ARM_fpclassify)
    __hardfp_asin                            0x080035c9   Thumb Code   770  asin.o(i.__hardfp_asin)
    __hardfp_atan                            0x08003929   Thumb Code   622  atan.o(i.__hardfp_atan)
    __hardfp_atan2                           0x08003c01   Thumb Code   432  atan2.o(i.__hardfp_atan2)
    __hardfp_cos                             0x08003df1   Thumb Code   180  cos.o(i.__hardfp_cos)
    __hardfp_fabs                            0x08003eb9   Thumb Code    20  fabs.o(i.__hardfp_fabs)
    __hardfp_log                             0x08003ed1   Thumb Code   872  log.o(i.__hardfp_log)
    __hardfp_sin                             0x08004299   Thumb Code   180  sin.o(i.__hardfp_sin)
    __hardfp_sqrt                            0x08004361   Thumb Code   122  sqrt.o(i.__hardfp_sqrt)
    __ieee754_rem_pio2                       0x080043e1   Thumb Code   938  rred.o(i.__ieee754_rem_pio2)
    __kernel_cos                             0x08004819   Thumb Code   322  cos_i.o(i.__kernel_cos)
    __kernel_poly                            0x08004989   Thumb Code   248  poly.o(i.__kernel_poly)
    __kernel_sin                             0x08004a81   Thumb Code   280  sin_i.o(i.__kernel_sin)
    __mathlib_dbl_divzero                    0x08004bb1   Thumb Code    28  dunder.o(i.__mathlib_dbl_divzero)
    __mathlib_dbl_infnan                     0x08004be1   Thumb Code    20  dunder.o(i.__mathlib_dbl_infnan)
    __mathlib_dbl_infnan2                    0x08004bf5   Thumb Code    20  dunder.o(i.__mathlib_dbl_infnan2)
    __mathlib_dbl_invalid                    0x08004c09   Thumb Code    24  dunder.o(i.__mathlib_dbl_invalid)
    __mathlib_dbl_underflow                  0x08004c29   Thumb Code    24  dunder.o(i.__mathlib_dbl_underflow)
    __scatterload_copy                       0x08004c49   Thumb Code    14  handlers.o(i.__scatterload_copy)
    __scatterload_null                       0x08004c57   Thumb Code     2  handlers.o(i.__scatterload_null)
    __scatterload_zeroinit                   0x08004c59   Thumb Code    14  handlers.o(i.__scatterload_zeroinit)
    __set_errno                              0x08004c69   Thumb Code     6  errno.o(i.__set_errno)
    atan                                     0x08004c75   Thumb Code    16  atan.o(i.atan)
    delay_ms                                 0x08004c85   Thumb Code    26  delay.o(i.delay_ms)
    fabs                                     0x08004c9f   Thumb Code    24  fabs.o(i.fabs)
    free                                     0x08004cb9   Thumb Code    76  malloc.o(i.free)
    main                                     0x08004d09   Thumb Code    38  main.o(i.main)
    malloc                                   0x08004d35   Thumb Code    92  malloc.o(i.malloc)
    millis                                   0x08004da1   Thumb Code     6  delay.o(i.millis)
    sqrt                                     0x08004dad   Thumb Code   110  sqrt.o(i.sqrt)
    uart2_init                               0x08004e1d   Thumb Code   188  usart.o(i.uart2_init)
    uart6_init                               0x08004ee1   Thumb Code   122  usart.o(i.uart6_init)
    vAllInit                                 0x08004f65   Thumb Code    76  allcontrol.o(i.vAllInit)
    vDroneLock                               0x08005305   Thumb Code   176  allcontrol.o(i.vDroneLock)
    vDroneunLock                             0x0800546d   Thumb Code   146  allcontrol.o(i.vDroneunLock)
    vLEDDisplay                              0x08005589   Thumb Code   128  led.o(i.vLEDDisplay)
    vLEDInit                                 0x08005611   Thumb Code    76  led.o(i.vLEDInit)
    vMotorInit                               0x08005661   Thumb Code   270  motor.o(i.vMotorInit)
    vMotorLock                               0x0800577d   Thumb Code    16  motor.o(i.vMotorLock)
    vMotorPWMSet                             0x0800578d   Thumb Code   172  motor.o(i.vMotorPWMSet)
    vPPMCallback                             0x08005971   Thumb Code   224  ppm.o(i.vPPMCallback)
    vPPMInit                                 0x08005a75   Thumb Code   126  ppm.o(i.vPPMInit)
    vRemoteDataHandle                        0x08005af9   Thumb Code   334  remote.o(i.vRemoteDataHandle)
    vSendDataPolling                         0x08005c71   Thumb Code   904  ano_dt.o(i.vSendDataPolling)
    vTIM2Init                                0x08006231   Thumb Code    86  tim.o(i.vTIM2Init)
    __mathlib_zero                           0x080063d8   Data           8  qnan.o(.constdata)
    Region$$Table$$Base                      0x080064d0   Number         0  anon$$obj.o(Region$$Table)
    Region$$Table$$Limit                     0x080064f0   Number         0  anon$$obj.o(Region$$Table)
    uSystickCount                            0x20000000   Data           4  main.o(.data)
    SystemCoreClock                          0x20000004   Data           4  system_stm32f4xx.o(.data)
    AHBPrescTable                            0x20000008   Data          16  system_stm32f4xx.o(.data)
    uMotor1PWM                               0x20000018   Data           2  allcontrol.o(.data)
    uMotor2PWM                               0x2000001a   Data           2  allcontrol.o(.data)
    uMotor3PWM                               0x2000001c   Data           2  allcontrol.o(.data)
    uMotor4PWM                               0x2000001e   Data           2  allcontrol.o(.data)
    I2C_FastMode                             0x20000068   Data           1  i2c_soft.o(.data)
    PPM_Sample_Cnt                           0x2000006c   Data           2  ppm.o(.data)
    PPM_Isr_Cnt                              0x2000006e   Data           2  ppm.o(.data)
    Last_PPM_Time                            0x20000070   Data           4  ppm.o(.data)
    PPM_Time                                 0x20000074   Data           4  ppm.o(.data)
    PPM_Time_Delta                           0x20000078   Data           4  ppm.o(.data)
    PPM_Time_Max                             0x2000007c   Data           2  ppm.o(.data)
    PPM_Start_Time                           0x2000007e   Data           2  ppm.o(.data)
    PPM_Finished_Time                        0x20000080   Data           2  ppm.o(.data)
    PPM_Is_Okay                              0x20000082   Data           2  ppm.o(.data)
    TIME_ISR_CNT                             0x20000084   Data           4  ppm.o(.data)
    sysTickUptime                            0x2000008c   Data           4  delay.o(.data)
    __microlib_freelist                      0x200000ac   Data           4  mvars.o(.data)
    __microlib_freelist_initialised          0x200000b0   Data           4  mvars.o(.data)
    MPUData                                  0x200000b8   Data          48  main.o(.bss)
    CompassData                              0x200000e8   Data          36  main.o(.bss)
    xLED                                     0x2000010c   Data          12  main.o(.bss)
    xRemote                                  0x20000118   Data          36  main.o(.bss)
    MyDrone                                  0x2000013c   Data          44  main.o(.bss)
    Q_quad                                   0x20000168   Data          16  allcontrol.o(.bss)
    PID_Roll_Angle                           0x20000178   Data          44  allcontrol.o(.bss)
    PID_Pitch_Angle                          0x200001a4   Data          44  allcontrol.o(.bss)
    PID_Yaw_Angle                            0x200001d0   Data          44  allcontrol.o(.bss)
    PID_Roll_Rate                            0x200001fc   Data          44  allcontrol.o(.bss)
    PID_Pitch_Rate                           0x20000228   Data          44  allcontrol.o(.bss)
    PID_Yaw_Rate                             0x20000254   Data          44  allcontrol.o(.bss)
    PPM_Databuf                              0x200002b0   Data          20  ppm.o(.bss)
    uReceiveData                             0x200002d4   Data          20  ano_dt.o(.bss)
    __heap_base                              0x20000318   Data           0  startup_stm32f40_41xxx.o(HEAP)
    __heap_limit                             0x20000518   Data           0  startup_stm32f40_41xxx.o(HEAP)
    __initial_sp                             0x20000918   Data           0  startup_stm32f40_41xxx.o(STACK)



==============================================================================

Memory Map of the image

  Image Entry point : 0x08000189

  Load Region LR_IROM1 (Base: 0x08000000, Size: 0x000065a8, Max: 0x00100000, ABSOLUTE)

    Execution Region ER_IROM1 (Base: 0x08000000, Size: 0x000064f0, Max: 0x00100000, ABSOLUTE)

    Base Addr    Size         Type   Attr      Idx    E Section Name        Object

    0x08000000   0x00000188   Data   RO         5971    RESET               startup_stm32f40_41xxx.o
    0x08000188   0x00000000   Code   RO         6327  * .ARM.Collect$$$$00000000  mc_w.l(entry.o)
    0x08000188   0x00000004   Code   RO         6411    .ARM.Collect$$$$00000001  mc_w.l(entry2.o)
    0x0800018c   0x00000004   Code   RO         6414    .ARM.Collect$$$$00000004  mc_w.l(entry5.o)
    0x08000190   0x00000000   Code   RO         6416    .ARM.Collect$$$$00000008  mc_w.l(entry7b.o)
    0x08000190   0x00000000   Code   RO         6418    .ARM.Collect$$$$0000000A  mc_w.l(entry8b.o)
    0x08000190   0x00000008   Code   RO         6419    .ARM.Collect$$$$0000000B  mc_w.l(entry9a.o)
    0x08000198   0x00000000   Code   RO         6421    .ARM.Collect$$$$0000000D  mc_w.l(entry10a.o)
    0x08000198   0x00000000   Code   RO         6423    .ARM.Collect$$$$0000000F  mc_w.l(entry11a.o)
    0x08000198   0x00000004   Code   RO         6412    .ARM.Collect$$$$00002712  mc_w.l(entry2.o)
    0x0800019c   0x00000024   Code   RO         5972    .text               startup_stm32f40_41xxx.o
    0x080001c0   0x000000d0   Code   RO         6088    .text               arm_cortexM4lf_math.lib(arm_add_f32.o)
    0x08000290   0x000000a2   Code   RO         6133    .text               arm_cortexM4lf_math.lib(arm_scale_f32.o)
    0x08000332   0x00000002   PAD
    0x08000334   0x000000d0   Code   RO         6153    .text               arm_cortexM4lf_math.lib(arm_sub_f32.o)
    0x08000404   0x00000008   Code   RO         6173    .text               arm_cortexM4lf_math.lib(arm_mat_init_f32.o)
    0x0800040c   0x00000098   Code   RO         6213    .text               arm_cortexM4lf_math.lib(arm_mat_trans_f32.o)
    0x080004a4   0x00000024   Code   RO         6330    .text               mc_w.l(memcpya.o)
    0x080004c8   0x00000024   Code   RO         6332    .text               mc_w.l(memseta.o)
    0x080004ec   0x0000014e   Code   RO         6364    .text               mf_w.l(dadd.o)
    0x0800063a   0x000000e4   Code   RO         6366    .text               mf_w.l(dmul.o)
    0x0800071e   0x00000022   Code   RO         6368    .text               mf_w.l(dflti.o)
    0x08000740   0x00000026   Code   RO         6370    .text               mf_w.l(f2d.o)
    0x08000766   0x00000002   PAD
    0x08000768   0x00000030   Code   RO         6372    .text               mf_w.l(cdcmple.o)
    0x08000798   0x00000030   Code   RO         6374    .text               mf_w.l(cdrcmple.o)
    0x080007c8   0x00000038   Code   RO         6376    .text               mf_w.l(d2f.o)
    0x08000800   0x0000001e   Code   RO         6425    .text               mc_w.l(llshl.o)
    0x0800081e   0x00000024   Code   RO         6427    .text               mc_w.l(llsshr.o)
    0x08000842   0x00000000   Code   RO         6438    .text               mc_w.l(iusefp.o)
    0x08000842   0x0000006e   Code   RO         6439    .text               mf_w.l(fepilogue.o)
    0x080008b0   0x000000ba   Code   RO         6441    .text               mf_w.l(depilogue.o)
    0x0800096a   0x000000de   Code   RO         6443    .text               mf_w.l(ddiv.o)
    0x08000a48   0x000000a2   Code   RO         6447    .text               mf_w.l(dsqrt.o)
    0x08000aea   0x00000002   PAD
    0x08000aec   0x00000024   Code   RO         6449    .text               mc_w.l(init.o)
    0x08000b10   0x00000020   Code   RO         6451    .text               mc_w.l(llushr.o)
    0x08000b30   0x0000001a   Code   RO         6453    .text               mf_w.l(dfltui.o)
    0x08000b4a   0x0000003e   Code   RO         6455    .text               mf_w.l(dfixi.o)
    0x08000b88   0x00000014   Code   RO          688    i.AK8975_ByteWrite  ak8975.o
    0x08000b9c   0x0000000e   Code   RO          690    i.AK8975_GetMagData  ak8975.o
    0x08000baa   0x00000002   PAD
    0x08000bac   0x000000e0   Code   RO          691    i.AK8975_GetMagRawData  ak8975.o
    0x08000c8c   0x0000003c   Code   RO          692    i.AK8975_Init       ak8975.o
    0x08000cc8   0x00000014   Code   RO          693    i.AK8975_ReadByte   ak8975.o
    0x08000cdc   0x00000052   Code   RO          694    i.AK8975_ReadNByte  ak8975.o
    0x08000d2e   0x00000018   Code   RO          447    i.AT24C02_ByteWrite  at24c02.o
    0x08000d46   0x00000016   Code   RO          448    i.AT24C02_NByteRandomRead  at24c02.o
    0x08000d5c   0x000001a0   Code   RO         6064    i.Altitude_GetRelativeAltitude  altitude.o
    0x08000efc   0x00000004   Code   RO          204    i.BusFault_Handler  stm32f4xx_it.o
    0x08000f00   0x00000040   Code   RO          695    i.Calculate2Hadj    ak8975.o
    0x08000f40   0x00000002   Code   RO          205    i.DebugMon_Handler  stm32f4xx_it.o
    0x08000f42   0x00000002   PAD
    0x08000f44   0x00000078   Code   RO         1137    i.Delay_Init        delay.o
    0x08000fbc   0x0000029c   Code   RO         6010    i.DirectIMU         directimu.o
    0x08001258   0x0000001e   Code   RO          206    i.EXTI15_10_IRQHandler  stm32f4xx_it.o
    0x08001276   0x00000002   PAD
    0x08001278   0x0000000c   Code   RO         2488    i.EXTI_ClearITPendingBit  stm32f4xx_exti.o
    0x08001284   0x00000018   Code   RO         2492    i.EXTI_GetITStatus  stm32f4xx_exti.o
    0x0800129c   0x00000094   Code   RO         2493    i.EXTI_Init         stm32f4xx_exti.o
    0x08001330   0x00000090   Code   RO         2964    i.GPIO_Init         stm32f4xx_gpio.o
    0x080013c0   0x00000046   Code   RO         2965    i.GPIO_PinAFConfig  stm32f4xx_gpio.o
    0x08001406   0x00000004   Code   RO         2972    i.GPIO_SetBits      stm32f4xx_gpio.o
    0x0800140a   0x00000012   Code   RO         2973    i.GPIO_StructInit   stm32f4xx_gpio.o
    0x0800141c   0x00000004   Code   RO          207    i.HardFault_Handler  stm32f4xx_it.o
    0x08001420   0x00000034   Code   RO          840    i.I2c_Soft_Ask      i2c_soft.o
    0x08001454   0x00000034   Code   RO          841    i.I2c_Soft_Init     i2c_soft.o
    0x08001488   0x00000034   Code   RO          842    i.I2c_Soft_NoAsk    i2c_soft.o
    0x080014bc   0x00000060   Code   RO          843    i.I2c_Soft_ReadByte  i2c_soft.o
    0x0800151c   0x00000054   Code   RO          844    i.I2c_Soft_SendByte  i2c_soft.o
    0x08001570   0x00000058   Code   RO          845    i.I2c_Soft_Start    i2c_soft.o
    0x080015c8   0x00000034   Code   RO          846    i.I2c_Soft_Stop     i2c_soft.o
    0x080015fc   0x00000058   Code   RO          847    i.I2c_Soft_WaitAsk  i2c_soft.o
    0x08001654   0x00000030   Code   RO          848    i.I2c_Soft_delay    i2c_soft.o
    0x08001684   0x0000004c   Code   RO          849    i.IIC_Read_1Byte    i2c_soft.o
    0x080016d0   0x0000007e   Code   RO          850    i.IIC_Read_nByte    i2c_soft.o
    0x0800174e   0x0000003e   Code   RO          851    i.IIC_Write_1Byte   i2c_soft.o
    0x0800178c   0x00000028   Code   RO         6011    i.IMU_Init          directimu.o
    0x080017b4   0x000000f4   Code   RO         6012    i.IMU_UpdataF       directimu.o
    0x080018a8   0x000000d0   Code   RO         6013    i.IMU_UpdataH       directimu.o
    0x08001978   0x000000ac   Code   RO         6014    i.IMU_UpdataY       directimu.o
    0x08001a24   0x0000002c   Code   RO          549    i.MPU6050_AccGToMS2  mpu6050.o
    0x08001a50   0x00000014   Code   RO          550    i.MPU6050_ByteWrite  mpu6050.o
    0x08001a64   0x000000da   Code   RO          551    i.MPU6050_Calibration  mpu6050.o
    0x08001b3e   0x00000038   Code   RO          553    i.MPU6050_GetGyroAccData  mpu6050.o
    0x08001b76   0x00000002   PAD
    0x08001b78   0x000000f4   Code   RO          554    i.MPU6050_GetRawData  mpu6050.o
    0x08001c6c   0x0000002c   Code   RO          555    i.MPU6050_GyroDegToRadian  mpu6050.o
    0x08001c98   0x00000040   Code   RO          556    i.MPU6050_Init      mpu6050.o
    0x08001cd8   0x0000002c   Code   RO          557    i.MPU6050_MinusOffset  mpu6050.o
    0x08001d04   0x0000001c   Code   RO          559    i.MPU6050_ReadNByte  mpu6050.o
    0x08001d20   0x0000005c   Code   RO         6015    i.MatMultiVector    directimu.o
    0x08001d7c   0x00000004   Code   RO          208    i.MemManage_Handler  stm32f4xx_it.o
    0x08001d80   0x00000002   Code   RO          209    i.NMI_Handler       stm32f4xx_it.o
    0x08001d82   0x00000002   PAD
    0x08001d84   0x00000078   Code   RO         1241    i.NVIC_Init         misc.o
    0x08001dfc   0x00000184   Code   RO         5978    i.PID_AlterI        pid.o
    0x08001f80   0x0000013c   Code   RO         5980    i.PID_Normal        pid.o
    0x080020bc   0x00000002   Code   RO          210    i.PendSV_Handler    stm32f4xx_it.o
    0x080020be   0x0000003e   Code   RO            3    i.RCCConfig         main.o
    0x080020fc   0x00000020   Code   RO         3828    i.RCC_AHB1PeriphClockCmd  stm32f4xx_rcc.o
    0x0800211c   0x00000020   Code   RO         3837    i.RCC_APB1PeriphClockCmd  stm32f4xx_rcc.o
    0x0800213c   0x00000020   Code   RO         3839    i.RCC_APB1PeriphResetCmd  stm32f4xx_rcc.o
    0x0800215c   0x00000020   Code   RO         3840    i.RCC_APB2PeriphClockCmd  stm32f4xx_rcc.o
    0x0800217c   0x00000020   Code   RO         3842    i.RCC_APB2PeriphResetCmd  stm32f4xx_rcc.o
    0x0800219c   0x000000e8   Code   RO         3849    i.RCC_GetClocksFreq  stm32f4xx_rcc.o
    0x08002284   0x00000018   Code   RO         3853    i.RCC_HCLKConfig    stm32f4xx_rcc.o
    0x0800229c   0x00000010   Code   RO         3854    i.RCC_HSEConfig     stm32f4xx_rcc.o
    0x080022ac   0x00000018   Code   RO         3864    i.RCC_PCLK1Config   stm32f4xx_rcc.o
    0x080022c4   0x00000018   Code   RO         3865    i.RCC_PCLK2Config   stm32f4xx_rcc.o
    0x080022dc   0x0000000c   Code   RO         3866    i.RCC_PLLCmd        stm32f4xx_rcc.o
    0x080022e8   0x00000024   Code   RO         3867    i.RCC_PLLConfig     stm32f4xx_rcc.o
    0x0800230c   0x00000018   Code   RO         3878    i.RCC_SYSCLKConfig  stm32f4xx_rcc.o
    0x08002324   0x00000038   Code   RO          452    i.ReadFloatData     at24c02.o
    0x0800235c   0x00000104   Code   RO          628    i.RemoteFilter      remote.o
    0x08002460   0x00000012   Code   RO          752    i.SPL06_ByteWrite   spl06.o
    0x08002472   0x00000002   PAD
    0x08002474   0x0000007c   Code   RO          753    i.SPL06_GetHeight   spl06.o
    0x080024f0   0x0000015c   Code   RO          754    i.SPL06_GetPressureData  spl06.o
    0x0800264c   0x000001a8   Code   RO          755    i.SPL06_Init        spl06.o
    0x080027f4   0x00000014   Code   RO          756    i.SPL06_ReadByte    spl06.o
    0x08002808   0x00000010   Code   RO          757    i.SPL06_ReadID      spl06.o
    0x08002818   0x00000016   Code   RO          758    i.SPL06_ReadNByte   spl06.o
    0x0800282e   0x00000002   Code   RO          211    i.SVC_Handler       stm32f4xx_it.o
    0x08002830   0x00000040   Code   RO         5106    i.SYSCFG_EXTILineConfig  stm32f4xx_syscfg.o
    0x08002870   0x00000022   Code   RO          453    i.SaveFloatData     at24c02.o
    0x08002892   0x00000002   PAD
    0x08002894   0x000000ec   Code   RO          292    i.SetSysClock       system_stm32f4xx.o
    0x08002980   0x00000020   Code   RO          212    i.SysTick_Handler   stm32f4xx_it.o
    0x080029a0   0x00000068   Code   RO          294    i.SystemInit        system_stm32f4xx.o
    0x08002a08   0x00000024   Code   RO          213    i.TIM2_IRQHandler   stm32f4xx_it.o
    0x08002a2c   0x00000018   Code   RO         5163    i.TIM_ARRPreloadConfig  stm32f4xx_tim.o
    0x08002a44   0x00000006   Code   RO         5170    i.TIM_ClearITPendingBit  stm32f4xx_tim.o
    0x08002a4a   0x00000018   Code   RO         5175    i.TIM_Cmd           stm32f4xx_tim.o
    0x08002a62   0x0000001e   Code   RO         5177    i.TIM_CtrlPWMOutputs  stm32f4xx_tim.o
    0x08002a80   0x00000022   Code   RO         5196    i.TIM_GetITStatus   stm32f4xx_tim.o
    0x08002aa2   0x00000012   Code   RO         5200    i.TIM_ITConfig      stm32f4xx_tim.o
    0x08002ab4   0x0000007c   Code   RO         5204    i.TIM_OC1Init       stm32f4xx_tim.o
    0x08002b30   0x00000012   Code   RO         5207    i.TIM_OC1PreloadConfig  stm32f4xx_tim.o
    0x08002b42   0x00000002   PAD
    0x08002b44   0x000000a4   Code   RO         5209    i.TIM_OC2Init       stm32f4xx_tim.o
    0x08002be8   0x0000001a   Code   RO         5212    i.TIM_OC2PreloadConfig  stm32f4xx_tim.o
    0x08002c02   0x00000002   PAD
    0x08002c04   0x000000a0   Code   RO         5214    i.TIM_OC3Init       stm32f4xx_tim.o
    0x08002ca4   0x00000012   Code   RO         5217    i.TIM_OC3PreloadConfig  stm32f4xx_tim.o
    0x08002cb6   0x00000002   PAD
    0x08002cb8   0x00000078   Code   RO         5219    i.TIM_OC4Init       stm32f4xx_tim.o
    0x08002d30   0x0000001a   Code   RO         5221    i.TIM_OC4PreloadConfig  stm32f4xx_tim.o
    0x08002d4a   0x00000014   Code   RO         5222    i.TIM_OCStructInit  stm32f4xx_tim.o
    0x08002d5e   0x00000002   PAD
    0x08002d60   0x00000084   Code   RO         5247    i.TIM_TimeBaseInit  stm32f4xx_tim.o
    0x08002de4   0x00000012   Code   RO         5248    i.TIM_TimeBaseStructInit  stm32f4xx_tim.o
    0x08002df6   0x00000002   PAD
    0x08002df8   0x00000040   Code   RO          988    i.USART1_IRQHandler  usart.o
    0x08002e38   0x00000044   Code   RO          989    i.USART2_IRQHandler  usart.o
    0x08002e7c   0x0000001e   Code   RO         5722    i.USART_ClearITPendingBit  stm32f4xx_usart.o
    0x08002e9a   0x00000018   Code   RO         5725    i.USART_Cmd         stm32f4xx_usart.o
    0x08002eb2   0x00000012   Code   RO         5726    i.USART_DMACmd      stm32f4xx_usart.o
    0x08002ec4   0x000000f0   Code   RO         5727    i.USART_DeInit      stm32f4xx_usart.o
    0x08002fb4   0x00000054   Code   RO         5729    i.USART_GetITStatus  stm32f4xx_usart.o
    0x08003008   0x0000004a   Code   RO         5731    i.USART_ITConfig    stm32f4xx_usart.o
    0x08003052   0x00000002   PAD
    0x08003054   0x000000d4   Code   RO         5732    i.USART_Init        stm32f4xx_usart.o
    0x08003128   0x00000004   Code   RO          214    i.UsageFault_Handler  stm32f4xx_it.o
    0x0800312c   0x0000002c   Code   RO          991    i.Usart6_Send       usart.o
    0x08003158   0x00000440   Code   RO         6016    i.YawCalcul         directimu.o
    0x08003598   0x00000030   Code   RO         6395    i.__ARM_fpclassify  m_wm.l(fpclassify.o)
    0x080035c8   0x00000360   Code   RO         6231    i.__hardfp_asin     m_wm.l(asin.o)
    0x08003928   0x000002d8   Code   RO         6245    i.__hardfp_atan     m_wm.l(atan.o)
    0x08003c00   0x000001f0   Code   RO         6259    i.__hardfp_atan2    m_wm.l(atan2.o)
    0x08003df0   0x000000c8   Code   RO         6271    i.__hardfp_cos      m_wm.l(cos.o)
    0x08003eb8   0x00000014   Code   RO         6283    i.__hardfp_fabs     m_wm.l(fabs.o)
    0x08003ecc   0x00000004   PAD
    0x08003ed0   0x000003c4   Code   RO         6289    i.__hardfp_log      m_wm.l(log.o)
    0x08004294   0x00000004   PAD
    0x08004298   0x000000c8   Code   RO         6303    i.__hardfp_sin      m_wm.l(sin.o)
    0x08004360   0x0000007a   Code   RO         6315    i.__hardfp_sqrt     m_wm.l(sqrt.o)
    0x080043da   0x00000006   PAD
    0x080043e0   0x00000438   Code   RO         6400    i.__ieee754_rem_pio2  m_wm.l(rred.o)
    0x08004818   0x00000170   Code   RO         6378    i.__kernel_cos      m_wm.l(cos_i.o)
    0x08004988   0x000000f8   Code   RO         6397    i.__kernel_poly     m_wm.l(poly.o)
    0x08004a80   0x00000130   Code   RO         6405    i.__kernel_sin      m_wm.l(sin_i.o)
    0x08004bb0   0x00000030   Code   RO         6381    i.__mathlib_dbl_divzero  m_wm.l(dunder.o)
    0x08004be0   0x00000014   Code   RO         6382    i.__mathlib_dbl_infnan  m_wm.l(dunder.o)
    0x08004bf4   0x00000014   Code   RO         6383    i.__mathlib_dbl_infnan2  m_wm.l(dunder.o)
    0x08004c08   0x00000020   Code   RO         6384    i.__mathlib_dbl_invalid  m_wm.l(dunder.o)
    0x08004c28   0x00000020   Code   RO         6387    i.__mathlib_dbl_underflow  m_wm.l(dunder.o)
    0x08004c48   0x0000000e   Code   RO         6459    i.__scatterload_copy  mc_w.l(handlers.o)
    0x08004c56   0x00000002   Code   RO         6460    i.__scatterload_null  mc_w.l(handlers.o)
    0x08004c58   0x0000000e   Code   RO         6461    i.__scatterload_zeroinit  mc_w.l(handlers.o)
    0x08004c66   0x00000002   PAD
    0x08004c68   0x0000000c   Code   RO         6433    i.__set_errno       mc_w.l(errno.o)
    0x08004c74   0x00000010   Code   RO         6247    i.atan              m_wm.l(atan.o)
    0x08004c84   0x0000001a   Code   RO         1139    i.delay_ms          delay.o
    0x08004c9e   0x00000018   Code   RO         6285    i.fabs              m_wm.l(fabs.o)
    0x08004cb6   0x00000002   PAD
    0x08004cb8   0x00000050   Code   RO         6336    i.free              mc_w.l(malloc.o)
    0x08004d08   0x0000002c   Code   RO            4    i.main              main.o
    0x08004d34   0x0000006c   Code   RO         6337    i.malloc            mc_w.l(malloc.o)
    0x08004da0   0x0000000c   Code   RO         1142    i.millis            delay.o
    0x08004dac   0x0000006e   Code   RO         6317    i.sqrt              m_wm.l(sqrt.o)
    0x08004e1a   0x00000002   PAD
    0x08004e1c   0x000000c4   Code   RO          996    i.uart2_init        usart.o
    0x08004ee0   0x00000084   Code   RO          997    i.uart6_init        usart.o
    0x08004f64   0x00000050   Code   RO          330    i.vAllInit          allcontrol.o
    0x08004fb4   0x00000072   Code   RO          331    i.vDroneCalibration  allcontrol.o
    0x08005026   0x00000002   PAD
    0x08005028   0x000002dc   Code   RO          332    i.vDroneControl     allcontrol.o
    0x08005304   0x000000c8   Code   RO          333    i.vDroneLock        allcontrol.o
    0x080053cc   0x000000a0   Code   RO          334    i.vDroneReadCalData  allcontrol.o
    0x0800546c   0x000000ac   Code   RO          336    i.vDroneunLock      allcontrol.o
    0x08005518   0x00000070   Code   RO          337    i.vIMUCalculation   allcontrol.o
    0x08005588   0x00000088   Code   RO          512    i.vLEDDisplay       led.o
    0x08005610   0x00000050   Code   RO          513    i.vLEDInit          led.o
    0x08005660   0x0000011c   Code   RO          656    i.vMotorInit        motor.o
    0x0800577c   0x00000010   Code   RO          657    i.vMotorLock        motor.o
    0x0800578c   0x000000b4   Code   RO          658    i.vMotorPWMSet      motor.o
    0x08005840   0x00000130   Code   RO          338    i.vPIDParaInit      allcontrol.o
    0x08005970   0x00000104   Code   RO          958    i.vPPMCallback      ppm.o
    0x08005a74   0x00000084   Code   RO          959    i.vPPMInit          ppm.o
    0x08005af8   0x00000178   Code   RO          629    i.vRemoteDataHandle  remote.o
    0x08005c70   0x000003c0   Code   RO         1194    i.vSendDataPolling  ano_dt.o
    0x08006030   0x00000010   Code   RO         1195    i.vSendDataPort     ano_dt.o
    0x08006040   0x00000078   Code   RO         1196    i.vSendOneFrame     ano_dt.o
    0x080060b8   0x00000098   Code   RO          514    i.vSetLEDColor      led.o
    0x08006150   0x000000e0   Code   RO          515    i.vSetLEDToggle     led.o
    0x08006230   0x00000056   Code   RO          938    i.vTIM2Init         tim.o
    0x08006286   0x00000002   PAD
    0x08006288   0x00000050   Data   RO         6234    .constdata          m_wm.l(asin.o)
    0x080062d8   0x00000098   Data   RO         6248    .constdata          m_wm.l(atan.o)
    0x08006370   0x00000038   Data   RO         6292    .constdata          m_wm.l(log.o)
    0x080063a8   0x00000030   Data   RO         6379    .constdata          m_wm.l(cos_i.o)
    0x080063d8   0x00000008   Data   RO         6399    .constdata          m_wm.l(qnan.o)
    0x080063e0   0x000000c8   Data   RO         6402    .constdata          m_wm.l(rred.o)
    0x080064a8   0x00000028   Data   RO         6406    .constdata          m_wm.l(sin_i.o)
    0x080064d0   0x00000020   Data   RO         6457    Region$$Table       anon$$obj.o


    Execution Region RW_IRAM1 (Base: 0x20000000, Size: 0x00000918, Max: 0x00020000, ABSOLUTE)

    Base Addr    Size         Type   Attr      Idx    E Section Name        Object

    0x20000000   0x00000004   Data   RW            6    .data               main.o
    0x20000004   0x00000014   Data   RW          295    .data               system_stm32f4xx.o
    0x20000018   0x00000032   Data   RW          340    .data               allcontrol.o
    0x2000004a   0x00000001   Data   RW          516    .data               led.o
    0x2000004b   0x00000001   Data   RW          631    .data               remote.o
    0x2000004c   0x00000003   Data   RW          697    .data               ak8975.o
    0x2000004f   0x00000001   PAD
    0x20000050   0x00000018   Data   RW          759    .data               spl06.o
    0x20000068   0x00000001   Data   RW          853    .data               i2c_soft.o
    0x20000069   0x00000003   PAD
    0x2000006c   0x0000001c   Data   RW          961    .data               ppm.o
    0x20000088   0x00000008   Data   RW         1143    .data               delay.o
    0x20000090   0x00000010   Data   RW         3881    .data               stm32f4xx_rcc.o
    0x200000a0   0x0000000c   Data   RW         6065    .data               altitude.o
    0x200000ac   0x00000004   Data   RW         6429    .data               mc_w.l(mvars.o)
    0x200000b0   0x00000004   Data   RW         6430    .data               mc_w.l(mvars.o)
    0x200000b4   0x00000004   Data   RW         6434    .data               mc_w.l(errno.o)
    0x200000b8   0x000000b0   Zero   RW            5    .bss                main.o
    0x20000168   0x00000118   Zero   RW          339    .bss                allcontrol.o
    0x20000280   0x00000030   Zero   RW          630    .bss                remote.o
    0x200002b0   0x00000024   Zero   RW          960    .bss                ppm.o
    0x200002d4   0x00000040   Zero   RW         1197    .bss                ano_dt.o
    0x20000314   0x00000004   PAD
    0x20000318   0x00000200   Zero   RW         5970    HEAP                startup_stm32f40_41xxx.o
    0x20000518   0x00000400   Zero   RW         5969    STACK               startup_stm32f40_41xxx.o


==============================================================================

Image component sizes


      Code (inc. data)   RO Data    RW Data    ZI Data      Debug   Object Name

       484         24          0          3          0       4962   ak8975.o
      1874        238          0         50        280     239130   allcontrol.o
       416         40          0         12          0        811   altitude.o
      1096         62          0          0         64       5331   ano_dt.o
       136          4          0          0          0       3058   at24c02.o
       158         26          0          8          0      28764   delay.o
      2512        112          0          0          0      20007   directimu.o
       876         44          0          1          0       8044   i2c_soft.o
       592         42          0          1          0       3285   led.o
       106          6          0          4        176     294980   main.o
       120         14          0          0          0       1144   misc.o
       480         22          0          0          0       1913   motor.o
       762         16          0          0          0      19834   mpu6050.o
       704         12          0          0          0       2362   pid.o
       392         42          0         28         36       2300   ppm.o
       636         56          0          1         48       2094   remote.o
       972        100          0         24          0       5150   spl06.o
        36          8        392          0       1536        888   startup_stm32f40_41xxx.o
       184         16          0          0          0       2340   stm32f4xx_exti.o
       236          0          0          0          0       3164   stm32f4xx_gpio.o
       122         14          0          0          0       5087   stm32f4xx_it.o
       552         86          0         16          0      10626   stm32f4xx_rcc.o
        64          4          0          0          0        708   stm32f4xx_syscfg.o
       962         66          0          0          0      12282   stm32f4xx_tim.o
       682         42          0          0          0       6106   stm32f4xx_usart.o
       340         32          0         20          0       1753   system_stm32f4xx.o
        86          0          0          0          0        672   tim.o
       504         30          0          0          0       3184   usart.o

    ----------------------------------------------------------------------
     16114       1158        424        172       2144     689979   Object Totals
         0          0         32          0          0          0   (incl. Generated)
        30          0          0          4          4          0   (incl. Padding)

    ----------------------------------------------------------------------

      Code (inc. data)   RO Data    RW Data    ZI Data      Debug   Library Member Name

       208          0          0          0          0      16070   arm_add_f32.o
         8          0          0          0          0        779   arm_mat_init_f32.o
       152          0          0          0          0       1172   arm_mat_trans_f32.o
       162          0          0          0          0        812   arm_scale_f32.o
       208          0          0          0          0        886   arm_sub_f32.o
       864         94         80          0          0        280   asin.o
       744        106        152          0          0        352   atan.o
       496         64          0          0          0        192   atan2.o
       200         20          0          0          0        164   cos.o
       368         46         48          0          0        200   cos_i.o
       152         36          0          0          0        620   dunder.o
        44          0          0          0          0        248   fabs.o
        48          0          0          0          0        124   fpclassify.o
       964         92         56          0          0        316   log.o
       248          0          0          0          0        152   poly.o
         0          0          8          0          0          0   qnan.o
      1080        142        200          0          0        188   rred.o
       200         20          0          0          0        164   sin.o
       304         24         40          0          0        208   sin_i.o
       232          0          0          0          0        296   sqrt.o
         0          0          0          0          0          0   entry.o
         0          0          0          0          0          0   entry10a.o
         0          0          0          0          0          0   entry11a.o
         8          4          0          0          0          0   entry2.o
         4          0          0          0          0          0   entry5.o
         0          0          0          0          0          0   entry7b.o
         0          0          0          0          0          0   entry8b.o
         8          4          0          0          0          0   entry9a.o
        12          6          0          4          0         68   errno.o
        30          0          0          0          0          0   handlers.o
        36          8          0          0          0         68   init.o
         0          0          0          0          0          0   iusefp.o
        30          0          0          0          0         68   llshl.o
        36          0          0          0          0         68   llsshr.o
        32          0          0          0          0         68   llushr.o
       188         20          0          0          0        160   malloc.o
        36          0          0          0          0         68   memcpya.o
        36          0          0          0          0        108   memseta.o
         0          0          0          8          0          0   mvars.o
        48          0          0          0          0         68   cdcmple.o
        48          0          0          0          0         68   cdrcmple.o
        56          0          0          0          0         88   d2f.o
       334          0          0          0          0        148   dadd.o
       222          0          0          0          0        100   ddiv.o
       186          0          0          0          0        176   depilogue.o
        62          0          0          0          0         80   dfixi.o
        34          0          0          0          0         76   dflti.o
        26          0          0          0          0         76   dfltui.o
       228          0          0          0          0         96   dmul.o
       162          0          0          0          0        100   dsqrt.o
        38          0          0          0          0         68   f2d.o
       110          0          0          0          0        168   fepilogue.o

    ----------------------------------------------------------------------
      8718        690        584         12          0      25211   Library Totals
        26          4          0          0          0          0   (incl. Padding)

    ----------------------------------------------------------------------

      Code (inc. data)   RO Data    RW Data    ZI Data      Debug   Library Name

       738          0          0          0          0      19719   arm_cortexM4lf_math.lib
      5944        644        584          0          0       3504   m_wm.l
       456         42          0         12          0        676   mc_w.l
      1554          0          0          0          0       1312   mf_w.l

    ----------------------------------------------------------------------
      8718        690        584         12          0      25211   Library Totals

    ----------------------------------------------------------------------

==============================================================================


      Code (inc. data)   RO Data    RW Data    ZI Data      Debug   

     24832       1848       1008        184       2144     698906   Grand Totals
     24832       1848       1008        184       2144     698906   ELF Image Totals
     24832       1848       1008        184          0          0   ROM Totals

==============================================================================

    Total RO  Size (Code + RO Data)                25840 (  25.23kB)
    Total RW  Size (RW Data + ZI Data)              2328 (   2.27kB)
    Total ROM Size (Code + RO Data + RW Data)      26024 (  25.41kB)

==============================================================================

