Component: ARM Compiler 5.06 update 2 (build 183) Tool: armlink [4d35b7]

==============================================================================

Section Cross References

    main.o(i.RCCConfig) refers to stm32f4xx_rcc.o(i.RCC_HSEConfig) for RCC_HSEConfig
    main.o(i.RCCConfig) refers to stm32f4xx_rcc.o(i.RCC_PLLConfig) for RCC_PLLConfig
    main.o(i.RCCConfig) refers to stm32f4xx_rcc.o(i.RCC_SYSCLKConfig) for RCC_SYSCLKConfig
    main.o(i.RCCConfig) refers to stm32f4xx_rcc.o(i.RCC_HCLKConfig) for RCC_HCLKConfig
    main.o(i.RCCConfig) refers to stm32f4xx_rcc.o(i.RCC_PCLK1Config) for RCC_PCLK1Config
    main.o(i.RCCConfig) refers to stm32f4xx_rcc.o(i.RCC_PCLK2Config) for RCC_PCLK2Config
    main.o(i.RCCConfig) refers to stm32f4xx_rcc.o(i.RCC_PLLCmd) for RCC_PLLCmd
    main.o(i.main) refers to main.o(i.RCCConfig) for RCCConfig
    main.o(i.main) refers to delay.o(i.Delay_Init) for Delay_Init
    main.o(i.main) refers to allcontrol.o(i.vAllInit) for vAllInit
    main.o(i.main) refers to allcontrol.o(i.vDroneunLock) for vDroneunLock
    main.o(i.main) refers to allcontrol.o(i.vDroneLock) for vDroneLock
    main.o(i.main) refers to main.o(.data) for MyDrone
    stm32f4xx_it.o(i.EXTI15_10_IRQHandler) refers to stm32f4xx_exti.o(i.EXTI_GetITStatus) for EXTI_GetITStatus
    stm32f4xx_it.o(i.EXTI15_10_IRQHandler) refers to ppm.o(i.vPPMCallback) for vPPMCallback
    stm32f4xx_it.o(i.EXTI15_10_IRQHandler) refers to stm32f4xx_exti.o(i.EXTI_ClearITPendingBit) for EXTI_ClearITPendingBit
    stm32f4xx_it.o(i.SysTick_Handler) refers to main.o(.data) for uSystickCount
    stm32f4xx_it.o(i.SysTick_Handler) refers to delay.o(.data) for sysTickUptime
    stm32f4xx_it.o(i.TIM2_IRQHandler) refers to stm32f4xx_tim.o(i.TIM_GetITStatus) for TIM_GetITStatus
    stm32f4xx_it.o(i.TIM2_IRQHandler) refers to stm32f4xx_tim.o(i.TIM_ClearITPendingBit) for TIM_ClearITPendingBit
    stm32f4xx_it.o(i.TIM2_IRQHandler) refers to ppm.o(.data) for TIME_ISR_CNT
    stm32f4xx_it.o(i.USART1_IRQHandler) refers to stm32f4xx_usart.o(i.USART_GetITStatus) for USART_GetITStatus
    stm32f4xx_it.o(i.USART1_IRQHandler) refers to stm32f4xx_usart.o(i.USART_ReceiveData) for USART_ReceiveData
    stm32f4xx_it.o(i.USART1_IRQHandler) refers to ano_dt.o(i.vReceiveData) for vReceiveData
    stm32f4xx_it.o(i.USART1_IRQHandler) refers to stm32f4xx_usart.o(i.USART_ClearITPendingBit) for USART_ClearITPendingBit
    system_stm32f4xx.o(i.SystemCoreClockUpdate) refers to system_stm32f4xx.o(.data) for SystemCoreClock
    system_stm32f4xx.o(i.SystemInit) refers to system_stm32f4xx.o(i.SetSysClock) for SetSysClock
    allcontrol.o(i.vAllInit) refers to ppm.o(i.vPPMInit) for vPPMInit
    allcontrol.o(i.vAllInit) refers to usart1.o(i.USART1_init) for USART1_init
    allcontrol.o(i.vAllInit) refers to led.o(i.vLEDInit) for vLEDInit
    allcontrol.o(i.vAllInit) refers to i2c_soft.o(i.I2c_Soft_Init) for I2c_Soft_Init
    allcontrol.o(i.vAllInit) refers to mpu6050.o(i.MPU6050_Init) for MPU6050_Init
    allcontrol.o(i.vAllInit) refers to ak8975.o(i.AK8975_Init) for AK8975_Init
    allcontrol.o(i.vAllInit) refers to motor.o(i.vMotorInit) for vMotorInit
    allcontrol.o(i.vAllInit) refers to allcontrol.o(i.vPIDParaInit) for vPIDParaInit
    allcontrol.o(i.vAllInit) refers to main.o(.data) for MyDrone
    allcontrol.o(i.vDroneCalibration) refers to memseta.o(.text) for __aeabi_memclr4
    allcontrol.o(i.vDroneCalibration) refers to remote.o(i.vRemoteDataHandle) for vRemoteDataHandle
    allcontrol.o(i.vDroneCalibration) refers to mpu6050.o(i.MPU6050_Calibration) for MPU6050_Calibration
    allcontrol.o(i.vDroneCalibration) refers to ak8975.o(i.AK8975_MagXYCalibration) for AK8975_MagXYCalibration
    allcontrol.o(i.vDroneCalibration) refers to ak8975.o(i.AK8975_MagZCalibration) for AK8975_MagZCalibration
    allcontrol.o(i.vDroneCalibration) refers to ak8975.o(i.AK8975_GetGlobal0z) for AK8975_GetGlobal0z
    allcontrol.o(i.vDroneCalibration) refers to led.o(i.vLEDDisplay) for vLEDDisplay
    allcontrol.o(i.vDroneCalibration) refers to at24c02.o(i.AT24C02_PageWrite) for AT24C02_PageWrite
    allcontrol.o(i.vDroneCalibration) refers to delay.o(i.delay_ms) for delay_ms
    allcontrol.o(i.vDroneCalibration) refers to at24c02.o(i.AT24C02_ByteWrite) for AT24C02_ByteWrite
    allcontrol.o(i.vDroneCalibration) refers to main.o(.bss) for xRemote
    allcontrol.o(i.vDroneCalibration) refers to main.o(.data) for MyDrone
    allcontrol.o(i.vDroneControl) refers to pid.o(i.vPIDCalculate) for vPIDCalculate
    allcontrol.o(i.vDroneControl) refers to motor.o(i.vMotorPWMSet) for vMotorPWMSet
    allcontrol.o(i.vDroneControl) refers to allcontrol.o(.data) for uMotor1PWM
    allcontrol.o(i.vDroneControl) refers to main.o(.bss) for KalmanData
    allcontrol.o(i.vDroneControl) refers to allcontrol.o(.bss) for PID_Roll_Angle
    allcontrol.o(i.vDroneControl) refers to main.o(.data) for MyDrone
    allcontrol.o(i.vDroneLock) refers to motor.o(i.vMotorLock) for vMotorLock
[...]
    Calculate2Hadj                           0x08000f59   Thumb Code    56  ak8975.o(i.Calculate2Hadj)
    i.DMA1_Stream6_IRQHandler                0x08000f9c   Section        0  usart2.o(i.DMA1_Stream6_IRQHandler)
    i.DataNormalization                      0x08000fc4   Section        0  kalman.o(i.DataNormalization)
    DataNormalization                        0x08000fc5   Thumb Code   142  kalman.o(i.DataNormalization)
    i.DebugMon_Handler                       0x08001058   Section        0  stm32f4xx_it.o(i.DebugMon_Handler)
    i.Delay_Init                             0x0800105c   Section        0  delay.o(i.Delay_Init)
    i.EXTI15_10_IRQHandler                   0x080010d4   Section        0  stm32f4xx_it.o(i.EXTI15_10_IRQHandler)
    i.EXTI_ClearITPendingBit                 0x080010f4   Section        0  stm32f4xx_exti.o(i.EXTI_ClearITPendingBit)
    i.EXTI_GetITStatus                       0x08001100   Section        0  stm32f4xx_exti.o(i.EXTI_GetITStatus)
    i.EXTI_Init                              0x08001118   Section        0  stm32f4xx_exti.o(i.EXTI_Init)
    i.FindPos                                0x080011ac   Section        0  filter.o(i.FindPos)
    i.GPIO_Init                              0x08001224   Section        0  stm32f4xx_gpio.o(i.GPIO_Init)
    i.GPIO_PinAFConfig                       0x080012b4   Section        0  stm32f4xx_gpio.o(i.GPIO_PinAFConfig)
    i.GPIO_SetBits                           0x080012fa   Section        0  stm32f4xx_gpio.o(i.GPIO_SetBits)
    i.GPIO_StructInit                        0x080012fe   Section        0  stm32f4xx_gpio.o(i.GPIO_StructInit)
    i.GetMatEye                              0x08001310   Section        0  hq_math.o(i.GetMatEye)
    i.GetPoseA                               0x08001354   Section        0  kalman.o(i.GetPoseA)
    GetPoseA                                 0x08001355   Thumb Code   528  kalman.o(i.GetPoseA)
    i.GetPoseC                               0x0800156c   Section        0  kalman.o(i.GetPoseC)
    GetPoseC                                 0x0800156d   Thumb Code   712  kalman.o(i.GetPoseC)
    i.GetPoseZ                               0x08001844   Section        0  kalman.o(i.GetPoseZ)
    GetPoseZ                                 0x08001845   Thumb Code    58  kalman.o(i.GetPoseZ)
    i.HardFault_Handler                      0x0800187e   Section        0  stm32f4xx_it.o(i.HardFault_Handler)
    i.I2c_Soft_Ask                           0x08001884   Section        0  i2c_soft.o(i.I2c_Soft_Ask)
    i.I2c_Soft_Init                          0x080018b8   Section        0  i2c_soft.o(i.I2c_Soft_Init)
    i.I2c_Soft_NoAsk                         0x080018ec   Section        0  i2c_soft.o(i.I2c_Soft_NoAsk)
    i.I2c_Soft_ReadByte                      0x08001920   Section        0  i2c_soft.o(i.I2c_Soft_ReadByte)
    i.I2c_Soft_SendByte                      0x08001980   Section        0  i2c_soft.o(i.I2c_Soft_SendByte)
    i.I2c_Soft_Start                         0x080019d4   Section        0  i2c_soft.o(i.I2c_Soft_Start)
    i.I2c_Soft_Stop                          0x08001a2c   Section        0  i2c_soft.o(i.I2c_Soft_Stop)
    i.I2c_Soft_WaitAsk                       0x08001a60   Section        0  i2c_soft.o(i.I2c_Soft_WaitAsk)
    i.I2c_Soft_delay                         0x08001ab8   Section        0  i2c_soft.o(i.I2c_Soft_delay)
    i.IIC_Read_1Byte                         0x08001ae8   Section        0  i2c_soft.o(i.IIC_Read_1Byte)
    i.IIC_Read_nByte                         0x08001b34   Section        0  i2c_soft.o(i.IIC_Read_nByte)
    i.IIC_Write_1Byte                        0x08001bb2   Section        0  i2c_soft.o(i.IIC_Write_1Byte)
    i.IIC_Write_nByte                        0x08001bf0   Section        0  i2c_soft.o(i.IIC_Write_nByte)
    i.Kalman                                 0x08001c40   Section        0  kalman.o(i.Kalman)
    i.MPU6050_AccFilter                      0x08001e44   Section        0  mpu6050.o(i.MPU6050_AccFilter)
    MPU6050_AccFilter                        0x08001e45   Thumb Code   144  mpu6050.o(i.MPU6050_AccFilter)
    i.MPU6050_AccRawToMS2                    0x08001ee0   Section        0  mpu6050.o(i.MPU6050_AccRawToMS2)
    MPU6050_AccRawToMS2                      0x08001ee1   Thumb Code    50  mpu6050.o(i.MPU6050_AccRawToMS2)
    i.MPU6050_ByteWrite                      0x08001f18   Section        0  mpu6050.o(i.MPU6050_ByteWrite)
    MPU6050_ByteWrite                        0x08001f19   Thumb Code    20  mpu6050.o(i.MPU6050_ByteWrite)
    i.MPU6050_Calibration                    0x08001f2c   Section        0  mpu6050.o(i.MPU6050_Calibration)
    i.MPU6050_GetGyroAccData                 0x08002058   Section        0  mpu6050.o(i.MPU6050_GetGyroAccData)
    i.MPU6050_GyroFilter                     0x0800214c   Section        0  mpu6050.o(i.MPU6050_GyroFilter)
    MPU6050_GyroFilter                       0x0800214d   Thumb Code   186  mpu6050.o(i.MPU6050_GyroFilter)
    i.MPU6050_GyroRawToRadian                0x08002210   Section        0  mpu6050.o(i.MPU6050_GyroRawToRadian)
    MPU6050_GyroRawToRadian                  0x08002211   Thumb Code    50  mpu6050.o(i.MPU6050_GyroRawToRadian)
    i.MPU6050_Init                           0x08002248   Section        0  mpu6050.o(i.MPU6050_Init)
    i.MPU6050_RawDataHandle                  0x08002274   Section        0  mpu6050.o(i.MPU6050_RawDataHandle)
    i.MPU6050_ReadNByte                      0x08002292   Section        0  mpu6050.o(i.MPU6050_ReadNByte)
    MPU6050_ReadNByte                        0x08002293   Thumb Code    28  mpu6050.o(i.MPU6050_ReadNByte)
    i.MatCopy                                0x080022ae   Section        0  hq_math.o(i.MatCopy)
    i.MatInv                                 0x080022ec   Section        0  hq_math.o(i.MatInv)
    i.MatMinus                               0x080025b4   Section        0  hq_math.o(i.MatMinus)
    i.MatMulti                               0x08002604   Section        0  hq_math.o(i.MatMulti)
    i.MatMultiVector                         0x08002680   Section        0  hq_math.o(i.MatMultiVector)
    i.MatPlus                                0x080026d8   Section        0  hq_math.o(i.MatPlus)
    i.MatSwapCol                             0x08002726   Section        0  hq_math.o(i.MatSwapCol)
    i.MatSwapRow                             0x08002790   Section        0  hq_math.o(i.MatSwapRow)
    i.MatTranspose                           0x080027fa   Section        0  hq_math.o(i.MatTranspose)
    i.MeasureAngle                           0x08002830   Section        0  kalman.o(i.MeasureAngle)
    MeasureAngle                             0x08002831   Thumb Code  1082  kalman.o(i.MeasureAngle)
    i.MemManage_Handler                      0x08002ca8   Section        0  stm32f4xx_it.o(i.MemManage_Handler)
    i.NMI_Handler                            0x08002cac   Section        0  stm32f4xx_it.o(i.NMI_Handler)
    i.NVIC_Init                              0x08002cb0   Section        0  misc.o(i.NVIC_Init)
    i.PendSV_Handler                         0x08002d28   Section        0  stm32f4xx_it.o(i.PendSV_Handler)
    i.QuiteSort                              0x08002d2a   Section        0  filter.o(i.QuiteSort)
    i.RCCConfig                              0x08002d5e   Section        0  main.o(i.RCCConfig)
    i.RCC_AHB1PeriphClockCmd                 0x08002d9c   Section        0  stm32f4xx_rcc.o(i.RCC_AHB1PeriphClockCmd)
    i.RCC_APB1PeriphClockCmd                 0x08002dbc   Section        0  stm32f4xx_rcc.o(i.RCC_APB1PeriphClockCmd)
    i.RCC_APB2PeriphClockCmd                 0x08002ddc   Section        0  stm32f4xx_rcc.o(i.RCC_APB2PeriphClockCmd)
    i.RCC_GetClocksFreq                      0x08002dfc   Section        0  stm32f4xx_rcc.o(i.RCC_GetClocksFreq)
    i.RCC_HCLKConfig                         0x08002ee4   Section        0  stm32f4xx_rcc.o(i.RCC_HCLKConfig)
    i.RCC_HSEConfig                          0x08002efc   Section        0  stm32f4xx_rcc.o(i.RCC_HSEConfig)
    i.RCC_PCLK1Config                        0x08002f0c   Section        0  stm32f4xx_rcc.o(i.RCC_PCLK1Config)
    i.RCC_PCLK2Config                        0x08002f24   Section        0  stm32f4xx_rcc.o(i.RCC_PCLK2Config)
    i.RCC_PLLCmd                             0x08002f3c   Section        0  stm32f4xx_rcc.o(i.RCC_PLLCmd)
    i.RCC_PLLConfig                          0x08002f48   Section        0  stm32f4xx_rcc.o(i.RCC_PLLConfig)
    i.RCC_SYSCLKConfig                       0x08002f6c   Section        0  stm32f4xx_rcc.o(i.RCC_SYSCLKConfig)
    i.SVC_Handler                            0x08002f84   Section        0  stm32f4xx_it.o(i.SVC_Handler)
    i.SYSCFG_EXTILineConfig                  0x08002f88   Section        0  stm32f4xx_syscfg.o(i.SYSCFG_EXTILineConfig)
    i.SetSysClock                            0x08002fc8   Section        0  system_stm32f4xx.o(i.SetSysClock)
    SetSysClock                              0x08002fc9   Thumb Code   220  system_stm32f4xx.o(i.SetSysClock)
    i.SortAver_FilterXYZ                     0x080030b4   Section        0  filter.o(i.SortAver_FilterXYZ)
    i.SysTick_Handler                        0x080031f0   Section        0  stm32f4xx_it.o(i.SysTick_Handler)
    i.SystemInit                             0x08003210   Section        0  system_stm32f4xx.o(i.SystemInit)
    i.TIM2_IRQHandler                        0x08003278   Section        0  stm32f4xx_it.o(i.TIM2_IRQHandler)
    i.TIM_ARRPreloadConfig                   0x0800329c   Section        0  stm32f4xx_tim.o(i.TIM_ARRPreloadConfig)
    i.TIM_ClearITPendingBit                  0x080032b4   Section        0  stm32f4xx_tim.o(i.TIM_ClearITPendingBit)
    i.TIM_Cmd                                0x080032ba   Section        0  stm32f4xx_tim.o(i.TIM_Cmd)
    i.TIM_CtrlPWMOutputs                     0x080032d2   Section        0  stm32f4xx_tim.o(i.TIM_CtrlPWMOutputs)
    i.TIM_GetITStatus                        0x080032f0   Section        0  stm32f4xx_tim.o(i.TIM_GetITStatus)
    i.TIM_ITConfig                           0x08003312   Section        0  stm32f4xx_tim.o(i.TIM_ITConfig)
    i.TIM_OC1Init                            0x08003324   Section        0  stm32f4xx_tim.o(i.TIM_OC1Init)
    i.TIM_OC1PreloadConfig                   0x080033a0   Section        0  stm32f4xx_tim.o(i.TIM_OC1PreloadConfig)
    i.TIM_OC2Init                            0x080033b4   Section        0  stm32f4xx_tim.o(i.TIM_OC2Init)
    i.TIM_OC2PreloadConfig                   0x08003458   Section        0  stm32f4xx_tim.o(i.TIM_OC2PreloadConfig)
    i.TIM_OC3Init                            0x08003474   Section        0  stm32f4xx_tim.o(i.TIM_OC3Init)
    i.TIM_OC3PreloadConfig                   0x08003514   Section        0  stm32f4xx_tim.o(i.TIM_OC3PreloadConfig)
    i.TIM_OC4Init                            0x08003528   Section        0  stm32f4xx_tim.o(i.TIM_OC4Init)
    i.TIM_OC4PreloadConfig                   0x080035a0   Section        0  stm32f4xx_tim.o(i.TIM_OC4PreloadConfig)
    i.TIM_OCStructInit                       0x080035ba   Section        0  stm32f4xx_tim.o(i.TIM_OCStructInit)
    i.TIM_TimeBaseInit                       0x080035d0   Section        0  stm32f4xx_tim.o(i.TIM_TimeBaseInit)
    i.TIM_TimeBaseStructInit                 0x08003654   Section        0  stm32f4xx_tim.o(i.TIM_TimeBaseStructInit)
    i.UART5_IRQHandler                       0x08003668   Section        0  usart5.o(i.UART5_IRQHandler)
    i.USART1_IRQHandler                      0x080036d0   Section        0  stm32f4xx_it.o(i.USART1_IRQHandler)
    i.USART1_Send                            0x08003700   Section        0  usart1.o(i.USART1_Send)
    i.USART1_init                            0x0800372c   Section        0  usart1.o(i.USART1_init)
    i.USART3_IRQHandler                      0x080037d8   Section        0  usart3.o(i.USART3_IRQHandler)
    i.USART_ClearITPendingBit                0x080037ec   Section        0  stm32f4xx_usart.o(i.USART_ClearITPendingBit)
    i.USART_Cmd                              0x0800380a   Section        0  stm32f4xx_usart.o(i.USART_Cmd)
    i.USART_GetITStatus                      0x08003822   Section        0  stm32f4xx_usart.o(i.USART_GetITStatus)
    i.USART_ITConfig                         0x08003876   Section        0  stm32f4xx_usart.o(i.USART_ITConfig)
    i.USART_Init                             0x080038c0   Section        0  stm32f4xx_usart.o(i.USART_Init)
    i.USART_ReceiveData                      0x08003994   Section        0  stm32f4xx_usart.o(i.USART_ReceiveData)
    i.UsageFault_Handler                     0x0800399e   Section        0  stm32f4xx_it.o(i.UsageFault_Handler)
    i.__ARM_fpclassify                       0x080039a2   Section        0  fpclassify.o(i.__ARM_fpclassify)
    i.__hardfp_asin                          0x080039d8   Section        0  asin.o(i.__hardfp_asin)
    i.__hardfp_atan                          0x08003d38   Section        0  atan.o(i.__hardfp_atan)
    i.__hardfp_atan2                         0x08004010   Section        0  atan2.o(i.__hardfp_atan2)
    i.__hardfp_cos                           0x08004200   Section        0  cos.o(i.__hardfp_cos)
    i.__hardfp_fabs                          0x080042c8   Section        0  fabs.o(i.__hardfp_fabs)
    i.__hardfp_sin                           0x080042e0   Section        0  sin.o(i.__hardfp_sin)
    i.__hardfp_sqrt                          0x080043a8   Section        0  sqrt.o(i.__hardfp_sqrt)
    i.__ieee754_rem_pio2                     0x08004428   Section        0  rred.o(i.__ieee754_rem_pio2)
    i.__kernel_cos                           0x08004860   Section        0  cos_i.o(i.__kernel_cos)
    i.__kernel_poly                          0x080049d0   Section        0  poly.o(i.__kernel_poly)
    i.__kernel_sin                           0x08004ac8   Section        0  sin_i.o(i.__kernel_sin)
    i.__mathlib_dbl_infnan                   0x08004bf8   Section        0  dunder.o(i.__mathlib_dbl_infnan)
    i.__mathlib_dbl_infnan2                  0x08004c0c   Section        0  dunder.o(i.__mathlib_dbl_infnan2)
    i.__mathlib_dbl_invalid                  0x08004c20   Section        0  dunder.o(i.__mathlib_dbl_invalid)
    i.__mathlib_dbl_underflow                0x08004c40   Section        0  dunder.o(i.__mathlib_dbl_underflow)
    i.__scatterload_copy                     0x08004c60   Section       14  handlers.o(i.__scatterload_copy)
    i.__scatterload_null                     0x08004c6e   Section        2  handlers.o(i.__scatterload_null)
    i.__scatterload_zeroinit                 0x08004c70   Section       14  handlers.o(i.__scatterload_zeroinit)
    i.__set_errno                            0x08004c80   Section        0  errno.o(i.__set_errno)
    i.atan                                   0x08004c8c   Section        0  atan.o(i.atan)
    i.delay_ms                               0x08004c9c   Section        0  delay.o(i.delay_ms)
    i.fabs                                   0x08004cb6   Section        0  fabs.o(i.fabs)
    i.free                                   0x08004cd0   Section        0  malloc.o(i.free)
    i.main                                   0x08004d20   Section        0  main.o(i.main)
    i.malloc                                 0x08004d58   Section        0  malloc.o(i.malloc)
    i.millis                                 0x08004dc4   Section        0  delay.o(i.millis)
    i.sqrt                                   0x08004dd0   Section        0  sqrt.o(i.sqrt)
    i.vAllInit                               0x08004e40   Section        0  allcontrol.o(i.vAllInit)
    i.vDroneCalibration                      0x08004e74   Section        0  allcontrol.o(i.vDroneCalibration)
    vDroneCalibration                        0x08004e75   Thumb Code   594  allcontrol.o(i.vDroneCalibration)
    i.vDroneControl                          0x080050e0   Section        0  allcontrol.o(i.vDroneControl)
    vDroneControl                            0x080050e1   Thumb Code   428  allcontrol.o(i.vDroneControl)
    i.vDroneLock                             0x080052c4   Section        0  allcontrol.o(i.vDroneLock)
    i.vDroneReadCalData                      0x0800534c   Section        0  allcontrol.o(i.vDroneReadCalData)
    vDroneReadCalData                        0x0800534d   Thumb Code   402  allcontrol.o(i.vDroneReadCalData)
    i.vDroneSatetyCheck                      0x080054f4   Section        0  allcontrol.o(i.vDroneSatetyCheck)
    vDroneSatetyCheck                        0x080054f5   Thumb Code   250  allcontrol.o(i.vDroneSatetyCheck)
    i.vDroneunLock                           0x0800560c   Section        0  allcontrol.o(i.vDroneunLock)
    i.vIMUCalculation                        0x080056f8   Section        0  allcontrol.o(i.vIMUCalculation)
    vIMUCalculation                          0x080056f9   Thumb Code   114  allcontrol.o(i.vIMUCalculation)
    i.vLEDDisplay                            0x0800576c   Section        0  led.o(i.vLEDDisplay)
    i.vLEDInit                               0x080057f4   Section        0  led.o(i.vLEDInit)
    i.vMotorInit                             0x08005844   Section        0  motor.o(i.vMotorInit)
    i.vMotorLock                             0x08005980   Section        0  motor.o(i.vMotorLock)
    i.vMotorPWMSet                           0x08005990   Section        0  motor.o(i.vMotorPWMSet)
    i.vPIDCalculate                          0x080059d0   Section        0  pid.o(i.vPIDCalculate)
    i.vPIDParaInit                           0x08005ab4   Section        0  allcontrol.o(i.vPIDParaInit)
    vPIDParaInit                             0x08005ab5   Thumb Code   314  allcontrol.o(i.vPIDParaInit)
    i.vPPMCallback                           0x08005c44   Section        0  ppm.o(i.vPPMCallback)
    i.vPPMInit                               0x08005d48   Section        0  ppm.o(i.vPPMInit)
    i.vQuadToEuler                           0x08005dcc   Section        0  kalman.o(i.vQuadToEuler)
    vQuadToEuler                             0x08005dcd   Thumb Code   410  kalman.o(i.vQuadToEuler)
    i.vReceiveData                           0x08005f70   Section        0  ano_dt.o(i.vReceiveData)
    i.vRemoteDataHandle                      0x08005f98   Section        0  remote.o(i.vRemoteDataHandle)
    i.vSendDataPolling                       0x08006118   Section        0  ano_dt.o(i.vSendDataPolling)
    i.vSendDataPort                          0x08006468   Section        0  ano_dt.o(i.vSendDataPort)
    vSendDataPort                            0x08006469   Thumb Code    16  ano_dt.o(i.vSendDataPort)
    i.vSendOneFrame                          0x08006478   Section        0  ano_dt.o(i.vSendOneFrame)
    vSendOneFrame                            0x08006479   Thumb Code   120  ano_dt.o(i.vSendOneFrame)
    i.vSetLEDColor                           0x080064f0   Section        0  led.o(i.vSetLEDColor)
    vSetLEDColor                             0x080064f1   Thumb Code   146  led.o(i.vSetLEDColor)
    i.vSetLEDToggle                          0x08006588   Section        0  led.o(i.vSetLEDToggle)
    vSetLEDToggle                            0x08006589   Thumb Code   216  led.o(i.vSetLEDToggle)
    i.vTIM2Init                              0x08006668   Section        0  tim.o(i.vTIM2Init)
    .constdata                               0x080066c0   Section       64  kalman.o(.constdata)
    .constdata                               0x08006700   Section       80  asin.o(.constdata)
    pS                                       0x08006700   Data          48  asin.o(.constdata)
    qS                                       0x08006730   Data          32  asin.o(.constdata)
    .constdata                               0x08006750   Section      152  atan.o(.constdata)
    atanhi                                   0x08006750   Data          32  atan.o(.constdata)
    atanlo                                   0x08006770   Data          32  atan.o(.constdata)
    aTodd                                    0x08006790   Data          40  atan.o(.constdata)
    aTeven                                   0x080067b8   Data          48  atan.o(.constdata)
    .constdata                               0x080067e8   Section       48  cos_i.o(.constdata)
    C                                        0x080067e8   Data          48  cos_i.o(.constdata)
    .constdata                               0x08006818   Section        8  qnan.o(.constdata)
    .constdata                               0x08006820   Section      200  rred.o(.constdata)
    pio2s                                    0x08006820   Data          48  rred.o(.constdata)
    twooverpi                                0x08006850   Data         152  rred.o(.constdata)
    .constdata                               0x080068e8   Section       40  sin_i.o(.constdata)
    S                                        0x080068e8   Data          40  sin_i.o(.constdata)
    .data                                    0x20000000   Section        6  main.o(.data)
    .data                                    0x20000008   Section       20  system_stm32f4xx.o(.data)
    .data                                    0x2000001c   Section       12  allcontrol.o(.data)
    uTaskDuringTime                          0x20000024   Data           3  allcontrol.o(.data)
    outflag                                  0x20000027   Data           1  allcontrol.o(.data)
    .data                                    0x20000028   Section        1  led.o(.data)
    random                                   0x20000028   Data           1  led.o(.data)
    .data                                    0x2000002c   Section       20  mpu6050.o(.data)
    Kp_now                                   0x2000002c   Data           4  mpu6050.o(.data)
    Kp_last                                  0x20000030   Data           4  mpu6050.o(.data)
    FilterCount                              0x20000034   Data           1  mpu6050.o(.data)
    RawToRadian                              0x20000038   Data           4  mpu6050.o(.data)
    G                                        0x2000003c   Data           4  mpu6050.o(.data)
    .data                                    0x20000040   Section       44  ak8975.o(.data)
    ASA                                      0x20000040   Data           3  ak8975.o(.data)
    X_max                                    0x20000044   Data           4  ak8975.o(.data)
    X_min                                    0x20000048   Data           4  ak8975.o(.data)
    Y_max                                    0x2000004c   Data           4  ak8975.o(.data)
    Y_min                                    0x20000050   Data           4  ak8975.o(.data)
    Z_max                                    0x20000054   Data           4  ak8975.o(.data)
    Z_min                                    0x20000058   Data           4  ak8975.o(.data)
    Z_max                                    0x2000005c   Data           4  ak8975.o(.data)
    Z_min                                    0x20000060   Data           4  ak8975.o(.data)
    Y_max                                    0x20000064   Data           4  ak8975.o(.data)
    Y_min                                    0x20000068   Data           4  ak8975.o(.data)
    .data                                    0x2000006c   Section        1  i2c_soft.o(.data)
    .data                                    0x2000006d   Section        2  usart5.o(.data)
    .data                                    0x20000070   Section       28  ppm.o(.data)
    .data                                    0x2000008c   Section       12  filter.o(.data)
    cnt                                      0x2000008c   Data           1  filter.o(.data)
    flag                                     0x2000008d   Data           1  filter.o(.data)
    cnt                                      0x2000008e   Data           1  filter.o(.data)
    flag                                     0x2000008f   Data           1  filter.o(.data)
    cnt                                      0x20000090   Data           1  filter.o(.data)
    flag                                     0x20000091   Data           1  filter.o(.data)
    cnt                                      0x20000092   Data           1  filter.o(.data)
    flag                                     0x20000093   Data           1  filter.o(.data)
    cnt                                      0x20000094   Data           1  filter.o(.data)
    flag                                     0x20000095   Data           1  filter.o(.data)
    cnt                                      0x20000096   Data           1  filter.o(.data)
    flag                                     0x20000097   Data           1  filter.o(.data)
    .data                                    0x20000098   Section       88  kalman.o(.data)
    Global_B0x                               0x20000098   Data           4  kalman.o(.data)
    Global_B0z                               0x2000009c   Data           4  kalman.o(.data)
    X_k                                      0x200000a0   Data          16  kalman.o(.data)
    Pose_P0                                  0x200000b0   Data          64  kalman.o(.data)
    .data                                    0x200000f0   Section        8  delay.o(.data)
    usTicks                                  0x200000f0   Data           4  delay.o(.data)
    .data                                    0x200000f8   Section        2  ano_dt.o(.data)
    Flag                                     0x200000f8   Data           1  ano_dt.o(.data)
    count                                    0x200000f9   Data           1  ano_dt.o(.data)
    .data                                    0x200000fa   Section       16  stm32f4xx_rcc.o(.data)
    APBAHBPrescTable                         0x200000fa   Data          16  stm32f4xx_rcc.o(.data)
    .data                                    0x2000010c   Section        4  mvars.o(.data)
    .data                                    0x20000110   Section        4  mvars.o(.data)
    .data                                    0x20000114   Section        4  errno.o(.data)
    _errno                                   0x20000114   Data           4  errno.o(.data)
    .bss                                     0x20000118   Section      280  main.o(.bss)
    .bss                                     0x20000230   Section      276  allcontrol.o(.bss)
    uTaskLastTime                            0x20000338   Data          12  allcontrol.o(.bss)
    .bss                                     0x20000344   Section       48  mpu6050.o(.bss)
    LastAccHandle                            0x20000344   Data          12  mpu6050.o(.bss)
    Filter                                   0x20000350   Data          36  mpu6050.o(.bss)
    .bss                                     0x20000374   Section       12  ak8975.o(.bss)
    raw_mag                                  0x20000374   Data          12  ak8975.o(.bss)
    .bss                                     0x20000380   Section      256  usart5.o(.bss)
    .bss                                     0x20000480   Section       36  ppm.o(.bss)
    PPM_buf                                  0x20000494   Data          16  ppm.o(.bss)
    .bss                                     0x200004a4   Section      800  filter.o(.bss)
    buf                                      0x200004a4   Data          80  filter.o(.bss)
    buf                                      0x200004f4   Data          80  filter.o(.bss)
    bufx                                     0x20000544   Data          80  filter.o(.bss)
    bufy                                     0x20000594   Data          80  filter.o(.bss)
    bufz                                     0x200005e4   Data          80  filter.o(.bss)
    bufax                                    0x20000634   Data          80  filter.o(.bss)
    bufay                                    0x20000684   Data          80  filter.o(.bss)
    bufaz                                    0x200006d4   Data          80  filter.o(.bss)
    buf                                      0x20000724   Data          80  filter.o(.bss)
    buf                                      0x20000774   Data          80  filter.o(.bss)
    .bss                                     0x200007c4   Section      332  kalman.o(.bss)
    raw_quad                                 0x200007c4   Data          16  kalman.o(.bss)
    quad_norm                                0x200007d4   Data          16  kalman.o(.bss)
    angle                                    0x200007e4   Data          12  kalman.o(.bss)
    X_Pre                                    0x200007f0   Data          16  kalman.o(.bss)
    Pose_Q                                   0x20000800   Data          64  kalman.o(.bss)
    Pose_R                                   0x20000840   Data         144  kalman.o(.bss)
    Pose_P1                                  0x200008d0   Data          64  kalman.o(.bss)
    .bss                                     0x20000910   Section       64  ano_dt.o(.bss)
    uDataToSend                              0x20000924   Data          20  ano_dt.o(.bss)
    uTaskLastTime                            0x20000938   Data          24  ano_dt.o(.bss)
    HEAP                                     0x20000950   Section      512  startup_stm32f40_41xxx.o(HEAP)
    STACK                                    0x20000b50   Section     1024  startup_stm32f40_41xxx.o(STACK)

    Global Symbols

    Symbol Name                              Value     Ov Type        Size  Object(Section)

    BuildAttributes$$THM_ISAv4$E$P$D$K$B$S$7EM$VFPi3$EXTD16$VFPS$VFMA$PE$A:L22UL41UL21$X:L11$S22US41US21$IEEE1$IW$USESV6$~STKCKD$USESV7$~SHL$OTIME$ROPI$IEEEX$EBA8$MICROLIB$REQ8$PRES8$EABIv2 0x00000000   Number         0  anon$$obj.o ABSOLUTE
    __ARM_use_no_argv                        0x00000000   Number         0  main.o ABSOLUTE
    __use_no_errno                           0x00000000   Number         0  useno.o ABSOLUTE
    __use_no_exception_handling              0x00000000   Number         0  useno.o ABSOLUTE
    __use_no_fp                              0x00000000   Number         0  useno.o ABSOLUTE
    __use_no_heap                            0x00000000   Number         0  useno.o ABSOLUTE
    __use_no_heap_region                     0x00000000   Number         0  useno.o ABSOLUTE
    __use_no_semihosting                     0x00000000   Number         0  useno.o ABSOLUTE
    __use_no_semihosting_swi                 0x00000000   Number         0  useno.o ABSOLUTE
    __use_no_signal_handling                 0x00000000   Number         0  useno.o ABSOLUTE
    __cpp_initialize__aeabi_                  - Undefined Weak Reference
    __cxa_finalize                            - Undefined Weak Reference
    __decompress                              - Undefined Weak Reference
    _clock_init                               - Undefined Weak Reference
    _microlib_exit                            - Undefined Weak Reference
    __Vectors_Size                           0x00000188   Number         0  startup_stm32f40_41xxx.o ABSOLUTE
    __Vectors                                0x08000000   Data           4  startup_stm32f40_41xxx.o(RESET)
    __Vectors_End                            0x08000188   Data           0  startup_stm32f40_41xxx.o(RESET)
    __main                                   0x08000189   Thumb Code     0  entry.o(.ARM.Collect$$$$00000000)
    _main_stk                                0x08000189   Thumb Code     0  entry2.o(.ARM.Collect$$$$00000001)
    _main_scatterload                        0x0800018d   Thumb Code     0  entry5.o(.ARM.Collect$$$$00000004)
    __main_after_scatterload                 0x08000191   Thumb Code     0  entry5.o(.ARM.Collect$$$$00000004)
    _main_clock                              0x08000191   Thumb Code     0  entry7b.o(.ARM.Collect$$$$00000008)
    _main_cpp_init                           0x08000191   Thumb Code     0  entry8b.o(.ARM.Collect$$$$0000000A)
    _main_init                               0x08000191   Thumb Code     0  entry9a.o(.ARM.Collect$$$$0000000B)
    __rt_final_cpp                           0x08000199   Thumb Code     0  entry10a.o(.ARM.Collect$$$$0000000D)
    __rt_final_exit                          0x08000199   Thumb Code     0  entry11a.o(.ARM.Collect$$$$0000000F)
    Reset_Handler                            0x0800019d   Thumb Code     8  startup_stm32f40_41xxx.o(.text)
    ADC_IRQHandler                           0x080001b7   Thumb Code     0  startup_stm32f40_41xxx.o(.text)
    CAN1_RX0_IRQHandler                      0x080001b7   Thumb Code     0  startup_stm32f40_41xxx.o(.text)
    CAN1_RX1_IRQHandler                      0x080001b7   Thumb Code     0  startup_stm32f40_41xxx.o(.text)
    CAN1_SCE_IRQHandler                      0x080001b7   Thumb Code     0  startup_stm32f40_41xxx.o(.text)
    CAN1_TX_IRQHandler                       0x080001b7   Thumb Code     0  startup_stm32f40_41xxx.o(.text)
    CAN2_RX0_IRQHandler                      0x080001b7   Thumb Code     0  startup_stm32f40_41xxx.o(.text)
    CAN2_RX1_IRQHandler                      0x080001b7   Thumb Code     0  startup_stm32f40_41xxx.o(.text)
    CAN2_SCE_IRQHandler                      0x080001b7   Thumb Code     0  startup_stm32f40_41xxx.o(.text)
    CAN2_TX_IRQHandler                       0x080001b7   Thumb Code     0  startup_stm32f40_41xxx.o(.text)
    CRYP_IRQHandler                          0x080001b7   Thumb Code     0  startup_stm32f40_41xxx.o(.text)
    DCMI_IRQHandler                          0x080001b7   Thumb Code     0  startup_stm32f40_41xxx.o(.text)
    DMA1_Stream0_IRQHandler                  0x080001b7   Thumb Code     0  startup_stm32f40_41xxx.o(.text)
    DMA1_Stream1_IRQHandler                  0x080001b7   Thumb Code     0  startup_stm32f40_41xxx.o(.text)
    DMA1_Stream2_IRQHandler                  0x080001b7   Thumb Code     0  startup_stm32f40_41xxx.o(.text)
    DMA1_Stream3_IRQHandler                  0x080001b7   Thumb Code     0  startup_stm32f40_41xxx.o(.text)
    DMA1_Stream4_IRQHandler                  0x080001b7   Thumb Code     0  startup_stm32f40_41xxx.o(.text)
    DMA1_Stream5_IRQHandler                  0x080001b7   Thumb Code     0  startup_stm32f40_41xxx.o(.text)
    DMA1_Stream7_IRQHandler                  0x080001b7   Thumb Code     0  startup_stm32f40_41xxx.o(.text)
    DMA2_Stream0_IRQHandler                  0x080001b7   Thumb Code     0  startup_stm32f40_41xxx.o(.text)
    DMA2_Stream1_IRQHandler                  0x080001b7   Thumb Code     0  startup_stm32f40_41xxx.o(.text)
    DMA2_Stream2_IRQHandler                  0x080001b7   Thumb Code     0  startup_stm32f40_41xxx.o(.text)
    DMA2_Stream3_IRQHandler                  0x080001b7   Thumb Code     0  startup_stm32f40_41xxx.o(.text)
    DMA2_Stream4_IRQHandler                  0x080001b7   Thumb Code     0  startup_stm32f40_41xxx.o(.text)
    DMA2_Stream5_IRQHandler                  0x080001b7   Thumb Code     0  startup_stm32f40_41xxx.o(.text)
    DMA2_Stream6_IRQHandler                  0x080001b7   Thumb Code     0  startup_stm32f40_41xxx.o(.text)
    DMA2_Stream7_IRQHandler                  0x080001b7   Thumb Code     0  startup_stm32f40_41xxx.o(.text)
    ETH_IRQHandler                           0x080001b7   Thumb Code     0  startup_stm32f40_41xxx.o(.text)
    ETH_WKUP_IRQHandler                      0x080001b7   Thumb Code     0  startup_stm32f40_41xxx.o(.text)
    EXTI0_IRQHandler                         0x080001b7   Thumb Code     0  startup_stm32f40_41xxx.o(.text)
    EXTI1_IRQHandler                         0x080001b7   Thumb Code     0  startup_stm32f40_41xxx.o(.text)
    EXTI2_IRQHandler                         0x080001b7   Thumb Code     0  startup_stm32f40_41xxx.o(.text)
    EXTI3_IRQHandler                         0x080001b7   Thumb Code     0  startup_stm32f40_41xxx.o(.text)
    EXTI4_IRQHandler                         0x080001b7   Thumb Code     0  startup_stm32f40_41xxx.o(.text)
    EXTI9_5_IRQHandler                       0x080001b7   Thumb Code     0  startup_stm32f40_41xxx.o(.text)
    FLASH_IRQHandler                         0x080001b7   Thumb Code     0  startup_stm32f40_41xxx.o(.text)
    FPU_IRQHandler                           0x080001b7   Thumb Code     0  startup_stm32f40_41xxx.o(.text)
    FSMC_IRQHandler                          0x080001b7   Thumb Code     0  startup_stm32f40_41xxx.o(.text)
    HASH_RNG_IRQHandler                      0x080001b7   Thumb Code     0  startup_stm32f40_41xxx.o(.text)
    I2C1_ER_IRQHandler                       0x080001b7   Thumb Code     0  startup_stm32f40_41xxx.o(.text)
    I2C1_EV_IRQHandler                       0x080001b7   Thumb Code     0  startup_stm32f40_41xxx.o(.text)
    I2C2_ER_IRQHandler                       0x080001b7   Thumb Code     0  startup_stm32f40_41xxx.o(.text)
    I2C2_EV_IRQHandler                       0x080001b7   Thumb Code     0  startup_stm32f40_41xxx.o(.text)
    I2C3_ER_IRQHandler                       0x080001b7   Thumb Code     0  startup_stm32f40_41xxx.o(.text)
    I2C3_EV_IRQHandler                       0x080001b7   Thumb Code     0  startup_stm32f40_41xxx.o(.text)
    OTG_FS_IRQHandler                        0x080001b7   Thumb Code     0  startup_stm32f40_41xxx.o(.text)
    OTG_FS_WKUP_IRQHandler                   0x080001b7   Thumb Code     0  startup_stm32f40_41xxx.o(.text)
    OTG_HS_EP1_IN_IRQHandler                 0x080001b7   Thumb Code     0  startup_stm32f40_41xxx.o(.text)
    OTG_HS_EP1_OUT_IRQHandler                0x080001b7   Thumb Code     0  startup_stm32f40_41xxx.o(.text)
    OTG_HS_IRQHandler                        0x080001b7   Thumb Code     0  startup_stm32f40_41xxx.o(.text)
    OTG_HS_WKUP_IRQHandler                   0x080001b7   Thumb Code     0  startup_stm32f40_41xxx.o(.text)
    PVD_IRQHandler                           0x080001b7   Thumb Code     0  startup_stm32f40_41xxx.o(.text)
    RCC_IRQHandler                           0x080001b7   Thumb Code     0  startup_stm32f40_41xxx.o(.text)
    RTC_Alarm_IRQHandler                     0x080001b7   Thumb Code     0  startup_stm32f40_41xxx.o(.text)
    RTC_WKUP_IRQHandler                      0x080001b7   Thumb Code     0  startup_stm32f40_41xxx.o(.text)
    SDIO_IRQHandler                          0x080001b7   Thumb Code     0  startup_stm32f40_41xxx.o(.text)
    SPI1_IRQHandler                          0x080001b7   Thumb Code     0  startup_stm32f40_41xxx.o(.text)
    SPI2_IRQHandler                          0x080001b7   Thumb Code     0  startup_stm32f40_41xxx.o(.text)
    SPI3_IRQHandler                          0x080001b7   Thumb Code     0  startup_stm32f40_41xxx.o(.text)
    TAMP_STAMP_IRQHandler                    0x080001b7   Thumb Code     0  startup_stm32f40_41xxx.o(.text)
    TIM1_BRK_TIM9_IRQHandler                 0x080001b7   Thumb Code     0  startup_stm32f40_41xxx.o(.text)
    TIM1_CC_IRQHandler                       0x080001b7   Thumb Code     0  startup_stm32f40_41xxx.o(.text)
    TIM1_TRG_COM_TIM11_IRQHandler            0x080001b7   Thumb Code     0  startup_stm32f40_41xxx.o(.text)
    TIM1_UP_TIM10_IRQHandler                 0x080001b7   Thumb Code     0  startup_stm32f40_41xxx.o(.text)
    TIM3_IRQHandler                          0x080001b7   Thumb Code     0  startup_stm32f40_41xxx.o(.text)
    TIM4_IRQHandler                          0x080001b7   Thumb Code     0  startup_stm32f40_41xxx.o(.text)
    TIM5_IRQHandler                          0x080001b7   Thumb Code     0  startup_stm32f40_41xxx.o(.text)
    TIM6_DAC_IRQHandler                      0x080001b7   Thumb Code     0  startup_stm32f40_41xxx.o(.text)
    TIM7_IRQHandler                          0x080001b7   Thumb Code     0  startup_stm32f40_41xxx.o(.text)
    TIM8_BRK_TIM12_IRQHandler                0x080001b7   Thumb Code     0  startup_stm32f40_41xxx.o(.text)
    TIM8_CC_IRQHandler                       0x080001b7   Thumb Code     0  startup_stm32f40_41xxx.o(.text)
    TIM8_TRG_COM_TIM14_IRQHandler            0x080001b7   Thumb Code     0  startup_stm32f40_41xxx.o(.text)
    TIM8_UP_TIM13_IRQHandler                 0x080001b7   Thumb Code     0  startup_stm32f40_41xxx.o(.text)
    UART4_IRQHandler                         0x080001b7   Thumb Code     0  startup_stm32f40_41xxx.o(.text)
    USART2_IRQHandler                        0x080001b7   Thumb Code     0  startup_stm32f40_41xxx.o(.text)
    USART6_IRQHandler                        0x080001b7   Thumb Code     0  startup_stm32f40_41xxx.o(.text)
    WWDG_IRQHandler                          0x080001b7   Thumb Code     0  startup_stm32f40_41xxx.o(.text)
    __aeabi_memcpy                           0x080001c1   Thumb Code    36  memcpya.o(.text)
    __aeabi_memcpy4                          0x080001c1   Thumb Code     0  memcpya.o(.text)
    __aeabi_memcpy8                          0x080001c1   Thumb Code     0  memcpya.o(.text)
    __aeabi_memset                           0x080001e5   Thumb Code    14  memseta.o(.text)
    __aeabi_memset4                          0x080001e5   Thumb Code     0  memseta.o(.text)
    __aeabi_memset8                          0x080001e5   Thumb Code     0  memseta.o(.text)
    __aeabi_memclr                           0x080001f3   Thumb Code     4  memseta.o(.text)
    __aeabi_memclr4                          0x080001f3   Thumb Code     0  memseta.o(.text)
    __aeabi_memclr8                          0x080001f3   Thumb Code     0  memseta.o(.text)
    _memset$wrapper                          0x080001f7   Thumb Code    18  memseta.o(.text)
    __aeabi_dadd                             0x08000209   Thumb Code   322  dadd.o(.text)
    __aeabi_dsub                             0x0800034b   Thumb Code     6  dadd.o(.text)
    __aeabi_drsub                            0x08000351   Thumb Code     6  dadd.o(.text)
    __aeabi_dmul                             0x08000357   Thumb Code   228  dmul.o(.text)
    __aeabi_ui2d                             0x0800043b   Thumb Code    26  dfltui.o(.text)
    __aeabi_d2iz                             0x08000455   Thumb Code    62  dfixi.o(.text)
    __aeabi_f2d                              0x08000493   Thumb Code    38  f2d.o(.text)
    __aeabi_cdcmpeq                          0x080004b9   Thumb Code     0  cdcmple.o(.text)
    __aeabi_cdcmple                          0x080004b9   Thumb Code    48  cdcmple.o(.text)
    __aeabi_cdrcmple                         0x080004e9   Thumb Code    48  cdrcmple.o(.text)
    __aeabi_d2f                              0x08000519   Thumb Code    56  d2f.o(.text)
    __aeabi_llsl                             0x08000551   Thumb Code    30  llshl.o(.text)
    _ll_shift_l                              0x08000551   Thumb Code     0  llshl.o(.text)
    __aeabi_llsr                             0x0800056f   Thumb Code    32  llushr.o(.text)
    _ll_ushift_r                             0x0800056f   Thumb Code     0  llushr.o(.text)
    __aeabi_lasr                             0x0800058f   Thumb Code    36  llsshr.o(.text)
    _ll_sshift_r                             0x0800058f   Thumb Code     0  llsshr.o(.text)
    __I$use$fp                               0x080005b3   Thumb Code     0  iusefp.o(.text)
    _float_round                             0x080005b3   Thumb Code    18  fepilogue.o(.text)
    _float_epilogue                          0x080005c5   Thumb Code    92  fepilogue.o(.text)
    _double_round                            0x08000621   Thumb Code    30  depilogue.o(.text)
    _double_epilogue                         0x0800063f   Thumb Code   156  depilogue.o(.text)
    __aeabi_ddiv                             0x080006db   Thumb Code   222  ddiv.o(.text)
    _dsqrt                                   0x080007b9   Thumb Code   162  dsqrt.o(.text)
    __scatterload                            0x0800085d   Thumb Code    28  init.o(.text)
    __scatterload_rt2                        0x0800085d   Thumb Code     0  init.o(.text)
    __aeabi_i2d                              0x08000881   Thumb Code    34  dflti.o(.text)
    AK8975_GetGlobal0z                       0x080008b9   Thumb Code   236  ak8975.o(i.AK8975_GetGlobal0z)
    AK8975_GetMagData                        0x080009bd   Thumb Code   134  ak8975.o(i.AK8975_GetMagData)
    AK8975_Init                              0x08000a51   Thumb Code    56  ak8975.o(i.AK8975_Init)
    AK8975_MagXYCalibration                  0x08000a8d   Thumb Code   368  ak8975.o(i.AK8975_MagXYCalibration)
    AK8975_MagZCalibration                   0x08000c11   Thumb Code   166  ak8975.o(i.AK8975_MagZCalibration)
    AT24C02_ByteWrite                        0x08000d3b   Thumb Code    18  at24c02.o(i.AT24C02_ByteWrite)
    AT24C02_NByteRandomRead                  0x08000d4d   Thumb Code    22  at24c02.o(i.AT24C02_NByteRandomRead)
    AT24C02_PageWrite                        0x08000d63   Thumb Code    22  at24c02.o(i.AT24C02_PageWrite)
    BusFault_Handler                         0x08000f55   Thumb Code     4  stm32f4xx_it.o(i.BusFault_Handler)
    DMA1_Stream6_IRQHandler                  0x08000f9d   Thumb Code    32  usart2.o(i.DMA1_Stream6_IRQHandler)
    DebugMon_Handler                         0x08001059   Thumb Code     2  stm32f4xx_it.o(i.DebugMon_Handler)
    Delay_Init                               0x0800105d   Thumb Code   100  delay.o(i.Delay_Init)
    EXTI15_10_IRQHandler                     0x080010d5   Thumb Code    30  stm32f4xx_it.o(i.EXTI15_10_IRQHandler)
    EXTI_ClearITPendingBit                   0x080010f5   Thumb Code     6  stm32f4xx_exti.o(i.EXTI_ClearITPendingBit)
    EXTI_GetITStatus                         0x08001101   Thumb Code    20  stm32f4xx_exti.o(i.EXTI_GetITStatus)
    EXTI_Init                                0x08001119   Thumb Code   142  stm32f4xx_exti.o(i.EXTI_Init)
    FindPos                                  0x080011ad   Thumb Code   120  filter.o(i.FindPos)
    GPIO_Init                                0x08001225   Thumb Code   144  stm32f4xx_gpio.o(i.GPIO_Init)
    GPIO_PinAFConfig                         0x080012b5   Thumb Code    70  stm32f4xx_gpio.o(i.GPIO_PinAFConfig)
    GPIO_SetBits                             0x080012fb   Thumb Code     4  stm32f4xx_gpio.o(i.GPIO_SetBits)
    GPIO_StructInit                          0x080012ff   Thumb Code    18  stm32f4xx_gpio.o(i.GPIO_StructInit)
    GetMatEye                                0x08001311   Thumb Code    64  hq_math.o(i.GetMatEye)
    HardFault_Handler                        0x0800187f   Thumb Code     4  stm32f4xx_it.o(i.HardFault_Handler)
    I2c_Soft_Ask                             0x08001885   Thumb Code    46  i2c_soft.o(i.I2c_Soft_Ask)
    I2c_Soft_Init                            0x080018b9   Thumb Code    46  i2c_soft.o(i.I2c_Soft_Init)
    I2c_Soft_NoAsk                           0x080018ed   Thumb Code    48  i2c_soft.o(i.I2c_Soft_NoAsk)
    I2c_Soft_ReadByte                        0x08001921   Thumb Code    92  i2c_soft.o(i.I2c_Soft_ReadByte)
    I2c_Soft_SendByte                        0x08001981   Thumb Code    78  i2c_soft.o(i.I2c_Soft_SendByte)
    I2c_Soft_Start                           0x080019d5   Thumb Code    84  i2c_soft.o(i.I2c_Soft_Start)
    I2c_Soft_Stop                            0x08001a2d   Thumb Code    48  i2c_soft.o(i.I2c_Soft_Stop)
    I2c_Soft_WaitAsk                         0x08001a61   Thumb Code    84  i2c_soft.o(i.I2c_Soft_WaitAsk)
    I2c_Soft_delay                           0x08001ab9   Thumb Code    42  i2c_soft.o(i.I2c_Soft_delay)
    IIC_Read_1Byte                           0x08001ae9   Thumb Code    76  i2c_soft.o(i.IIC_Read_1Byte)
    IIC_Read_nByte                           0x08001b35   Thumb Code   126  i2c_soft.o(i.IIC_Read_nByte)
    IIC_Write_1Byte                          0x08001bb3   Thumb Code    62  i2c_soft.o(i.IIC_Write_1Byte)
    IIC_Write_nByte                          0x08001bf1   Thumb Code    78  i2c_soft.o(i.IIC_Write_nByte)
    Kalman                                   0x08001c41   Thumb Code   488  kalman.o(i.Kalman)
    MPU6050_Calibration                      0x08001f2d   Thumb Code   292  mpu6050.o(i.MPU6050_Calibration)
    MPU6050_GetGyroAccData                   0x08002059   Thumb Code   234  mpu6050.o(i.MPU6050_GetGyroAccData)
    MPU6050_Init                             0x08002249   Thumb Code    44  mpu6050.o(i.MPU6050_Init)
    MPU6050_RawDataHandle                    0x08002275   Thumb Code    30  mpu6050.o(i.MPU6050_RawDataHandle)
    MatCopy                                  0x080022af   Thumb Code    60  hq_math.o(i.MatCopy)
    MatInv                                   0x080022ed   Thumb Code   698  hq_math.o(i.MatInv)
    MatMinus                                 0x080025b5   Thumb Code    78  hq_math.o(i.MatMinus)
    MatMulti                                 0x08002605   Thumb Code   118  hq_math.o(i.MatMulti)
    MatMultiVector                           0x08002681   Thumb Code    84  hq_math.o(i.MatMultiVector)
    MatPlus                                  0x080026d9   Thumb Code    78  hq_math.o(i.MatPlus)
    MatSwapCol                               0x08002727   Thumb Code   106  hq_math.o(i.MatSwapCol)
    MatSwapRow                               0x08002791   Thumb Code   106  hq_math.o(i.MatSwapRow)
    MatTranspose                             0x080027fb   Thumb Code    52  hq_math.o(i.MatTranspose)
    MemManage_Handler                        0x08002ca9   Thumb Code     4  stm32f4xx_it.o(i.MemManage_Handler)
    NMI_Handler                              0x08002cad   Thumb Code     2  stm32f4xx_it.o(i.NMI_Handler)
    NVIC_Init                                0x08002cb1   Thumb Code   106  misc.o(i.NVIC_Init)
    PendSV_Handler                           0x08002d29   Thumb Code     2  stm32f4xx_it.o(i.PendSV_Handler)
    QuiteSort                                0x08002d2b   Thumb Code    52  filter.o(i.QuiteSort)
    RCCConfig                                0x08002d5f   Thumb Code    62  main.o(i.RCCConfig)
    RCC_AHB1PeriphClockCmd                   0x08002d9d   Thumb Code    26  stm32f4xx_rcc.o(i.RCC_AHB1PeriphClockCmd)
    RCC_APB1PeriphClockCmd                   0x08002dbd   Thumb Code    26  stm32f4xx_rcc.o(i.RCC_APB1PeriphClockCmd)
    RCC_APB2PeriphClockCmd                   0x08002ddd   Thumb Code    26  stm32f4xx_rcc.o(i.RCC_APB2PeriphClockCmd)
    RCC_GetClocksFreq                        0x08002dfd   Thumb Code   214  stm32f4xx_rcc.o(i.RCC_GetClocksFreq)
    RCC_HCLKConfig                           0x08002ee5   Thumb Code    18  stm32f4xx_rcc.o(i.RCC_HCLKConfig)
    RCC_HSEConfig                            0x08002efd   Thumb Code    12  stm32f4xx_rcc.o(i.RCC_HSEConfig)
    RCC_PCLK1Config                          0x08002f0d   Thumb Code    18  stm32f4xx_rcc.o(i.RCC_PCLK1Config)
    RCC_PCLK2Config                          0x08002f25   Thumb Code    20  stm32f4xx_rcc.o(i.RCC_PCLK2Config)
    RCC_PLLCmd                               0x08002f3d   Thumb Code     6  stm32f4xx_rcc.o(i.RCC_PLLCmd)
    RCC_PLLConfig                            0x08002f49   Thumb Code    30  stm32f4xx_rcc.o(i.RCC_PLLConfig)
    RCC_SYSCLKConfig                         0x08002f6d   Thumb Code    18  stm32f4xx_rcc.o(i.RCC_SYSCLKConfig)
    SVC_Handler                              0x08002f85   Thumb Code     2  stm32f4xx_it.o(i.SVC_Handler)
    SYSCFG_EXTILineConfig                    0x08002f89   Thumb Code    60  stm32f4xx_syscfg.o(i.SYSCFG_EXTILineConfig)
    SortAver_FilterXYZ                       0x080030b5   Thumb Code   292  filter.o(i.SortAver_FilterXYZ)
    SysTick_Handler                          0x080031f1   Thumb Code    22  stm32f4xx_it.o(i.SysTick_Handler)
    SystemInit                               0x08003211   Thumb Code    88  system_stm32f4xx.o(i.SystemInit)
    TIM2_IRQHandler                          0x08003279   Thumb Code    32  stm32f4xx_it.o(i.TIM2_IRQHandler)
    TIM_ARRPreloadConfig                     0x0800329d   Thumb Code    24  stm32f4xx_tim.o(i.TIM_ARRPreloadConfig)
    TIM_ClearITPendingBit                    0x080032b5   Thumb Code     6  stm32f4xx_tim.o(i.TIM_ClearITPendingBit)
    TIM_Cmd                                  0x080032bb   Thumb Code    24  stm32f4xx_tim.o(i.TIM_Cmd)
    TIM_CtrlPWMOutputs                       0x080032d3   Thumb Code    30  stm32f4xx_tim.o(i.TIM_CtrlPWMOutputs)
    TIM_GetITStatus                          0x080032f1   Thumb Code    34  stm32f4xx_tim.o(i.TIM_GetITStatus)
    TIM_ITConfig                             0x08003313   Thumb Code    18  stm32f4xx_tim.o(i.TIM_ITConfig)
    TIM_OC1Init                              0x08003325   Thumb Code   114  stm32f4xx_tim.o(i.TIM_OC1Init)
    TIM_OC1PreloadConfig                     0x080033a1   Thumb Code    18  stm32f4xx_tim.o(i.TIM_OC1PreloadConfig)
    TIM_OC2Init                              0x080033b5   Thumb Code   154  stm32f4xx_tim.o(i.TIM_OC2Init)
    TIM_OC2PreloadConfig                     0x08003459   Thumb Code    26  stm32f4xx_tim.o(i.TIM_OC2PreloadConfig)
    TIM_OC3Init                              0x08003475   Thumb Code   150  stm32f4xx_tim.o(i.TIM_OC3Init)
    TIM_OC3PreloadConfig                     0x08003515   Thumb Code    18  stm32f4xx_tim.o(i.TIM_OC3PreloadConfig)
    TIM_OC4Init                              0x08003529   Thumb Code   112  stm32f4xx_tim.o(i.TIM_OC4Init)
    TIM_OC4PreloadConfig                     0x080035a1   Thumb Code    26  stm32f4xx_tim.o(i.TIM_OC4PreloadConfig)
    TIM_OCStructInit                         0x080035bb   Thumb Code    20  stm32f4xx_tim.o(i.TIM_OCStructInit)
    TIM_TimeBaseInit                         0x080035d1   Thumb Code   104  stm32f4xx_tim.o(i.TIM_TimeBaseInit)
    TIM_TimeBaseStructInit                   0x08003655   Thumb Code    18  stm32f4xx_tim.o(i.TIM_TimeBaseStructInit)
    UART5_IRQHandler                         0x08003669   Thumb Code    88  usart5.o(i.UART5_IRQHandler)
    USART1_IRQHandler                        0x080036d1   Thumb Code    42  stm32f4xx_it.o(i.USART1_IRQHandler)
    USART1_Send                              0x08003701   Thumb Code    38  usart1.o(i.USART1_Send)
    USART1_init                              0x0800372d   Thumb Code   164  usart1.o(i.USART1_init)
    USART3_IRQHandler                        0x080037d9   Thumb Code    14  usart3.o(i.USART3_IRQHandler)
    USART_ClearITPendingBit                  0x080037ed   Thumb Code    30  stm32f4xx_usart.o(i.USART_ClearITPendingBit)
    USART_Cmd                                0x0800380b   Thumb Code    24  stm32f4xx_usart.o(i.USART_Cmd)
    USART_GetITStatus                        0x08003823   Thumb Code    84  stm32f4xx_usart.o(i.USART_GetITStatus)
    USART_ITConfig                           0x08003877   Thumb Code    74  stm32f4xx_usart.o(i.USART_ITConfig)
    USART_Init                               0x080038c1   Thumb Code   204  stm32f4xx_usart.o(i.USART_Init)
    USART_ReceiveData                        0x08003995   Thumb Code    10  stm32f4xx_usart.o(i.USART_ReceiveData)
    UsageFault_Handler                       0x0800399f   Thumb Code     4  stm32f4xx_it.o(i.UsageFault_Handler)
    __ARM_fpclassify                         0x080039a3   Thumb Code    48  fpclassify.o(i.__ARM_fpclassify)
    __hardfp_asin                            0x080039d9   Thumb Code   770  asin.o(i.__hardfp_asin)
    __hardfp_atan                            0x08003d39   Thumb Code   622  atan.o(i.__hardfp_atan)
    __hardfp_atan2                           0x08004011   Thumb Code   432  atan2.o(i.__hardfp_atan2)
    __hardfp_cos                             0x08004201   Thumb Code   180  cos.o(i.__hardfp_cos)
    __hardfp_fabs                            0x080042c9   Thumb Code    20  fabs.o(i.__hardfp_fabs)
    __hardfp_sin                             0x080042e1   Thumb Code   180  sin.o(i.__hardfp_sin)
    __hardfp_sqrt                            0x080043a9   Thumb Code   122  sqrt.o(i.__hardfp_sqrt)
    __ieee754_rem_pio2                       0x08004429   Thumb Code   938  rred.o(i.__ieee754_rem_pio2)
    __kernel_cos                             0x08004861   Thumb Code   322  cos_i.o(i.__kernel_cos)
    __kernel_poly                            0x080049d1   Thumb Code   248  poly.o(i.__kernel_poly)
    __kernel_sin                             0x08004ac9   Thumb Code   280  sin_i.o(i.__kernel_sin)
    __mathlib_dbl_infnan                     0x08004bf9   Thumb Code    20  dunder.o(i.__mathlib_dbl_infnan)
    __mathlib_dbl_infnan2                    0x08004c0d   Thumb Code    20  dunder.o(i.__mathlib_dbl_infnan2)
    __mathlib_dbl_invalid                    0x08004c21   Thumb Code    24  dunder.o(i.__mathlib_dbl_invalid)
    __mathlib_dbl_underflow                  0x08004c41   Thumb Code    24  dunder.o(i.__mathlib_dbl_underflow)
    __scatterload_copy                       0x08004c61   Thumb Code    14  handlers.o(i.__scatterload_copy)
    __scatterload_null                       0x08004c6f   Thumb Code     2  handlers.o(i.__scatterload_null)
    __scatterload_zeroinit                   0x08004c71   Thumb Code    14  handlers.o(i.__scatterload_zeroinit)
    __set_errno                              0x08004c81   Thumb Code     6  errno.o(i.__set_errno)
    atan                                     0x08004c8d   Thumb Code    16  atan.o(i.atan)
    delay_ms                                 0x08004c9d   Thumb Code    26  delay.o(i.delay_ms)
    fabs                                     0x08004cb7   Thumb Code    24  fabs.o(i.fabs)
    free                                     0x08004cd1   Thumb Code    76  malloc.o(i.free)
    main                                     0x08004d21   Thumb Code    50  main.o(i.main)
    malloc                                   0x08004d59   Thumb Code    92  malloc.o(i.malloc)
    millis                                   0x08004dc5   Thumb Code     6  delay.o(i.millis)
    sqrt                                     0x08004dd1   Thumb Code   110  sqrt.o(i.sqrt)
    vAllInit                                 0x08004e41   Thumb Code    46  allcontrol.o(i.vAllInit)
    vDroneLock                               0x080052c5   Thumb Code   122  allcontrol.o(i.vDroneLock)
    vDroneunLock                             0x0800560d   Thumb Code   194  allcontrol.o(i.vDroneunLock)
    vLEDDisplay                              0x0800576d   Thumb Code   128  led.o(i.vLEDDisplay)
    vLEDInit                                 0x080057f5   Thumb Code    76  led.o(i.vLEDInit)
    vMotorInit                               0x08005845   Thumb Code   302  motor.o(i.vMotorInit)
    vMotorLock                               0x08005981   Thumb Code    16  motor.o(i.vMotorLock)
    vMotorPWMSet                             0x08005991   Thumb Code    60  motor.o(i.vMotorPWMSet)
    vPIDCalculate                            0x080059d1   Thumb Code   226  pid.o(i.vPIDCalculate)
    vPPMCallback                             0x08005c45   Thumb Code   224  ppm.o(i.vPPMCallback)
    vPPMInit                                 0x08005d49   Thumb Code   126  ppm.o(i.vPPMInit)
    vReceiveData                             0x08005f71   Thumb Code    32  ano_dt.o(i.vReceiveData)
    vRemoteDataHandle                        0x08005f99   Thumb Code   354  remote.o(i.vRemoteDataHandle)
    vSendDataPolling                         0x08006119   Thumb Code   788  ano_dt.o(i.vSendDataPolling)
    vTIM2Init                                0x08006669   Thumb Code    86  tim.o(i.vTIM2Init)
    __mathlib_zero                           0x08006818   Data           8  qnan.o(.constdata)
    Region$$Table$$Base                      0x08006910   Number         0  anon$$obj.o(Region$$Table)
    Region$$Table$$Limit                     0x08006930   Number         0  anon$$obj.o(Region$$Table)
    uSystickCount                            0x20000000   Data           4  main.o(.data)
    MyDrone                                  0x20000004   Data           2  main.o(.data)
    SystemCoreClock                          0x20000008   Data           4  system_stm32f4xx.o(.data)
    AHBPrescTable                            0x2000000c   Data          16  system_stm32f4xx.o(.data)
    uMotor1PWM                               0x2000001c   Data           2  allcontrol.o(.data)
    uMotor2PWM                               0x2000001e   Data           2  allcontrol.o(.data)
    uMotor3PWM                               0x20000020   Data           2  allcontrol.o(.data)
    uMotor4PWM                               0x20000022   Data           2  allcontrol.o(.data)
    I2C_FastMode                             0x2000006c   Data           1  i2c_soft.o(.data)
    Tx5Counter                               0x2000006d   Data           1  usart5.o(.data)
    count5                                   0x2000006e   Data           1  usart5.o(.data)
    PPM_Sample_Cnt                           0x20000070   Data           2  ppm.o(.data)
    PPM_Isr_Cnt                              0x20000072   Data           2  ppm.o(.data)
    Last_PPM_Time                            0x20000074   Data           4  ppm.o(.data)
    PPM_Time                                 0x20000078   Data           4  ppm.o(.data)
    PPM_Time_Delta                           0x2000007c   Data           4  ppm.o(.data)
    PPM_Time_Max                             0x20000080   Data           2  ppm.o(.data)
    PPM_Start_Time                           0x20000082   Data           2  ppm.o(.data)
    PPM_Finished_Time                        0x20000084   Data           2  ppm.o(.data)
    PPM_Is_Okay                              0x20000086   Data           2  ppm.o(.data)
    TIME_ISR_CNT                             0x20000088   Data           4  ppm.o(.data)
    sysTickUptime                            0x200000f4   Data           4  delay.o(.data)
    __microlib_freelist                      0x2000010c   Data           4  mvars.o(.data)
    __microlib_freelist_initialised          0x20000110   Data           4  mvars.o(.data)
    MPUData                                  0x20000118   Data          96  main.o(.bss)
    CompassData                              0x20000178   Data          44  main.o(.bss)
    xLED                                     0x200001a4   Data          12  main.o(.bss)
    xRemote                                  0x200001b0   Data          32  main.o(.bss)
    KalmanData                               0x200001d0   Data          96  main.o(.bss)
    PID_Roll_Angle                           0x20000230   Data          44  allcontrol.o(.bss)
    PID_Pitch_Angle                          0x2000025c   Data          44  allcontrol.o(.bss)
    PID_Yaw_Angle                            0x20000288   Data          44  allcontrol.o(.bss)
    PID_Roll_Rate                            0x200002b4   Data          44  allcontrol.o(.bss)
    PID_Pitch_Rate                           0x200002e0   Data          44  allcontrol.o(.bss)
    PID_Yaw_Rate                             0x2000030c   Data          44  allcontrol.o(.bss)
    Tx5Buffer                                0x20000380   Data         256  usart5.o(.bss)
    PPM_Databuf                              0x20000480   Data          20  ppm.o(.bss)
    uReceiveData                             0x20000910   Data          20  ano_dt.o(.bss)
    __heap_base                              0x20000950   Data           0  startup_stm32f40_41xxx.o(HEAP)
    __heap_limit                             0x20000b50   Data           0  startup_stm32f40_41xxx.o(HEAP)
    __initial_sp                             0x20000f50   Data           0  startup_stm32f40_41xxx.o(STACK)



==============================================================================

Memory Map of the image

  Image Entry point : 0x08000189

  Load Region LR_IROM1 (Base: 0x08000000, Size: 0x00006a48, Max: 0x00100000, ABSOLUTE)

    Execution Region ER_IROM1 (Base: 0x08000000, Size: 0x00006930, Max: 0x00100000, ABSOLUTE)

    Base Addr    Size         Type   Attr      Idx    E Section Name        Object

    0x08000000   0x00000188   Data   RO         6253    RESET               startup_stm32f40_41xxx.o
    0x08000188   0x00000000   Code   RO         6340  * .ARM.Collect$$$$00000000  mc_w.l(entry.o)
    0x08000188   0x00000004   Code   RO         6426    .ARM.Collect$$$$00000001  mc_w.l(entry2.o)
    0x0800018c   0x00000004   Code   RO         6429    .ARM.Collect$$$$00000004  mc_w.l(entry5.o)
    0x08000190   0x00000000   Code   RO         6431    .ARM.Collect$$$$00000008  mc_w.l(entry7b.o)
    0x08000190   0x00000000   Code   RO         6433    .ARM.Collect$$$$0000000A  mc_w.l(entry8b.o)
    0x08000190   0x00000008   Code   RO         6434    .ARM.Collect$$$$0000000B  mc_w.l(entry9a.o)
    0x08000198   0x00000000   Code   RO         6436    .ARM.Collect$$$$0000000D  mc_w.l(entry10a.o)
    0x08000198   0x00000000   Code   RO         6438    .ARM.Collect$$$$0000000F  mc_w.l(entry11a.o)
    0x08000198   0x00000004   Code   RO         6427    .ARM.Collect$$$$00002712  mc_w.l(entry2.o)
    0x0800019c   0x00000024   Code   RO         6254    .text               startup_stm32f40_41xxx.o
    0x080001c0   0x00000024   Code   RO         6343    .text               mc_w.l(memcpya.o)
    0x080001e4   0x00000024   Code   RO         6345    .text               mc_w.l(memseta.o)
    0x08000208   0x0000014e   Code   RO         6377    .text               mf_w.l(dadd.o)
    0x08000356   0x000000e4   Code   RO         6379    .text               mf_w.l(dmul.o)
    0x0800043a   0x0000001a   Code   RO         6381    .text               mf_w.l(dfltui.o)
    0x08000454   0x0000003e   Code   RO         6383    .text               mf_w.l(dfixi.o)
    0x08000492   0x00000026   Code   RO         6385    .text               mf_w.l(f2d.o)
    0x080004b8   0x00000030   Code   RO         6387    .text               mf_w.l(cdcmple.o)
    0x080004e8   0x00000030   Code   RO         6389    .text               mf_w.l(cdrcmple.o)
    0x08000518   0x00000038   Code   RO         6391    .text               mf_w.l(d2f.o)
    0x08000550   0x0000001e   Code   RO         6440    .text               mc_w.l(llshl.o)
    0x0800056e   0x00000020   Code   RO         6442    .text               mc_w.l(llushr.o)
    0x0800058e   0x00000024   Code   RO         6444    .text               mc_w.l(llsshr.o)
    0x080005b2   0x00000000   Code   RO         6455    .text               mc_w.l(iusefp.o)
    0x080005b2   0x0000006e   Code   RO         6456    .text               mf_w.l(fepilogue.o)
    0x08000620   0x000000ba   Code   RO         6458    .text               mf_w.l(depilogue.o)
    0x080006da   0x000000de   Code   RO         6460    .text               mf_w.l(ddiv.o)
    0x080007b8   0x000000a2   Code   RO         6464    .text               mf_w.l(dsqrt.o)
    0x0800085a   0x00000002   PAD
    0x0800085c   0x00000024   Code   RO         6466    .text               mc_w.l(init.o)
    0x08000880   0x00000022   Code   RO         6468    .text               mf_w.l(dflti.o)
    0x080008a2   0x00000014   Code   RO          663    i.AK8975_ByteWrite  ak8975.o
    0x080008b6   0x00000002   PAD
    0x080008b8   0x00000104   Code   RO          664    i.AK8975_GetGlobal0z  ak8975.o
    0x080009bc   0x00000094   Code   RO          666    i.AK8975_GetMagData  ak8975.o
    0x08000a50   0x0000003c   Code   RO          667    i.AK8975_Init       ak8975.o
    0x08000a8c   0x00000184   Code   RO          668    i.AK8975_MagXYCalibration  ak8975.o
    0x08000c10   0x000000b4   Code   RO          669    i.AK8975_MagZCalibration  ak8975.o
    0x08000cc4   0x00000014   Code   RO          670    i.AK8975_ReadByte   ak8975.o
    0x08000cd8   0x00000062   Code   RO          671    i.AK8975_ReadNByte  ak8975.o
    0x08000d3a   0x00000012   Code   RO          437    i.AT24C02_ByteWrite  at24c02.o
    0x08000d4c   0x00000016   Code   RO          438    i.AT24C02_NByteRandomRead  at24c02.o
    0x08000d62   0x00000016   Code   RO          440    i.AT24C02_PageWrite  at24c02.o
    0x08000d78   0x000001dc   Code   RO         1259    i.Angle2Quad        kalman.o
    0x08000f54   0x00000004   Code   RO          192    i.BusFault_Handler  stm32f4xx_it.o
    0x08000f58   0x00000044   Code   RO          672    i.Calculate2Hadj    ak8975.o
    0x08000f9c   0x00000028   Code   RO          990    i.DMA1_Stream6_IRQHandler  usart2.o
    0x08000fc4   0x00000094   Code   RO         1260    i.DataNormalization  kalman.o
    0x08001058   0x00000002   Code   RO          193    i.DebugMon_Handler  stm32f4xx_it.o
    0x0800105a   0x00000002   PAD
    0x0800105c   0x00000078   Code   RO         1411    i.Delay_Init        delay.o
    0x080010d4   0x0000001e   Code   RO          194    i.EXTI15_10_IRQHandler  stm32f4xx_it.o
    0x080010f2   0x00000002   PAD
    0x080010f4   0x0000000c   Code   RO         2770    i.EXTI_ClearITPendingBit  stm32f4xx_exti.o
    0x08001100   0x00000018   Code   RO         2774    i.EXTI_GetITStatus  stm32f4xx_exti.o
    0x08001118   0x00000094   Code   RO         2775    i.EXTI_Init         stm32f4xx_exti.o
    0x080011ac   0x00000078   Code   RO         1186    i.FindPos           filter.o
    0x08001224   0x00000090   Code   RO         3246    i.GPIO_Init         stm32f4xx_gpio.o
    0x080012b4   0x00000046   Code   RO         3247    i.GPIO_PinAFConfig  stm32f4xx_gpio.o
    0x080012fa   0x00000004   Code   RO         3254    i.GPIO_SetBits      stm32f4xx_gpio.o
    0x080012fe   0x00000012   Code   RO         3255    i.GPIO_StructInit   stm32f4xx_gpio.o
    0x08001310   0x00000044   Code   RO         1324    i.GetMatEye         hq_math.o
    0x08001354   0x00000218   Code   RO         1261    i.GetPoseA          kalman.o
    0x0800156c   0x000002d8   Code   RO         1262    i.GetPoseC          kalman.o
    0x08001844   0x0000003a   Code   RO         1263    i.GetPoseZ          kalman.o
    0x0800187e   0x00000004   Code   RO          195    i.HardFault_Handler  stm32f4xx_it.o
    0x08001882   0x00000002   PAD
    0x08001884   0x00000034   Code   RO          801    i.I2c_Soft_Ask      i2c_soft.o
    0x080018b8   0x00000034   Code   RO          802    i.I2c_Soft_Init     i2c_soft.o
    0x080018ec   0x00000034   Code   RO          803    i.I2c_Soft_NoAsk    i2c_soft.o
    0x08001920   0x00000060   Code   RO          804    i.I2c_Soft_ReadByte  i2c_soft.o
    0x08001980   0x00000054   Code   RO          805    i.I2c_Soft_SendByte  i2c_soft.o
    0x080019d4   0x00000058   Code   RO          806    i.I2c_Soft_Start    i2c_soft.o
    0x08001a2c   0x00000034   Code   RO          807    i.I2c_Soft_Stop     i2c_soft.o
    0x08001a60   0x00000058   Code   RO          808    i.I2c_Soft_WaitAsk  i2c_soft.o
    0x08001ab8   0x00000030   Code   RO          809    i.I2c_Soft_delay    i2c_soft.o
    0x08001ae8   0x0000004c   Code   RO          810    i.IIC_Read_1Byte    i2c_soft.o
    0x08001b34   0x0000007e   Code   RO          811    i.IIC_Read_nByte    i2c_soft.o
    0x08001bb2   0x0000003e   Code   RO          812    i.IIC_Write_1Byte   i2c_soft.o
    0x08001bf0   0x0000004e   Code   RO          813    i.IIC_Write_nByte   i2c_soft.o
    0x08001c3e   0x00000002   PAD
    0x08001c40   0x00000204   Code   RO         1264    i.Kalman            kalman.o
    0x08001e44   0x0000009c   Code   RO          527    i.MPU6050_AccFilter  mpu6050.o
    0x08001ee0   0x00000038   Code   RO          528    i.MPU6050_AccRawToMS2  mpu6050.o
    0x08001f18   0x00000014   Code   RO          529    i.MPU6050_ByteWrite  mpu6050.o
    0x08001f2c   0x0000012c   Code   RO          530    i.MPU6050_Calibration  mpu6050.o
    0x08002058   0x000000f4   Code   RO          532    i.MPU6050_GetGyroAccData  mpu6050.o
    0x0800214c   0x000000c4   Code   RO          533    i.MPU6050_GyroFilter  mpu6050.o
    0x08002210   0x00000038   Code   RO          534    i.MPU6050_GyroRawToRadian  mpu6050.o
    0x08002248   0x0000002c   Code   RO          535    i.MPU6050_Init      mpu6050.o
    0x08002274   0x0000001e   Code   RO          536    i.MPU6050_RawDataHandle  mpu6050.o
    0x08002292   0x0000001c   Code   RO          538    i.MPU6050_ReadNByte  mpu6050.o
    0x080022ae   0x0000003c   Code   RO         1326    i.MatCopy           hq_math.o
    0x080022ea   0x00000002   PAD
    0x080022ec   0x000002c8   Code   RO         1327    i.MatInv            hq_math.o
    0x080025b4   0x0000004e   Code   RO         1328    i.MatMinus          hq_math.o
    0x08002602   0x00000002   PAD
    0x08002604   0x0000007c   Code   RO         1329    i.MatMulti          hq_math.o
    0x08002680   0x00000058   Code   RO         1330    i.MatMultiVector    hq_math.o
    0x080026d8   0x0000004e   Code   RO         1331    i.MatPlus           hq_math.o
    0x08002726   0x0000006a   Code   RO         1332    i.MatSwapCol        hq_math.o
    0x08002790   0x0000006a   Code   RO         1333    i.MatSwapRow        hq_math.o
    0x080027fa   0x00000034   Code   RO         1334    i.MatTranspose      hq_math.o
    0x0800282e   0x00000002   PAD
    0x08002830   0x00000478   Code   RO         1265    i.MeasureAngle      kalman.o
    0x08002ca8   0x00000004   Code   RO          196    i.MemManage_Handler  stm32f4xx_it.o
    0x08002cac   0x00000002   Code   RO          197    i.NMI_Handler       stm32f4xx_it.o
    0x08002cae   0x00000002   PAD
    0x08002cb0   0x00000078   Code   RO         1523    i.NVIC_Init         misc.o
    0x08002d28   0x00000002   Code   RO          198    i.PendSV_Handler    stm32f4xx_it.o
    0x08002d2a   0x00000034   Code   RO         1188    i.QuiteSort         filter.o
    0x08002d5e   0x0000003e   Code   RO            3    i.RCCConfig         main.o
    0x08002d9c   0x00000020   Code   RO         4110    i.RCC_AHB1PeriphClockCmd  stm32f4xx_rcc.o
    0x08002dbc   0x00000020   Code   RO         4119    i.RCC_APB1PeriphClockCmd  stm32f4xx_rcc.o
    0x08002ddc   0x00000020   Code   RO         4122    i.RCC_APB2PeriphClockCmd  stm32f4xx_rcc.o
    0x08002dfc   0x000000e8   Code   RO         4131    i.RCC_GetClocksFreq  stm32f4xx_rcc.o
    0x08002ee4   0x00000018   Code   RO         4135    i.RCC_HCLKConfig    stm32f4xx_rcc.o
    0x08002efc   0x00000010   Code   RO         4136    i.RCC_HSEConfig     stm32f4xx_rcc.o
    0x08002f0c   0x00000018   Code   RO         4146    i.RCC_PCLK1Config   stm32f4xx_rcc.o
    0x08002f24   0x00000018   Code   RO         4147    i.RCC_PCLK2Config   stm32f4xx_rcc.o
    0x08002f3c   0x0000000c   Code   RO         4148    i.RCC_PLLCmd        stm32f4xx_rcc.o
    0x08002f48   0x00000024   Code   RO         4149    i.RCC_PLLConfig     stm32f4xx_rcc.o
    0x08002f6c   0x00000018   Code   RO         4160    i.RCC_SYSCLKConfig  stm32f4xx_rcc.o
    0x08002f84   0x00000002   Code   RO          199    i.SVC_Handler       stm32f4xx_it.o
    0x08002f86   0x00000002   PAD
    0x08002f88   0x00000040   Code   RO         5388    i.SYSCFG_EXTILineConfig  stm32f4xx_syscfg.o
    0x08002fc8   0x000000ec   Code   RO          286    i.SetSysClock       system_stm32f4xx.o
    0x080030b4   0x0000013c   Code   RO         1191    i.SortAver_FilterXYZ  filter.o
    0x080031f0   0x00000020   Code   RO          200    i.SysTick_Handler   stm32f4xx_it.o
    0x08003210   0x00000068   Code   RO          288    i.SystemInit        system_stm32f4xx.o
    0x08003278   0x00000024   Code   RO          201    i.TIM2_IRQHandler   stm32f4xx_it.o
    0x0800329c   0x00000018   Code   RO         5445    i.TIM_ARRPreloadConfig  stm32f4xx_tim.o
    0x080032b4   0x00000006   Code   RO         5452    i.TIM_ClearITPendingBit  stm32f4xx_tim.o
    0x080032ba   0x00000018   Code   RO         5457    i.TIM_Cmd           stm32f4xx_tim.o
    0x080032d2   0x0000001e   Code   RO         5459    i.TIM_CtrlPWMOutputs  stm32f4xx_tim.o
    0x080032f0   0x00000022   Code   RO         5478    i.TIM_GetITStatus   stm32f4xx_tim.o
    0x08003312   0x00000012   Code   RO         5482    i.TIM_ITConfig      stm32f4xx_tim.o
    0x08003324   0x0000007c   Code   RO         5486    i.TIM_OC1Init       stm32f4xx_tim.o
    0x080033a0   0x00000012   Code   RO         5489    i.TIM_OC1PreloadConfig  stm32f4xx_tim.o
    0x080033b2   0x00000002   PAD
    0x080033b4   0x000000a4   Code   RO         5491    i.TIM_OC2Init       stm32f4xx_tim.o
    0x08003458   0x0000001a   Code   RO         5494    i.TIM_OC2PreloadConfig  stm32f4xx_tim.o
    0x08003472   0x00000002   PAD
    0x08003474   0x000000a0   Code   RO         5496    i.TIM_OC3Init       stm32f4xx_tim.o
    0x08003514   0x00000012   Code   RO         5499    i.TIM_OC3PreloadConfig  stm32f4xx_tim.o
    0x08003526   0x00000002   PAD
    0x08003528   0x00000078   Code   RO         5501    i.TIM_OC4Init       stm32f4xx_tim.o
    0x080035a0   0x0000001a   Code   RO         5503    i.TIM_OC4PreloadConfig  stm32f4xx_tim.o
    0x080035ba   0x00000014   Code   RO         5504    i.TIM_OCStructInit  stm32f4xx_tim.o
    0x080035ce   0x00000002   PAD
    0x080035d0   0x00000084   Code   RO         5529    i.TIM_TimeBaseInit  stm32f4xx_tim.o
    0x08003654   0x00000012   Code   RO         5530    i.TIM_TimeBaseStructInit  stm32f4xx_tim.o
    0x08003666   0x00000002   PAD
    0x08003668   0x00000068   Code   RO         1074    i.UART5_IRQHandler  usart5.o
    0x080036d0   0x00000030   Code   RO          202    i.USART1_IRQHandler  stm32f4xx_it.o
    0x08003700   0x0000002c   Code   RO          948    i.USART1_Send       usart1.o
    0x0800372c   0x000000ac   Code   RO          949    i.USART1_init       usart1.o
    0x080037d8   0x00000014   Code   RO         1022    i.USART3_IRQHandler  usart3.o
    0x080037ec   0x0000001e   Code   RO         6004    i.USART_ClearITPendingBit  stm32f4xx_usart.o
    0x0800380a   0x00000018   Code   RO         6007    i.USART_Cmd         stm32f4xx_usart.o
    0x08003822   0x00000054   Code   RO         6011    i.USART_GetITStatus  stm32f4xx_usart.o
    0x08003876   0x0000004a   Code   RO         6013    i.USART_ITConfig    stm32f4xx_usart.o
    0x080038c0   0x000000d4   Code   RO         6014    i.USART_Init        stm32f4xx_usart.o
    0x08003994   0x0000000a   Code   RO         6021    i.USART_ReceiveData  stm32f4xx_usart.o
    0x0800399e   0x00000004   Code   RO          203    i.UsageFault_Handler  stm32f4xx_it.o
    0x080039a2   0x00000030   Code   RO         6410    i.__ARM_fpclassify  m_wm.l(fpclassify.o)
    0x080039d2   0x00000006   PAD
    0x080039d8   0x00000360   Code   RO         6258    i.__hardfp_asin     m_wm.l(asin.o)
    0x08003d38   0x000002d8   Code   RO         6272    i.__hardfp_atan     m_wm.l(atan.o)
    0x08004010   0x000001f0   Code   RO         6286    i.__hardfp_atan2    m_wm.l(atan2.o)
    0x08004200   0x000000c8   Code   RO         6298    i.__hardfp_cos      m_wm.l(cos.o)
    0x080042c8   0x00000014   Code   RO         6310    i.__hardfp_fabs     m_wm.l(fabs.o)
    0x080042dc   0x00000004   PAD
    0x080042e0   0x000000c8   Code   RO         6316    i.__hardfp_sin      m_wm.l(sin.o)
    0x080043a8   0x0000007a   Code   RO         6328    i.__hardfp_sqrt     m_wm.l(sqrt.o)
    0x08004422   0x00000006   PAD
    0x08004428   0x00000438   Code   RO         6415    i.__ieee754_rem_pio2  m_wm.l(rred.o)
    0x08004860   0x00000170   Code   RO         6393    i.__kernel_cos      m_wm.l(cos_i.o)
    0x080049d0   0x000000f8   Code   RO         6412    i.__kernel_poly     m_wm.l(poly.o)
    0x08004ac8   0x00000130   Code   RO         6420    i.__kernel_sin      m_wm.l(sin_i.o)
    0x08004bf8   0x00000014   Code   RO         6397    i.__mathlib_dbl_infnan  m_wm.l(dunder.o)
    0x08004c0c   0x00000014   Code   RO         6398    i.__mathlib_dbl_infnan2  m_wm.l(dunder.o)
    0x08004c20   0x00000020   Code   RO         6399    i.__mathlib_dbl_invalid  m_wm.l(dunder.o)
    0x08004c40   0x00000020   Code   RO         6402    i.__mathlib_dbl_underflow  m_wm.l(dunder.o)
    0x08004c60   0x0000000e   Code   RO         6472    i.__scatterload_copy  mc_w.l(handlers.o)
    0x08004c6e   0x00000002   Code   RO         6473    i.__scatterload_null  mc_w.l(handlers.o)
    0x08004c70   0x0000000e   Code   RO         6474    i.__scatterload_zeroinit  mc_w.l(handlers.o)
    0x08004c7e   0x00000002   PAD
    0x08004c80   0x0000000c   Code   RO         6450    i.__set_errno       mc_w.l(errno.o)
    0x08004c8c   0x00000010   Code   RO         6274    i.atan              m_wm.l(atan.o)
    0x08004c9c   0x0000001a   Code   RO         1413    i.delay_ms          delay.o
    0x08004cb6   0x00000018   Code   RO         6312    i.fabs              m_wm.l(fabs.o)
    0x08004cce   0x00000002   PAD
    0x08004cd0   0x00000050   Code   RO         6349    i.free              mc_w.l(malloc.o)
    0x08004d20   0x00000038   Code   RO            4    i.main              main.o
    0x08004d58   0x0000006c   Code   RO         6350    i.malloc            mc_w.l(malloc.o)
    0x08004dc4   0x0000000c   Code   RO         1416    i.millis            delay.o
    0x08004dd0   0x0000006e   Code   RO         6330    i.sqrt              m_wm.l(sqrt.o)
    0x08004e3e   0x00000002   PAD
    0x08004e40   0x00000034   Code   RO          323    i.vAllInit          allcontrol.o
    0x08004e74   0x0000026c   Code   RO          324    i.vDroneCalibration  allcontrol.o
    0x080050e0   0x000001e4   Code   RO          325    i.vDroneControl     allcontrol.o
    0x080052c4   0x00000088   Code   RO          326    i.vDroneLock        allcontrol.o
    0x0800534c   0x000001a8   Code   RO          327    i.vDroneReadCalData  allcontrol.o
    0x080054f4   0x00000118   Code   RO          328    i.vDroneSatetyCheck  allcontrol.o
    0x0800560c   0x000000ec   Code   RO          329    i.vDroneunLock      allcontrol.o
    0x080056f8   0x00000072   Code   RO          330    i.vIMUCalculation   allcontrol.o
    0x0800576a   0x00000002   PAD
    0x0800576c   0x00000088   Code   RO          490    i.vLEDDisplay       led.o
    0x080057f4   0x00000050   Code   RO          491    i.vLEDInit          led.o
    0x08005844   0x0000013c   Code   RO          631    i.vMotorInit        motor.o
    0x08005980   0x00000010   Code   RO          632    i.vMotorLock        motor.o
    0x08005990   0x00000040   Code   RO          633    i.vMotorPWMSet      motor.o
    0x080059d0   0x000000e2   Code   RO         1163    i.vPIDCalculate     pid.o
    0x08005ab2   0x00000002   PAD
    0x08005ab4   0x00000190   Code   RO          331    i.vPIDParaInit      allcontrol.o
    0x08005c44   0x00000104   Code   RO         1130    i.vPPMCallback      ppm.o
    0x08005d48   0x00000084   Code   RO         1131    i.vPPMInit          ppm.o
    0x08005dcc   0x000001a4   Code   RO         1266    i.vQuadToEuler      kalman.o
    0x08005f70   0x00000028   Code   RO         1470    i.vReceiveData      ano_dt.o
    0x08005f98   0x00000180   Code   RO          611    i.vRemoteDataHandle  remote.o
    0x08006118   0x00000350   Code   RO         1471    i.vSendDataPolling  ano_dt.o
    0x08006468   0x00000010   Code   RO         1472    i.vSendDataPort     ano_dt.o
    0x08006478   0x00000078   Code   RO         1473    i.vSendOneFrame     ano_dt.o
    0x080064f0   0x00000098   Code   RO          492    i.vSetLEDColor      led.o
    0x08006588   0x000000e0   Code   RO          493    i.vSetLEDToggle     led.o
    0x08006668   0x00000056   Code   RO          928    i.vTIM2Init         tim.o
    0x080066be   0x00000002   PAD
    0x080066c0   0x00000040   Data   RO         1268    .constdata          kalman.o
    0x08006700   0x00000050   Data   RO         6261    .constdata          m_wm.l(asin.o)
    0x08006750   0x00000098   Data   RO         6275    .constdata          m_wm.l(atan.o)
    0x080067e8   0x00000030   Data   RO         6394    .constdata          m_wm.l(cos_i.o)
    0x08006818   0x00000008   Data   RO         6414    .constdata          m_wm.l(qnan.o)
    0x08006820   0x000000c8   Data   RO         6417    .constdata          m_wm.l(rred.o)
    0x080068e8   0x00000028   Data   RO         6421    .constdata          m_wm.l(sin_i.o)
    0x08006910   0x00000020   Data   RO         6470    Region$$Table       anon$$obj.o


    Execution Region RW_IRAM1 (Base: 0x20000000, Size: 0x00000f50, Max: 0x00020000, ABSOLUTE)

    Base Addr    Size         Type   Attr      Idx    E Section Name        Object

    0x20000000   0x00000006   Data   RW            6    .data               main.o
    0x20000006   0x00000002   PAD
    0x20000008   0x00000014   Data   RW          289    .data               system_stm32f4xx.o
    0x2000001c   0x0000000c   Data   RW          333    .data               allcontrol.o
    0x20000028   0x00000001   Data   RW          494    .data               led.o
    0x20000029   0x00000003   PAD
    0x2000002c   0x00000014   Data   RW          540    .data               mpu6050.o
    0x20000040   0x0000002c   Data   RW          674    .data               ak8975.o
    0x2000006c   0x00000001   Data   RW          814    .data               i2c_soft.o
    0x2000006d   0x00000002   Data   RW         1078    .data               usart5.o
    0x2000006f   0x00000001   PAD
    0x20000070   0x0000001c   Data   RW         1133    .data               ppm.o
    0x2000008c   0x0000000c   Data   RW         1194    .data               filter.o
    0x20000098   0x00000058   Data   RW         1269    .data               kalman.o
    0x200000f0   0x00000008   Data   RW         1417    .data               delay.o
    0x200000f8   0x00000002   Data   RW         1475    .data               ano_dt.o
    0x200000fa   0x00000010   Data   RW         4163    .data               stm32f4xx_rcc.o
    0x2000010a   0x00000002   PAD
    0x2000010c   0x00000004   Data   RW         6446    .data               mc_w.l(mvars.o)
    0x20000110   0x00000004   Data   RW         6447    .data               mc_w.l(mvars.o)
    0x20000114   0x00000004   Data   RW         6451    .data               mc_w.l(errno.o)
    0x20000118   0x00000118   Zero   RW            5    .bss                main.o
    0x20000230   0x00000114   Zero   RW          332    .bss                allcontrol.o
    0x20000344   0x00000030   Zero   RW          539    .bss                mpu6050.o
    0x20000374   0x0000000c   Zero   RW          673    .bss                ak8975.o
    0x20000380   0x00000100   Zero   RW         1077    .bss                usart5.o
    0x20000480   0x00000024   Zero   RW         1132    .bss                ppm.o
    0x200004a4   0x00000320   Zero   RW         1193    .bss                filter.o
    0x200007c4   0x0000014c   Zero   RW         1267    .bss                kalman.o
    0x20000910   0x00000040   Zero   RW         1474    .bss                ano_dt.o
    0x20000950   0x00000200   Zero   RW         6252    HEAP                startup_stm32f40_41xxx.o
    0x20000b50   0x00000400   Zero   RW         6251    STACK               startup_stm32f40_41xxx.o


==============================================================================

Image component sizes


      Code (inc. data)   RO Data    RW Data    ZI Data      Debug   Object Name

      1242         88          0         44         12       6754   ak8975.o
      2746        282          0         12        276     239952   allcontrol.o
      1024         74          0          2         64       5210   ano_dt.o
        62          0          0          0          0       2178   at24c02.o
       158         26          0          8          0      28680   delay.o
       488         24          0         12        800       6086   filter.o
      1472         28          0          0          0       8465   hq_math.o
       954         44          0          1          0       8610   i2c_soft.o
      4026        144         64         88        332       6969   kalman.o
       592         42          0          1          0       3209   led.o
       118          6          0          6        280     295505   main.o
       120         14          0          0          0       1112   misc.o
       396         18          0          0          0       1889   motor.o
      1130         52          0         20         48       7006   mpu6050.o
       226          0          0          0          0        932   pid.o
       392         42          0         28         36       2236   ppm.o
       384         30          0          0          0       1244   remote.o
        36          8        392          0       1536        880   startup_stm32f40_41xxx.o
       184         16          0          0          0       2284   stm32f4xx_exti.o
       236          0          0          0          0       3092   stm32f4xx_gpio.o
       170         20          0          0          0       5451   stm32f4xx_it.o
       488         74          0         16          0       9144   stm32f4xx_rcc.o
        64          4          0          0          0        692   stm32f4xx_syscfg.o
       962         66          0          0          0      12018   stm32f4xx_tim.o
       434          8          0          0          0       5224   stm32f4xx_usart.o
       340         32          0         20          0       1701   system_stm32f4xx.o
        86          0          0          0          0        656   tim.o
       216         14          0          0          0       1336   usart1.o
        40          8          0          0          0        474   usart2.o
        20          6          0          0          0        472   usart3.o
       104         16          0          2        256       1109   usart5.o

    ----------------------------------------------------------------------
     18946       1186        488        268       3640     670570   Object Totals
         0          0         32          0          0          0   (incl. Generated)
        36          0          0          8          0          0   (incl. Padding)

    ----------------------------------------------------------------------

      Code (inc. data)   RO Data    RW Data    ZI Data      Debug   Library Member Name

       864         94         80          0          0        280   asin.o
       744        106        152          0          0        352   atan.o
       496         64          0          0          0        192   atan2.o
       200         20          0          0          0        164   cos.o
       368         46         48          0          0        200   cos_i.o
       104         16          0          0          0        496   dunder.o
        44          0          0          0          0        248   fabs.o
        48          0          0          0          0        124   fpclassify.o
       248          0          0          0          0        152   poly.o
         0          0          8          0          0          0   qnan.o
      1080        142        200          0          0        188   rred.o
       200         20          0          0          0        164   sin.o
       304         24         40          0          0        208   sin_i.o
       232          0          0          0          0        296   sqrt.o
         0          0          0          0          0          0   entry.o
         0          0          0          0          0          0   entry10a.o
         0          0          0          0          0          0   entry11a.o
         8          4          0          0          0          0   entry2.o
         4          0          0          0          0          0   entry5.o
         0          0          0          0          0          0   entry7b.o
         0          0          0          0          0          0   entry8b.o
         8          4          0          0          0          0   entry9a.o
        12          6          0          4          0         68   errno.o
        30          0          0          0          0          0   handlers.o
        36          8          0          0          0         68   init.o
         0          0          0          0          0          0   iusefp.o
        30          0          0          0          0         68   llshl.o
        36          0          0          0          0         68   llsshr.o
        32          0          0          0          0         68   llushr.o
       188         20          0          0          0        160   malloc.o
        36          0          0          0          0         68   memcpya.o
        36          0          0          0          0        108   memseta.o
         0          0          0          8          0          0   mvars.o
        48          0          0          0          0         68   cdcmple.o
        48          0          0          0          0         68   cdrcmple.o
        56          0          0          0          0         88   d2f.o
       334          0          0          0          0        148   dadd.o
       222          0          0          0          0        100   ddiv.o
       186          0          0          0          0        176   depilogue.o
        62          0          0          0          0         80   dfixi.o
        34          0          0          0          0         76   dflti.o
        26          0          0          0          0         76   dfltui.o
       228          0          0          0          0         96   dmul.o
       162          0          0          0          0        100   dsqrt.o
        38          0          0          0          0         68   f2d.o
       110          0          0          0          0        168   fepilogue.o

    ----------------------------------------------------------------------
      6966        574        528         12          0       5052   Library Totals
        24          0          0          0          0          0   (incl. Padding)

    ----------------------------------------------------------------------

      Code (inc. data)   RO Data    RW Data    ZI Data      Debug   Library Name

      4932        532        528          0          0       3064   m_wm.l
       456         42          0         12          0        676   mc_w.l
      1554          0          0          0          0       1312   mf_w.l

    ----------------------------------------------------------------------
      6966        574        528         12          0       5052   Library Totals

    ----------------------------------------------------------------------

==============================================================================


      Code (inc. data)   RO Data    RW Data    ZI Data      Debug   

     25912       1760       1016        280       3640     659038   Grand Totals
     25912       1760       1016        280       3640     659038   ELF Image Totals
     25912       1760       1016        280          0          0   ROM Totals

==============================================================================

    Total RO  Size (Code + RO Data)                26928 (  26.30kB)
    Total RW  Size (RW Data + ZI Data)              3920 (   3.83kB)
    Total ROM Size (Code + RO Data + RW Data)      27208 (  26.57kB)

==============================================================================

